
  [37;44m INFO [39;49m Configuration cache cleared successfully.  


   PASS  Tests\Unit\ExampleTest
  ✓ that true is true                                                                                            0.01s  

   PASS  Tests\Unit\UserNameAttributeTest
  ✓ a null name does not overwrite the supplied first name                                                       0.02s  

   FAIL  Tests\Feature\Api\Admin\ActivityLogViewerTest
  ⨯ admin can filter activity logs by actor action and date range

   FAIL  Tests\Feature\Api\Admin\AdminFeatureEndpointsTest
  ⨯ core admin feature endpoints are available

   FAIL  Tests\Feature\Api\Admin\PromotionCouponCrudTest
  ⨯ admin promotions manage storefront coupons

   FAIL  Tests\Feature\Api\Admin\SoldProductsReportTest
  ⨯ admin can fetch sold products report with chart-ready aggregation

   FAIL  Tests\Feature\Api\Admin\StockManagementTest
  ⨯ admin can list tracked stock products with search and low stock filter
  ⨯ admin can fetch stock alerts
  ⨯ admin can fetch stock item details and movements by id and uuid
  ⨯ admin can perform positive and negative stock adjustments and prevent negative stock

   FAIL  Tests\Feature\Api\Admin\V1\AuthPermissionsPayloadTest
  ⨯ login returns the caller permissions
  ⨯ auth/me returns the caller permissions
  ⨯ auth/me scopes permissions to the caller role

   FAIL  Tests\Feature\Api\Admin\V1\BannerOrderingTest
  ⨯ the banner list comes back in carousel order, not by recency
  ⨯ banners with the same sort order fall back to a stable id tiebreak
  ⨯ a sort_order-only update leaves every other column alone
  ⨯ reordering requires banners.update

   FAIL  Tests\Feature\Api\Admin\V1\ContentPaginationTest
  ⨯ the content list is paged and reports pagination metadata
  ⨯ per_page is clamped to a sane maximum
  ⨯ the type and status filters keep the two screens apart
  ⨯ news rows carry the category and cover image through the API

   FAIL  Tests\Feature\Api\Admin\V1\CustomerManagementTest
  ⨯ index lists shoppers with their completed-order totals and hides admins
  ⨯ search matches a name regardless of case
  ⨯ store creates a shopper with an address and the vip badge
  ⨯ an admin form address replaces the structured one so it reads back verbatim
  ⨯ setting a customer inactive deactivates without banning and drops the vip badge
  ⨯ a banned customer still reads as inactive
  ⨯ destroy soft-deletes the shopper
  ⨯ admin accounts are not reachable through the customer endpoints
  ⨯ writing customers requires the matching permission
  ⨯ email and phone must stay unique across customers
  ⨯ a blank phone is stored as null so two customers can both omit it

   FAIL  Tests\Feature\Api\Admin\V1\PermissionManagementTest
  ⨯ admin with permissions.view can list permissions
  ⨯ admin can create a permission
  ⨯ permission name uniqueness is enforced
  ⨯ admin can update a permission name
  ⨯ admin can soft-delete a permission
  ⨯ invalid permission name format is rejected
  ⨯ non-existent permission returns 404 on update

   FAIL  Tests\Feature\Api\Admin\V1\ProductImageGalleryTest
  ⨯ show returns the gallery in sort order
  ⨯ an absolute image url is passed through rather than resolved against the disk
  ⨯ store persists a nested gallery and derives the thumbnail from the primary image
  ⨯ store promotes the first image when the client marks none as primary
  ⨯ an explicit thumbnail wins over the primary image
  ⨯ update replaces the whole gallery and leaves no orphan rows behind
  ⨯ omitting the images key leaves the existing gallery untouched
  ⨯ sending an empty images array clears the gallery
  ⨯ two primary images are rejected rather than resolved by row order
  ⨯ an unknown image type is rejected
  ⨯ the product list stays light and does not ship galleries

   FAIL  Tests\Feature\Api\Admin\V1\ProductPromotionsTest
  ⨯ store attaches the submitted promotions
  ⨯ update replaces the applied promotions
  ⨯ an empty promotion_ids array detaches every promotion
  ⨯ omitting promotion_ids leaves the applied promotions alone
  ⨯ show returns the applied promotions with their labels
  ⨯ a duplicate id in the payload attaches the promotion once
  ⨯ an unknown promotion id is rejected
  ⨯ a soft-deleted promotion is rejected and stops being returned
  ⨯ deleting a product removes its pivot rows

   FAIL  Tests\Feature\Api\Admin\V1\RoleManagementTest
  ⨯ admin with roles.view can list roles
  ⨯ admin can create a role with permissions
  ⨯ role name uniqueness is enforced within api guard
  ⨯ platform roles cannot be deleted
  ⨯ admin can sync role permissions
  ⨯ invalid role name format is rejected
  ⨯ permission seeder is idempotent and retains existing role grants

   FAIL  Tests\Feature\Api\Admin\V1\UserManagementTest
  ⨯ admin with users.view can list users
  ⨯ admin without users.view cannot list users
  ⨯ admin can create a user with a role
  ⨯ email uniqueness is enforced
  ⨯ admin cannot delete themselves
  ⨯ User::countActiveSuperAdminsExcept returns zero when only one remains
  ⨯ user-management controller blocks delete when target is the last super-admin
  ⨯ admin can assign and revoke roles
  ⨯ soft-deleted user has their admin tokens revoked
  ⨯ admin cannot disable their own is_admin flag
  ⨯ super-admin can reset an administrator password and revoke their tokens
  ⨯ non-super-admin cannot reset an administrator password

   FAIL  Tests\Feature\Api\Client\V1\AbaPayWayTest
  ⨯ purchase creates payment record
  ⨯ purchase is idempotent
  ⨯ callback marks payment as paid
  ⨯ callback marks payment as failed
  ⨯ callback rejects invalid signature
  ⨯ callback is idempotent
  ⨯ check requires authorization

   FAIL  Tests\Feature\Api\Client\V1\AuthTest
  ⨯ register with email
  ⨯ register with phone
  ⨯ register requires email or phone
  ⨯ register rejects duplicate email
  ⨯ register rejects duplicate phone
  ⨯ register password must be confirmed
  ⨯ login with valid credentials
  ⨯ login rejects invalid password
  ⨯ login rejects nonexistent email
  ⨯ logout revokes token
  ⨯ logout requires authentication
  ⨯ refresh token
  ⨯ refresh rejects expired token
  ⨯ change password success
  ⨯ change password requires correct current password
  ⨯ change password must be confirmed
  ⨯ change password must differ from current
  ⨯ change password requires authentication

   FAIL  Tests\Feature\Api\Client\V1\BrandTest
  ⨯ list brands success
  ⨯ list brands excludes inactive
  ⨯ get brand detail
  ⨯ get brand by slug
  ⨯ get inactive brand returns not found
  ⨯ get nonexistent brand returns not found

   FAIL  Tests\Feature\Api\Client\V1\CartTest
  ⨯ get cart success
  ⨯ create or update cart
  ⨯ add item to cart
  ⨯ add item requires valid product
  ⨯ add item requires quantity
  ⨯ update cart item
  ⨯ update cart item invalid quantity
  ⨯ remove item from cart
  ⨯ cart endpoints require authentication
  ⨯ remove nonexistent item

   FAIL  Tests\Feature\Api\Client\V1\CategoryTest
  ⨯ list categories success
  ⨯ list categories excludes inactive
  ⨯ get category detail
  ⨯ get category by slug
  ⨯ get inactive category returns not found
  ⨯ get nonexistent category returns not found

   FAIL  Tests\Feature\Api\Client\V1\CouponTest
  ⨯ apply percentage coupon
  ⨯ apply fixed discount coupon
  ⨯ apply coupon requires minimum order
  ⨯ apply invalid coupon
  ⨯ apply expired coupon
  ⨯ apply inactive coupon
  ⨯ apply exhausted coupon
  ⨯ apply coupon requires authentication
  ⨯ apply coupon to invalid cart

   FAIL  Tests\Feature\Api\Client\V1\MasterDataTest
  ⨯ get master categories
  ⨯ get master brands
  ⨯ get master shipping methods
  ⨯ master data excludes inactive

   FAIL  Tests\Feature\Api\Client\V1\OrderTest
  ⨯ get order history success
  ⨯ get order history pagination
  ⨯ get order history only shows user orders
  ⨯ get order history ordered by most recent
  ⨯ get order detail success
  ⨯ get order detail forbidden for other user
  ⨯ get order history requires authentication
  ⨯ get order detail requires authentication
  ⨯ create order from cart
  ⨯ create order requires cart items
  ⨯ create order forbidden for other user cart
  ⨯ create order requires authentication

   FAIL  Tests\Feature\Api\Client\V1\ProductDetailTest
  ⨯ the product detail resolves by product id and omits the uuid
  ⨯ product detail exposes the active image gallery in display order
  ⨯ product detail returns only the active variants
  ⨯ product detail does not leak the internal cost price
  ⨯ inactive products are not served by the client product detail endpoint
  ⨯ viewing a product detail increments its view counter once
  ⨯ the products list endpoint stays light and keeps working

   FAIL  Tests\Feature\Api\Client\V1\ProductVariantTest
  ⨯ get product variants success
  ⨯ get product variants excludes inactive
  ⨯ get variants returns not found for inactive product
  ⨯ get variants for nonexistent product

   FAIL  Tests\Feature\Api\Client\V1\ProductsTest
  ⨯ list products success
  ⨯ list products excludes inactive
  ⨯ list products by category
  ⨯ list products by brand
  ⨯ list products pagination
  ⨯ get product detail
  ⨯ get product by uuid
  ⨯ get product includes images
  ⨯ get product excludes cost price
  ⨯ get inactive product returns not found
  ⨯ get nonexistent product returns not found
  ⨯ product detail increments view count

   FAIL  Tests\Feature\Api\Client\V1\ProfileTest
  ⨯ get profile success
  ⨯ get profile with avatar
  ⨯ get profile requires authentication
  ⨯ upload profile image success
  ⨯ upload profile image replaces old image
  ⨯ upload profile image accepts png
  ⨯ upload profile image accepts gif
  ⨯ upload profile image rejects non image
  ⨯ upload profile image rejects oversized file
  ⨯ upload profile image requires image
  ⨯ upload profile image requires authentication

   FAIL  Tests\Feature\Api\Client\V1\PromotionsTest
  ⨯ client promotions only lists active, in-window, not-exhausted coupons
  ⨯ the promotion payload carries display fields and hides the redemption ledger
  ⨯ promotions with no usage cap report a null usage_remaining

   FAIL  Tests\Feature\Api\Client\V1\ShippingMethodTest
  ⨯ list shipping methods success
  ⨯ list shipping methods excludes inactive
  ⨯ list shipping methods ordered by sort order
  ⨯ master data shipping methods

   FAIL  Tests\Feature\Api\Client\V1\SlidesTest
  ⨯ client slides come back in carousel order, not insertion order
  ⨯ inactive, not-yet-started and expired slides are hidden from clients
  ⨯ the position query narrows the slides returned
  ⨯ a slide composes the cover image and meta frames into one ordered images array

   FAIL  Tests\Feature\Api\Client\V1\WishlistTest
  ⨯ get wishlist success
  ⨯ create or update wishlist
  ⨯ add item to wishlist
  ⨯ add item requires valid product
  ⨯ remove item from wishlist
  ⨯ check product in wishlist
  ⨯ check product not in wishlist
  ⨯ delete wishlist
  ⨯ wishlist endpoints require authentication
  ⨯ remove nonexistent item

   FAIL  Tests\Feature\AuthenticationMiddlewareTest
  ⨯ a valid client JWT resolves its user through api_tokens
  ⨯ new client and admin tokens expire after sixty days
  ⨯ client JWT middleware rejects missing invalid and expired tokens
  ⨯ public health endpoint does not require a JWT
  ⨯ admin routes distinguish missing tokens from missing permissions

   PASS  Tests\Feature\ExampleTest
  ✓ the application returns a successful response                                                                0.05s  

   PASS  Tests\Feature\HealthTest
  ✓ the health endpoint responds successfully                                                                    0.02s  
  ✓ scramble docs are public when enabled in production                                                          0.02s  
  ✓ scramble docs stay public by default when the env flag is not set                                            0.01s  

   FAIL  Tests\Feature\MediaControllerTest
  ⨯ admin can upload media to Cloudinary
  ⨯ upload signature matches the scheme Cloudinary verifies
  ⨯ delete signature matches the scheme Cloudinary verifies
  ⨯ media listing authenticates against the Cloudinary admin API

   FAIL  Tests\Feature\OrderCouponCaptureTest
  ⨯ applying a coupon persists it on the cart and checkout stamps it onto the order
  ⨯ admin order detail returns the coupon block
  ⨯ orders without a coupon expose a null coupon block

   FAIL  Tests\Feature\StockServiceTest
  ⨯ stock movements update inventory and create audit history
  ────────────────────────────────────────────────────────────────────────────────────────────────────────────────────  
   FAILED  Tests\Feature\Api\Admin\ActivityLogViewerTest > admin can filter activity logs by actor a…  QueryException   
  SQLSTATE[HY000]: General error: 1 unrecognized token: ""products"")" (Connection: sqlite, Database: :memory:, SQL: pragma index_list("products""))

  at vendor\laravel\framework\src\Illuminate\Database\Connection.php:420
    416▕             // For select statements, we'll simply execute the query and return an array
    417▕             // of the database result set. Each element in the array will be a single
    418▕             // row from the database table, and will either be an array or objects.
    419▕             $statement = $this->prepared(
  ➜ 420▕                 $this->getPdoForSelect($useReadPdo)->prepare($query)
    421▕             );
    422▕ 
    423▕             $this->bindValues($statement, $this->prepareBindings($bindings));
    424▕

  1   vendor\laravel\framework\src\Illuminate\Database\Connection.php:420
  2   vendor\laravel\framework\src\Illuminate\Database\Connection.php:827

  ────────────────────────────────────────────────────────────────────────────────────────────────────────────────────  
   FAILED  Tests\Feature\Api\Admin\AdminFeatureEndpointsTest > core admin feature endpoints are avai…  QueryException   
  SQLSTATE[HY000]: General error: 1 unrecognized token: ""products"")" (Connection: sqlite, Database: :memory:, SQL: pragma index_list("products""))

  at vendor\laravel\framework\src\Illuminate\Database\Connection.php:420
    416▕             // For select statements, we'll simply execute the query and return an array
    417▕             // of the database result set. Each element in the array will be a single
    418▕             // row from the database table, and will either be an array or objects.
    419▕             $statement = $this->prepared(
  ➜ 420▕                 $this->getPdoForSelect($useReadPdo)->prepare($query)
    421▕             );
    422▕ 
    423▕             $this->bindValues($statement, $this->prepareBindings($bindings));
    424▕

  1   vendor\laravel\framework\src\Illuminate\Database\Connection.php:420
  2   vendor\laravel\framework\src\Illuminate\Database\Connection.php:827

  ────────────────────────────────────────────────────────────────────────────────────────────────────────────────────  
   FAILED  Tests\Feature\Api\Admin\PromotionCouponCrudTest > admin promotions manage storefront coup…  QueryException   
  SQLSTATE[HY000]: General error: 1 unrecognized token: ""products"")" (Connection: sqlite, Database: :memory:, SQL: pragma index_list("products""))

  at vendor\laravel\framework\src\Illuminate\Database\Connection.php:420
    416▕             // For select statements, we'll simply execute the query and return an array
    417▕             // of the database result set. Each element in the array will be a single
    418▕             // row from the database table, and will either be an array or objects.
    419▕             $statement = $this->prepared(
  ➜ 420▕                 $this->getPdoForSelect($useReadPdo)->prepare($query)
    421▕             );
    422▕ 
    423▕             $this->bindValues($statement, $this->prepareBindings($bindings));
    424▕

  1   vendor\laravel\framework\src\Illuminate\Database\Connection.php:420
  2   vendor\laravel\framework\src\Illuminate\Database\Connection.php:827

  ────────────────────────────────────────────────────────────────────────────────────────────────────────────────────  
   FAILED  Tests\Feature\Api\Admin\SoldProductsReportTest > admin can fetch sold products report wit…  QueryException   
  SQLSTATE[HY000]: General error: 1 unrecognized token: ""products"")" (Connection: sqlite, Database: :memory:, SQL: pragma index_list("products""))

  at vendor\laravel\framework\src\Illuminate\Database\Connection.php:420
    416▕             // For select statements, we'll simply execute the query and return an array
    417▕             // of the database result set. Each element in the array will be a single
    418▕             // row from the database table, and will either be an array or objects.
    419▕             $statement = $this->prepared(
  ➜ 420▕                 $this->getPdoForSelect($useReadPdo)->prepare($query)
    421▕             );
    422▕ 
    423▕             $this->bindValues($statement, $this->prepareBindings($bindings));
    424▕

  1   vendor\laravel\framework\src\Illuminate\Database\Connection.php:420
  2   vendor\laravel\framework\src\Illuminate\Database\Connection.php:827

  ────────────────────────────────────────────────────────────────────────────────────────────────────────────────────  
   FAILED  Tests\Feature\Api\Admin\StockManagementTest > admin can list tracked stock products with…   QueryException   
  SQLSTATE[HY000]: General error: 1 unrecognized token: ""products"")" (Connection: sqlite, Database: :memory:, SQL: pragma index_list("products""))

  at vendor\laravel\framework\src\Illuminate\Database\Connection.php:420
    416▕             // For select statements, we'll simply execute the query and return an array
    417▕             // of the database result set. Each element in the array will be a single
    418▕             // row from the database table, and will either be an array or objects.
    419▕             $statement = $this->prepared(
  ➜ 420▕                 $this->getPdoForSelect($useReadPdo)->prepare($query)
    421▕             );
    422▕ 
    423▕             $this->bindValues($statement, $this->prepareBindings($bindings));
    424▕

  1   vendor\laravel\framework\src\Illuminate\Database\Connection.php:420
  2   vendor\laravel\framework\src\Illuminate\Database\Connection.php:827

  ────────────────────────────────────────────────────────────────────────────────────────────────────────────────────  
   FAILED  Tests\Feature\Api\Admin\StockManagementTest > admin can fetch stock alerts                  QueryException   
  SQLSTATE[HY000]: General error: 1 unrecognized token: ""products"")" (Connection: sqlite, Database: :memory:, SQL: pragma index_list("products""))

  at vendor\laravel\framework\src\Illuminate\Database\Connection.php:420
    416▕             // For select statements, we'll simply execute the query and return an array
    417▕             // of the database result set. Each element in the array will be a single
    418▕             // row from the database table, and will either be an array or objects.
    419▕             $statement = $this->prepared(
  ➜ 420▕                 $this->getPdoForSelect($useReadPdo)->prepare($query)
    421▕             );
    422▕ 
    423▕             $this->bindValues($statement, $this->prepareBindings($bindings));
    424▕

  1   vendor\laravel\framework\src\Illuminate\Database\Connection.php:420
  2   vendor\laravel\framework\src\Illuminate\Database\Connection.php:827

  ────────────────────────────────────────────────────────────────────────────────────────────────────────────────────  
   FAILED  Tests\Feature\Api\Admin\StockManagementTest > admin can fetch stock item details and move…  QueryException   
  SQLSTATE[HY000]: General error: 1 unrecognized token: ""products"")" (Connection: sqlite, Database: :memory:, SQL: pragma index_list("products""))

  at vendor\laravel\framework\src\Illuminate\Database\Connection.php:420
    416▕             // For select statements, we'll simply execute the query and return an array
    417▕             // of the database result set. Each element in the array will be a single
    418▕             // row from the database table, and will either be an array or objects.
    419▕             $statement = $this->prepared(
  ➜ 420▕                 $this->getPdoForSelect($useReadPdo)->prepare($query)
    421▕             );
    422▕ 
    423▕             $this->bindValues($statement, $this->prepareBindings($bindings));
    424▕

  1   vendor\laravel\framework\src\Illuminate\Database\Connection.php:420
  2   vendor\laravel\framework\src\Illuminate\Database\Connection.php:827

  ────────────────────────────────────────────────────────────────────────────────────────────────────────────────────  
   FAILED  Tests\Feature\Api\Admin\StockManagementTest > admin can perform positive and negative sto…  QueryException   
  SQLSTATE[HY000]: General error: 1 unrecognized token: ""products"")" (Connection: sqlite, Database: :memory:, SQL: pragma index_list("products""))

  at vendor\laravel\framework\src\Illuminate\Database\Connection.php:420
    416▕             // For select statements, we'll simply execute the query and return an array
    417▕             // of the database result set. Each element in the array will be a single
    418▕             // row from the database table, and will either be an array or objects.
    419▕             $statement = $this->prepared(
  ➜ 420▕                 $this->getPdoForSelect($useReadPdo)->prepare($query)
    421▕             );
    422▕ 
    423▕             $this->bindValues($statement, $this->prepareBindings($bindings));
    424▕

  1   vendor\laravel\framework\src\Illuminate\Database\Connection.php:420
  2   vendor\laravel\framework\src\Illuminate\Database\Connection.php:827

  ────────────────────────────────────────────────────────────────────────────────────────────────────────────────────  
   FAILED  Tests\Feature\Api\Admin\V1\AuthPermissionsPayloadTest > login returns the caller permissi…  QueryException   
  SQLSTATE[HY000]: General error: 1 unrecognized token: ""products"")" (Connection: sqlite, Database: :memory:, SQL: pragma index_list("products""))

  at vendor\laravel\framework\src\Illuminate\Database\Connection.php:420
    416▕             // For select statements, we'll simply execute the query and return an array
    417▕             // of the database result set. Each element in the array will be a single
    418▕             // row from the database table, and will either be an array or objects.
    419▕             $statement = $this->prepared(
  ➜ 420▕                 $this->getPdoForSelect($useReadPdo)->prepare($query)
    421▕             );
    422▕ 
    423▕             $this->bindValues($statement, $this->prepareBindings($bindings));
    424▕

  1   vendor\laravel\framework\src\Illuminate\Database\Connection.php:420
  2   vendor\laravel\framework\src\Illuminate\Database\Connection.php:827

  ────────────────────────────────────────────────────────────────────────────────────────────────────────────────────  
   FAILED  Tests\Feature\Api\Admin\V1\AuthPermissionsPayloadTest > auth/me returns the caller permis…  QueryException   
  SQLSTATE[HY000]: General error: 1 unrecognized token: ""products"")" (Connection: sqlite, Database: :memory:, SQL: pragma index_list("products""))

  at vendor\laravel\framework\src\Illuminate\Database\Connection.php:420
    416▕             // For select statements, we'll simply execute the query and return an array
    417▕             // of the database result set. Each element in the array will be a single
    418▕             // row from the database table, and will either be an array or objects.
    419▕             $statement = $this->prepared(
  ➜ 420▕                 $this->getPdoForSelect($useReadPdo)->prepare($query)
    421▕             );
    422▕ 
    423▕             $this->bindValues($statement, $this->prepareBindings($bindings));
    424▕

  1   vendor\laravel\framework\src\Illuminate\Database\Connection.php:420
  2   vendor\laravel\framework\src\Illuminate\Database\Connection.php:827

  ────────────────────────────────────────────────────────────────────────────────────────────────────────────────────  
   FAILED  Tests\Feature\Api\Admin\V1\AuthPermissionsPayloadTest > auth/me scopes permissions to the…  QueryException   
  SQLSTATE[HY000]: General error: 1 unrecognized token: ""products"")" (Connection: sqlite, Database: :memory:, SQL: pragma index_list("products""))

  at vendor\laravel\framework\src\Illuminate\Database\Connection.php:420
    416▕             // For select statements, we'll simply execute the query and return an array
    417▕             // of the database result set. Each element in the array will be a single
    418▕             // row from the database table, and will either be an array or objects.
    419▕             $statement = $this->prepared(
  ➜ 420▕                 $this->getPdoForSelect($useReadPdo)->prepare($query)
    421▕             );
    422▕ 
    423▕             $this->bindValues($statement, $this->prepareBindings($bindings));
    424▕

  1   vendor\laravel\framework\src\Illuminate\Database\Connection.php:420
  2   vendor\laravel\framework\src\Illuminate\Database\Connection.php:827

  ────────────────────────────────────────────────────────────────────────────────────────────────────────────────────  
   FAILED  Tests\Feature\Api\Admin\V1\BannerOrderingTest > the banner list comes back in carousel or…  QueryException   
  SQLSTATE[HY000]: General error: 1 unrecognized token: ""products"")" (Connection: sqlite, Database: :memory:, SQL: pragma index_list("products""))

  at vendor\laravel\framework\src\Illuminate\Database\Connection.php:420
    416▕             // For select statements, we'll simply execute the query and return an array
    417▕             // of the database result set. Each element in the array will be a single
    418▕             // row from the database table, and will either be an array or objects.
    419▕             $statement = $this->prepared(
  ➜ 420▕                 $this->getPdoForSelect($useReadPdo)->prepare($query)
    421▕             );
    422▕ 
    423▕             $this->bindValues($statement, $this->prepareBindings($bindings));
    424▕

  1   vendor\laravel\framework\src\Illuminate\Database\Connection.php:420
  2   vendor\laravel\framework\src\Illuminate\Database\Connection.php:827

  ────────────────────────────────────────────────────────────────────────────────────────────────────────────────────  
   FAILED  Tests\Feature\Api\Admin\V1\BannerOrderingTest > banners with the same sort order fall bac…  QueryException   
  SQLSTATE[HY000]: General error: 1 unrecognized token: ""products"")" (Connection: sqlite, Database: :memory:, SQL: pragma index_list("products""))

  at vendor\laravel\framework\src\Illuminate\Database\Connection.php:420
    416▕             // For select statements, we'll simply execute the query and return an array
    417▕             // of the database result set. Each element in the array will be a single
    418▕             // row from the database table, and will either be an array or objects.
    419▕             $statement = $this->prepared(
  ➜ 420▕                 $this->getPdoForSelect($useReadPdo)->prepare($query)
    421▕             );
    422▕ 
    423▕             $this->bindValues($statement, $this->prepareBindings($bindings));
    424▕

  1   vendor\laravel\framework\src\Illuminate\Database\Connection.php:420
  2   vendor\laravel\framework\src\Illuminate\Database\Connection.php:827

  ────────────────────────────────────────────────────────────────────────────────────────────────────────────────────  
   FAILED  Tests\Feature\Api\Admin\V1\BannerOrderingTest > a sort_order-only update leaves every oth…  QueryException   
  SQLSTATE[HY000]: General error: 1 unrecognized token: ""products"")" (Connection: sqlite, Database: :memory:, SQL: pragma index_list("products""))

  at vendor\laravel\framework\src\Illuminate\Database\Connection.php:420
    416▕             // For select statements, we'll simply execute the query and return an array
    417▕             // of the database result set. Each element in the array will be a single
    418▕             // row from the database table, and will either be an array or objects.
    419▕             $statement = $this->prepared(
  ➜ 420▕                 $this->getPdoForSelect($useReadPdo)->prepare($query)
    421▕             );
    422▕ 
    423▕             $this->bindValues($statement, $this->prepareBindings($bindings));
    424▕

  1   vendor\laravel\framework\src\Illuminate\Database\Connection.php:420
  2   vendor\laravel\framework\src\Illuminate\Database\Connection.php:827

  ────────────────────────────────────────────────────────────────────────────────────────────────────────────────────  
   FAILED  Tests\Feature\Api\Admin\V1\BannerOrderingTest > reordering requires banners.update          QueryException   
  SQLSTATE[HY000]: General error: 1 unrecognized token: ""products"")" (Connection: sqlite, Database: :memory:, SQL: pragma index_list("products""))

  at vendor\laravel\framework\src\Illuminate\Database\Connection.php:420
    416▕             // For select statements, we'll simply execute the query and return an array
    417▕             // of the database result set. Each element in the array will be a single
    418▕             // row from the database table, and will either be an array or objects.
    419▕             $statement = $this->prepared(
  ➜ 420▕                 $this->getPdoForSelect($useReadPdo)->prepare($query)
    421▕             );
    422▕ 
    423▕             $this->bindValues($statement, $this->prepareBindings($bindings));
    424▕

  1   vendor\laravel\framework\src\Illuminate\Database\Connection.php:420
  2   vendor\laravel\framework\src\Illuminate\Database\Connection.php:827

  ────────────────────────────────────────────────────────────────────────────────────────────────────────────────────  
   FAILED  Tests\Feature\Api\Admin\V1\ContentPaginationTest > the content list is paged and reports…   QueryException   
  SQLSTATE[HY000]: General error: 1 unrecognized token: ""products"")" (Connection: sqlite, Database: :memory:, SQL: pragma index_list("products""))

  at vendor\laravel\framework\src\Illuminate\Database\Connection.php:420
    416▕             // For select statements, we'll simply execute the query and return an array
    417▕             // of the database result set. Each element in the array will be a single
    418▕             // row from the database table, and will either be an array or objects.
    419▕             $statement = $this->prepared(
  ➜ 420▕                 $this->getPdoForSelect($useReadPdo)->prepare($query)
    421▕             );
    422▕ 
    423▕             $this->bindValues($statement, $this->prepareBindings($bindings));
    424▕

  1   vendor\laravel\framework\src\Illuminate\Database\Connection.php:420
  2   vendor\laravel\framework\src\Illuminate\Database\Connection.php:827

  ────────────────────────────────────────────────────────────────────────────────────────────────────────────────────  
   FAILED  Tests\Feature\Api\Admin\V1\ContentPaginationTest > per_page is clamped to a sane maximum    QueryException   
  SQLSTATE[HY000]: General error: 1 unrecognized token: ""products"")" (Connection: sqlite, Database: :memory:, SQL: pragma index_list("products""))

  at vendor\laravel\framework\src\Illuminate\Database\Connection.php:420
    416▕             // For select statements, we'll simply execute the query and return an array
    417▕             // of the database result set. Each element in the array will be a single
    418▕             // row from the database table, and will either be an array or objects.
    419▕             $statement = $this->prepared(
  ➜ 420▕                 $this->getPdoForSelect($useReadPdo)->prepare($query)
    421▕             );
    422▕ 
    423▕             $this->bindValues($statement, $this->prepareBindings($bindings));
    424▕

  1   vendor\laravel\framework\src\Illuminate\Database\Connection.php:420
  2   vendor\laravel\framework\src\Illuminate\Database\Connection.php:827

  ────────────────────────────────────────────────────────────────────────────────────────────────────────────────────  
   FAILED  Tests\Feature\Api\Admin\V1\ContentPaginationTest > the type and status filters keep the t…  QueryException   
  SQLSTATE[HY000]: General error: 1 unrecognized token: ""products"")" (Connection: sqlite, Database: :memory:, SQL: pragma index_list("products""))

  at vendor\laravel\framework\src\Illuminate\Database\Connection.php:420
    416▕             // For select statements, we'll simply execute the query and return an array
    417▕             // of the database result set. Each element in the array will be a single
    418▕             // row from the database table, and will either be an array or objects.
    419▕             $statement = $this->prepared(
  ➜ 420▕                 $this->getPdoForSelect($useReadPdo)->prepare($query)
    421▕             );
    422▕ 
    423▕             $this->bindValues($statement, $this->prepareBindings($bindings));
    424▕

  1   vendor\laravel\framework\src\Illuminate\Database\Connection.php:420
  2   vendor\laravel\framework\src\Illuminate\Database\Connection.php:827

  ────────────────────────────────────────────────────────────────────────────────────────────────────────────────────  
   FAILED  Tests\Feature\Api\Admin\V1\ContentPaginationTest > news rows carry the category and cover…  QueryException   
  SQLSTATE[HY000]: General error: 1 unrecognized token: ""products"")" (Connection: sqlite, Database: :memory:, SQL: pragma index_list("products""))

  at vendor\laravel\framework\src\Illuminate\Database\Connection.php:420
    416▕             // For select statements, we'll simply execute the query and return an array
    417▕             // of the database result set. Each element in the array will be a single
    418▕             // row from the database table, and will either be an array or objects.
    419▕             $statement = $this->prepared(
  ➜ 420▕                 $this->getPdoForSelect($useReadPdo)->prepare($query)
    421▕             );
    422▕ 
    423▕             $this->bindValues($statement, $this->prepareBindings($bindings));
    424▕

  1   vendor\laravel\framework\src\Illuminate\Database\Connection.php:420
  2   vendor\laravel\framework\src\Illuminate\Database\Connection.php:827

  ────────────────────────────────────────────────────────────────────────────────────────────────────────────────────  
   FAILED  Tests\Feature\Api\Admin\V1\CustomerManagementTest > index lists shoppers with their compl…  QueryException   
  SQLSTATE[HY000]: General error: 1 unrecognized token: ""products"")" (Connection: sqlite, Database: :memory:, SQL: pragma index_list("products""))

  at vendor\laravel\framework\src\Illuminate\Database\Connection.php:420
    416▕             // For select statements, we'll simply execute the query and return an array
    417▕             // of the database result set. Each element in the array will be a single
    418▕             // row from the database table, and will either be an array or objects.
    419▕             $statement = $this->prepared(
  ➜ 420▕                 $this->getPdoForSelect($useReadPdo)->prepare($query)
    421▕             );
    422▕ 
    423▕             $this->bindValues($statement, $this->prepareBindings($bindings));
    424▕

  1   vendor\laravel\framework\src\Illuminate\Database\Connection.php:420
  2   vendor\laravel\framework\src\Illuminate\Database\Connection.php:827

  ────────────────────────────────────────────────────────────────────────────────────────────────────────────────────  
   FAILED  Tests\Feature\Api\Admin\V1\CustomerManagementTest > search matches a name regardless of c…  QueryException   
  SQLSTATE[HY000]: General error: 1 unrecognized token: ""products"")" (Connection: sqlite, Database: :memory:, SQL: pragma index_list("products""))

  at vendor\laravel\framework\src\Illuminate\Database\Connection.php:420
    416▕             // For select statements, we'll simply execute the query and return an array
    417▕             // of the database result set. Each element in the array will be a single
    418▕             // row from the database table, and will either be an array or objects.
    419▕             $statement = $this->prepared(
  ➜ 420▕                 $this->getPdoForSelect($useReadPdo)->prepare($query)
    421▕             );
    422▕ 
    423▕             $this->bindValues($statement, $this->prepareBindings($bindings));
    424▕

  1   vendor\laravel\framework\src\Illuminate\Database\Connection.php:420
  2   vendor\laravel\framework\src\Illuminate\Database\Connection.php:827

  ────────────────────────────────────────────────────────────────────────────────────────────────────────────────────  
   FAILED  Tests\Feature\Api\Admin\V1\CustomerManagementTest > store creates a shopper with an addre…  QueryException   
  SQLSTATE[HY000]: General error: 1 unrecognized token: ""products"")" (Connection: sqlite, Database: :memory:, SQL: pragma index_list("products""))

  at vendor\laravel\framework\src\Illuminate\Database\Connection.php:420
    416▕             // For select statements, we'll simply execute the query and return an array
    417▕             // of the database result set. Each element in the array will be a single
    418▕             // row from the database table, and will either be an array or objects.
    419▕             $statement = $this->prepared(
  ➜ 420▕                 $this->getPdoForSelect($useReadPdo)->prepare($query)
    421▕             );
    422▕ 
    423▕             $this->bindValues($statement, $this->prepareBindings($bindings));
    424▕

  1   vendor\laravel\framework\src\Illuminate\Database\Connection.php:420
  2   vendor\laravel\framework\src\Illuminate\Database\Connection.php:827

  ────────────────────────────────────────────────────────────────────────────────────────────────────────────────────  
   FAILED  Tests\Feature\Api\Admin\V1\CustomerManagementTest > an admin form address replaces the st…  QueryException   
  SQLSTATE[HY000]: General error: 1 unrecognized token: ""products"")" (Connection: sqlite, Database: :memory:, SQL: pragma index_list("products""))

  at vendor\laravel\framework\src\Illuminate\Database\Connection.php:420
    416▕             // For select statements, we'll simply execute the query and return an array
    417▕             // of the database result set. Each element in the array will be a single
    418▕             // row from the database table, and will either be an array or objects.
    419▕             $statement = $this->prepared(
  ➜ 420▕                 $this->getPdoForSelect($useReadPdo)->prepare($query)
    421▕             );
    422▕ 
    423▕             $this->bindValues($statement, $this->prepareBindings($bindings));
    424▕

  1   vendor\laravel\framework\src\Illuminate\Database\Connection.php:420
  2   vendor\laravel\framework\src\Illuminate\Database\Connection.php:827

  ────────────────────────────────────────────────────────────────────────────────────────────────────────────────────  
   FAILED  Tests\Feature\Api\Admin\V1\CustomerManagementTest > setting a customer inactive deactivat…  QueryException   
  SQLSTATE[HY000]: General error: 1 unrecognized token: ""products"")" (Connection: sqlite, Database: :memory:, SQL: pragma index_list("products""))

  at vendor\laravel\framework\src\Illuminate\Database\Connection.php:420
    416▕             // For select statements, we'll simply execute the query and return an array
    417▕             // of the database result set. Each element in the array will be a single
    418▕             // row from the database table, and will either be an array or objects.
    419▕             $statement = $this->prepared(
  ➜ 420▕                 $this->getPdoForSelect($useReadPdo)->prepare($query)
    421▕             );
    422▕ 
    423▕             $this->bindValues($statement, $this->prepareBindings($bindings));
    424▕

  1   vendor\laravel\framework\src\Illuminate\Database\Connection.php:420
  2   vendor\laravel\framework\src\Illuminate\Database\Connection.php:827

  ────────────────────────────────────────────────────────────────────────────────────────────────────────────────────  
   FAILED  Tests\Feature\Api\Admin\V1\CustomerManagementTest > a banned customer still reads as inac…  QueryException   
  SQLSTATE[HY000]: General error: 1 unrecognized token: ""products"")" (Connection: sqlite, Database: :memory:, SQL: pragma index_list("products""))

  at vendor\laravel\framework\src\Illuminate\Database\Connection.php:420
    416▕             // For select statements, we'll simply execute the query and return an array
    417▕             // of the database result set. Each element in the array will be a single
    418▕             // row from the database table, and will either be an array or objects.
    419▕             $statement = $this->prepared(
  ➜ 420▕                 $this->getPdoForSelect($useReadPdo)->prepare($query)
    421▕             );
    422▕ 
    423▕             $this->bindValues($statement, $this->prepareBindings($bindings));
    424▕

  1   vendor\laravel\framework\src\Illuminate\Database\Connection.php:420
  2   vendor\laravel\framework\src\Illuminate\Database\Connection.php:827

  ────────────────────────────────────────────────────────────────────────────────────────────────────────────────────  
   FAILED  Tests\Feature\Api\Admin\V1\CustomerManagementTest > destroy soft-deletes the shopper        QueryException   
  SQLSTATE[HY000]: General error: 1 unrecognized token: ""products"")" (Connection: sqlite, Database: :memory:, SQL: pragma index_list("products""))

  at vendor\laravel\framework\src\Illuminate\Database\Connection.php:420
    416▕             // For select statements, we'll simply execute the query and return an array
    417▕             // of the database result set. Each element in the array will be a single
    418▕             // row from the database table, and will either be an array or objects.
    419▕             $statement = $this->prepared(
  ➜ 420▕                 $this->getPdoForSelect($useReadPdo)->prepare($query)
    421▕             );
    422▕ 
    423▕             $this->bindValues($statement, $this->prepareBindings($bindings));
    424▕

  1   vendor\laravel\framework\src\Illuminate\Database\Connection.php:420
  2   vendor\laravel\framework\src\Illuminate\Database\Connection.php:827

  ────────────────────────────────────────────────────────────────────────────────────────────────────────────────────  
   FAILED  Tests\Feature\Api\Admin\V1\CustomerManagementTest > admin accounts are not reachable thro…  QueryException   
  SQLSTATE[HY000]: General error: 1 unrecognized token: ""products"")" (Connection: sqlite, Database: :memory:, SQL: pragma index_list("products""))

  at vendor\laravel\framework\src\Illuminate\Database\Connection.php:420
    416▕             // For select statements, we'll simply execute the query and return an array
    417▕             // of the database result set. Each element in the array will be a single
    418▕             // row from the database table, and will either be an array or objects.
    419▕             $statement = $this->prepared(
  ➜ 420▕                 $this->getPdoForSelect($useReadPdo)->prepare($query)
    421▕             );
    422▕ 
    423▕             $this->bindValues($statement, $this->prepareBindings($bindings));
    424▕

  1   vendor\laravel\framework\src\Illuminate\Database\Connection.php:420
  2   vendor\laravel\framework\src\Illuminate\Database\Connection.php:827

  ────────────────────────────────────────────────────────────────────────────────────────────────────────────────────  
   FAILED  Tests\Feature\Api\Admin\V1\CustomerManagementTest > writing customers requires the matchi…  QueryException   
  SQLSTATE[HY000]: General error: 1 unrecognized token: ""products"")" (Connection: sqlite, Database: :memory:, SQL: pragma index_list("products""))

  at vendor\laravel\framework\src\Illuminate\Database\Connection.php:420
    416▕             // For select statements, we'll simply execute the query and return an array
    417▕             // of the database result set. Each element in the array will be a single
    418▕             // row from the database table, and will either be an array or objects.
    419▕             $statement = $this->prepared(
  ➜ 420▕                 $this->getPdoForSelect($useReadPdo)->prepare($query)
    421▕             );
    422▕ 
    423▕             $this->bindValues($statement, $this->prepareBindings($bindings));
    424▕

  1   vendor\laravel\framework\src\Illuminate\Database\Connection.php:420
  2   vendor\laravel\framework\src\Illuminate\Database\Connection.php:827

  ────────────────────────────────────────────────────────────────────────────────────────────────────────────────────  
   FAILED  Tests\Feature\Api\Admin\V1\CustomerManagementTest > email and phone must stay unique acro…  QueryException   
  SQLSTATE[HY000]: General error: 1 unrecognized token: ""products"")" (Connection: sqlite, Database: :memory:, SQL: pragma index_list("products""))

  at vendor\laravel\framework\src\Illuminate\Database\Connection.php:420
    416▕             // For select statements, we'll simply execute the query and return an array
    417▕             // of the database result set. Each element in the array will be a single
    418▕             // row from the database table, and will either be an array or objects.
    419▕             $statement = $this->prepared(
  ➜ 420▕                 $this->getPdoForSelect($useReadPdo)->prepare($query)
    421▕             );
    422▕ 
    423▕             $this->bindValues($statement, $this->prepareBindings($bindings));
    424▕

  1   vendor\laravel\framework\src\Illuminate\Database\Connection.php:420
  2   vendor\laravel\framework\src\Illuminate\Database\Connection.php:827

  ────────────────────────────────────────────────────────────────────────────────────────────────────────────────────  
   FAILED  Tests\Feature\Api\Admin\V1\CustomerManagementTest > a blank phone is stored as null so tw…  QueryException   
  SQLSTATE[HY000]: General error: 1 unrecognized token: ""products"")" (Connection: sqlite, Database: :memory:, SQL: pragma index_list("products""))

  at vendor\laravel\framework\src\Illuminate\Database\Connection.php:420
    416▕             // For select statements, we'll simply execute the query and return an array
    417▕             // of the database result set. Each element in the array will be a single
    418▕             // row from the database table, and will either be an array or objects.
    419▕             $statement = $this->prepared(
  ➜ 420▕                 $this->getPdoForSelect($useReadPdo)->prepare($query)
    421▕             );
    422▕ 
    423▕             $this->bindValues($statement, $this->prepareBindings($bindings));
    424▕

  1   vendor\laravel\framework\src\Illuminate\Database\Connection.php:420
  2   vendor\laravel\framework\src\Illuminate\Database\Connection.php:827

  ────────────────────────────────────────────────────────────────────────────────────────────────────────────────────  
   FAILED  Tests\Feature\Api\Admin\V1\PermissionManagementTest > admin with permissions.view can lis…  QueryException   
  SQLSTATE[HY000]: General error: 1 unrecognized token: ""products"")" (Connection: sqlite, Database: :memory:, SQL: pragma index_list("products""))

  at vendor\laravel\framework\src\Illuminate\Database\Connection.php:420
    416▕             // For select statements, we'll simply execute the query and return an array
    417▕             // of the database result set. Each element in the array will be a single
    418▕             // row from the database table, and will either be an array or objects.
    419▕             $statement = $this->prepared(
  ➜ 420▕                 $this->getPdoForSelect($useReadPdo)->prepare($query)
    421▕             );
    422▕ 
    423▕             $this->bindValues($statement, $this->prepareBindings($bindings));
    424▕

  1   vendor\laravel\framework\src\Illuminate\Database\Connection.php:420
  2   vendor\laravel\framework\src\Illuminate\Database\Connection.php:827

  ────────────────────────────────────────────────────────────────────────────────────────────────────────────────────  
   FAILED  Tests\Feature\Api\Admin\V1\PermissionManagementTest > admin can create a permission         QueryException   
  SQLSTATE[HY000]: General error: 1 unrecognized token: ""products"")" (Connection: sqlite, Database: :memory:, SQL: pragma index_list("products""))

  at vendor\laravel\framework\src\Illuminate\Database\Connection.php:420
    416▕             // For select statements, we'll simply execute the query and return an array
    417▕             // of the database result set. Each element in the array will be a single
    418▕             // row from the database table, and will either be an array or objects.
    419▕             $statement = $this->prepared(
  ➜ 420▕                 $this->getPdoForSelect($useReadPdo)->prepare($query)
    421▕             );
    422▕ 
    423▕             $this->bindValues($statement, $this->prepareBindings($bindings));
    424▕

  1   vendor\laravel\framework\src\Illuminate\Database\Connection.php:420
  2   vendor\laravel\framework\src\Illuminate\Database\Connection.php:827

  ────────────────────────────────────────────────────────────────────────────────────────────────────────────────────  
   FAILED  Tests\Feature\Api\Admin\V1\PermissionManagementTest > permission name uniqueness is enfor…  QueryException   
  SQLSTATE[HY000]: General error: 1 unrecognized token: ""products"")" (Connection: sqlite, Database: :memory:, SQL: pragma index_list("products""))

  at vendor\laravel\framework\src\Illuminate\Database\Connection.php:420
    416▕             // For select statements, we'll simply execute the query and return an array
    417▕             // of the database result set. Each element in the array will be a single
    418▕             // row from the database table, and will either be an array or objects.
    419▕             $statement = $this->prepared(
  ➜ 420▕                 $this->getPdoForSelect($useReadPdo)->prepare($query)
    421▕             );
    422▕ 
    423▕             $this->bindValues($statement, $this->prepareBindings($bindings));
    424▕

  1   vendor\laravel\framework\src\Illuminate\Database\Connection.php:420
  2   vendor\laravel\framework\src\Illuminate\Database\Connection.php:827

  ────────────────────────────────────────────────────────────────────────────────────────────────────────────────────  
   FAILED  Tests\Feature\Api\Admin\V1\PermissionManagementTest > admin can update a permission name    QueryException   
  SQLSTATE[HY000]: General error: 1 unrecognized token: ""products"")" (Connection: sqlite, Database: :memory:, SQL: pragma index_list("products""))

  at vendor\laravel\framework\src\Illuminate\Database\Connection.php:420
    416▕             // For select statements, we'll simply execute the query and return an array
    417▕             // of the database result set. Each element in the array will be a single
    418▕             // row from the database table, and will either be an array or objects.
    419▕             $statement = $this->prepared(
  ➜ 420▕                 $this->getPdoForSelect($useReadPdo)->prepare($query)
    421▕             );
    422▕ 
    423▕             $this->bindValues($statement, $this->prepareBindings($bindings));
    424▕

  1   vendor\laravel\framework\src\Illuminate\Database\Connection.php:420
  2   vendor\laravel\framework\src\Illuminate\Database\Connection.php:827

  ────────────────────────────────────────────────────────────────────────────────────────────────────────────────────  
   FAILED  Tests\Feature\Api\Admin\V1\PermissionManagementTest > admin can soft-delete a permission    QueryException   
  SQLSTATE[HY000]: General error: 1 unrecognized token: ""products"")" (Connection: sqlite, Database: :memory:, SQL: pragma index_list("products""))

  at vendor\laravel\framework\src\Illuminate\Database\Connection.php:420
    416▕             // For select statements, we'll simply execute the query and return an array
    417▕             // of the database result set. Each element in the array will be a single
    418▕             // row from the database table, and will either be an array or objects.
    419▕             $statement = $this->prepared(
  ➜ 420▕                 $this->getPdoForSelect($useReadPdo)->prepare($query)
    421▕             );
    422▕ 
    423▕             $this->bindValues($statement, $this->prepareBindings($bindings));
    424▕

  1   vendor\laravel\framework\src\Illuminate\Database\Connection.php:420
  2   vendor\laravel\framework\src\Illuminate\Database\Connection.php:827

  ────────────────────────────────────────────────────────────────────────────────────────────────────────────────────  
   FAILED  Tests\Feature\Api\Admin\V1\PermissionManagementTest > invalid permission name format is r…  QueryException   
  SQLSTATE[HY000]: General error: 1 unrecognized token: ""products"")" (Connection: sqlite, Database: :memory:, SQL: pragma index_list("products""))

  at vendor\laravel\framework\src\Illuminate\Database\Connection.php:420
    416▕             // For select statements, we'll simply execute the query and return an array
    417▕             // of the database result set. Each element in the array will be a single
    418▕             // row from the database table, and will either be an array or objects.
    419▕             $statement = $this->prepared(
  ➜ 420▕                 $this->getPdoForSelect($useReadPdo)->prepare($query)
    421▕             );
    422▕ 
    423▕             $this->bindValues($statement, $this->prepareBindings($bindings));
    424▕

  1   vendor\laravel\framework\src\Illuminate\Database\Connection.php:420
  2   vendor\laravel\framework\src\Illuminate\Database\Connection.php:827

  ────────────────────────────────────────────────────────────────────────────────────────────────────────────────────  
   FAILED  Tests\Feature\Api\Admin\V1\PermissionManagementTest > non-existent permission returns 404…  QueryException   
  SQLSTATE[HY000]: General error: 1 unrecognized token: ""products"")" (Connection: sqlite, Database: :memory:, SQL: pragma index_list("products""))

  at vendor\laravel\framework\src\Illuminate\Database\Connection.php:420
    416▕             // For select statements, we'll simply execute the query and return an array
    417▕             // of the database result set. Each element in the array will be a single
    418▕             // row from the database table, and will either be an array or objects.
    419▕             $statement = $this->prepared(
  ➜ 420▕                 $this->getPdoForSelect($useReadPdo)->prepare($query)
    421▕             );
    422▕ 
    423▕             $this->bindValues($statement, $this->prepareBindings($bindings));
    424▕

  1   vendor\laravel\framework\src\Illuminate\Database\Connection.php:420
  2   vendor\laravel\framework\src\Illuminate\Database\Connection.php:827

  ────────────────────────────────────────────────────────────────────────────────────────────────────────────────────  
   FAILED  Tests\Feature\Api\Admin\V1\ProductImageGalleryTest > show returns the gallery in sort ord…  QueryException   
  SQLSTATE[HY000]: General error: 1 unrecognized token: ""products"")" (Connection: sqlite, Database: :memory:, SQL: pragma index_list("products""))

  at vendor\laravel\framework\src\Illuminate\Database\Connection.php:420
    416▕             // For select statements, we'll simply execute the query and return an array
    417▕             // of the database result set. Each element in the array will be a single
    418▕             // row from the database table, and will either be an array or objects.
    419▕             $statement = $this->prepared(
  ➜ 420▕                 $this->getPdoForSelect($useReadPdo)->prepare($query)
    421▕             );
    422▕ 
    423▕             $this->bindValues($statement, $this->prepareBindings($bindings));
    424▕

  1   vendor\laravel\framework\src\Illuminate\Database\Connection.php:420
  2   vendor\laravel\framework\src\Illuminate\Database\Connection.php:827

  ────────────────────────────────────────────────────────────────────────────────────────────────────────────────────  
   FAILED  Tests\Feature\Api\Admin\V1\ProductImageGalleryTest > an absolute image url is passed thro…  QueryException   
  SQLSTATE[HY000]: General error: 1 unrecognized token: ""products"")" (Connection: sqlite, Database: :memory:, SQL: pragma index_list("products""))

  at vendor\laravel\framework\src\Illuminate\Database\Connection.php:420
    416▕             // For select statements, we'll simply execute the query and return an array
    417▕             // of the database result set. Each element in the array will be a single
    418▕             // row from the database table, and will either be an array or objects.
    419▕             $statement = $this->prepared(
  ➜ 420▕                 $this->getPdoForSelect($useReadPdo)->prepare($query)
    421▕             );
    422▕ 
    423▕             $this->bindValues($statement, $this->prepareBindings($bindings));
    424▕

  1   vendor\laravel\framework\src\Illuminate\Database\Connection.php:420
  2   vendor\laravel\framework\src\Illuminate\Database\Connection.php:827

  ────────────────────────────────────────────────────────────────────────────────────────────────────────────────────  
   FAILED  Tests\Feature\Api\Admin\V1\ProductImageGalleryTest > store persists a nested gallery and…   QueryException   
  SQLSTATE[HY000]: General error: 1 unrecognized token: ""products"")" (Connection: sqlite, Database: :memory:, SQL: pragma index_list("products""))

  at vendor\laravel\framework\src\Illuminate\Database\Connection.php:420
    416▕             // For select statements, we'll simply execute the query and return an array
    417▕             // of the database result set. Each element in the array will be a single
    418▕             // row from the database table, and will either be an array or objects.
    419▕             $statement = $this->prepared(
  ➜ 420▕                 $this->getPdoForSelect($useReadPdo)->prepare($query)
    421▕             );
    422▕ 
    423▕             $this->bindValues($statement, $this->prepareBindings($bindings));
    424▕

  1   vendor\laravel\framework\src\Illuminate\Database\Connection.php:420
  2   vendor\laravel\framework\src\Illuminate\Database\Connection.php:827

  ────────────────────────────────────────────────────────────────────────────────────────────────────────────────────  
   FAILED  Tests\Feature\Api\Admin\V1\ProductImageGalleryTest > store promotes the first image when…   QueryException   
  SQLSTATE[HY000]: General error: 1 unrecognized token: ""products"")" (Connection: sqlite, Database: :memory:, SQL: pragma index_list("products""))

  at vendor\laravel\framework\src\Illuminate\Database\Connection.php:420
    416▕             // For select statements, we'll simply execute the query and return an array
    417▕             // of the database result set. Each element in the array will be a single
    418▕             // row from the database table, and will either be an array or objects.
    419▕             $statement = $this->prepared(
  ➜ 420▕                 $this->getPdoForSelect($useReadPdo)->prepare($query)
    421▕             );
    422▕ 
    423▕             $this->bindValues($statement, $this->prepareBindings($bindings));
    424▕

  1   vendor\laravel\framework\src\Illuminate\Database\Connection.php:420
  2   vendor\laravel\framework\src\Illuminate\Database\Connection.php:827

  ────────────────────────────────────────────────────────────────────────────────────────────────────────────────────  
   FAILED  Tests\Feature\Api\Admin\V1\ProductImageGalleryTest > an explicit thumbnail wins over the…   QueryException   
  SQLSTATE[HY000]: General error: 1 unrecognized token: ""products"")" (Connection: sqlite, Database: :memory:, SQL: pragma index_list("products""))

  at vendor\laravel\framework\src\Illuminate\Database\Connection.php:420
    416▕             // For select statements, we'll simply execute the query and return an array
    417▕             // of the database result set. Each element in the array will be a single
    418▕             // row from the database table, and will either be an array or objects.
    419▕             $statement = $this->prepared(
  ➜ 420▕                 $this->getPdoForSelect($useReadPdo)->prepare($query)
    421▕             );
    422▕ 
    423▕             $this->bindValues($statement, $this->prepareBindings($bindings));
    424▕

  1   vendor\laravel\framework\src\Illuminate\Database\Connection.php:420
  2   vendor\laravel\framework\src\Illuminate\Database\Connection.php:827

  ────────────────────────────────────────────────────────────────────────────────────────────────────────────────────  
   FAILED  Tests\Feature\Api\Admin\V1\ProductImageGalleryTest > update replaces the whole gallery an…  QueryException   
  SQLSTATE[HY000]: General error: 1 unrecognized token: ""products"")" (Connection: sqlite, Database: :memory:, SQL: pragma index_list("products""))

  at vendor\laravel\framework\src\Illuminate\Database\Connection.php:420
    416▕             // For select statements, we'll simply execute the query and return an array
    417▕             // of the database result set. Each element in the array will be a single
    418▕             // row from the database table, and will either be an array or objects.
    419▕             $statement = $this->prepared(
  ➜ 420▕                 $this->getPdoForSelect($useReadPdo)->prepare($query)
    421▕             );
    422▕ 
    423▕             $this->bindValues($statement, $this->prepareBindings($bindings));
    424▕

  1   vendor\laravel\framework\src\Illuminate\Database\Connection.php:420
  2   vendor\laravel\framework\src\Illuminate\Database\Connection.php:827

  ────────────────────────────────────────────────────────────────────────────────────────────────────────────────────  
   FAILED  Tests\Feature\Api\Admin\V1\ProductImageGalleryTest > omitting the images key leaves the e…  QueryException   
  SQLSTATE[HY000]: General error: 1 unrecognized token: ""products"")" (Connection: sqlite, Database: :memory:, SQL: pragma index_list("products""))

  at vendor\laravel\framework\src\Illuminate\Database\Connection.php:420
    416▕             // For select statements, we'll simply execute the query and return an array
    417▕             // of the database result set. Each element in the array will be a single
    418▕             // row from the database table, and will either be an array or objects.
    419▕             $statement = $this->prepared(
  ➜ 420▕                 $this->getPdoForSelect($useReadPdo)->prepare($query)
    421▕             );
    422▕ 
    423▕             $this->bindValues($statement, $this->prepareBindings($bindings));
    424▕

  1   vendor\laravel\framework\src\Illuminate\Database\Connection.php:420
  2   vendor\laravel\framework\src\Illuminate\Database\Connection.php:827

  ────────────────────────────────────────────────────────────────────────────────────────────────────────────────────  
   FAILED  Tests\Feature\Api\Admin\V1\ProductImageGalleryTest > sending an empty images array clears…  QueryException   
  SQLSTATE[HY000]: General error: 1 unrecognized token: ""products"")" (Connection: sqlite, Database: :memory:, SQL: pragma index_list("products""))

  at vendor\laravel\framework\src\Illuminate\Database\Connection.php:420
    416▕             // For select statements, we'll simply execute the query and return an array
    417▕             // of the database result set. Each element in the array will be a single
    418▕             // row from the database table, and will either be an array or objects.
    419▕             $statement = $this->prepared(
  ➜ 420▕                 $this->getPdoForSelect($useReadPdo)->prepare($query)
    421▕             );
    422▕ 
    423▕             $this->bindValues($statement, $this->prepareBindings($bindings));
    424▕

  1   vendor\laravel\framework\src\Illuminate\Database\Connection.php:420
  2   vendor\laravel\framework\src\Illuminate\Database\Connection.php:827

  ────────────────────────────────────────────────────────────────────────────────────────────────────────────────────  
   FAILED  Tests\Feature\Api\Admin\V1\ProductImageGalleryTest > two primary images are rejected rath…  QueryException   
  SQLSTATE[HY000]: General error: 1 unrecognized token: ""products"")" (Connection: sqlite, Database: :memory:, SQL: pragma index_list("products""))

  at vendor\laravel\framework\src\Illuminate\Database\Connection.php:420
    416▕             // For select statements, we'll simply execute the query and return an array
    417▕             // of the database result set. Each element in the array will be a single
    418▕             // row from the database table, and will either be an array or objects.
    419▕             $statement = $this->prepared(
  ➜ 420▕                 $this->getPdoForSelect($useReadPdo)->prepare($query)
    421▕             );
    422▕ 
    423▕             $this->bindValues($statement, $this->prepareBindings($bindings));
    424▕

  1   vendor\laravel\framework\src\Illuminate\Database\Connection.php:420
  2   vendor\laravel\framework\src\Illuminate\Database\Connection.php:827

  ────────────────────────────────────────────────────────────────────────────────────────────────────────────────────  
   FAILED  Tests\Feature\Api\Admin\V1\ProductImageGalleryTest > an unknown image type is rejected      QueryException   
  SQLSTATE[HY000]: General error: 1 unrecognized token: ""products"")" (Connection: sqlite, Database: :memory:, SQL: pragma index_list("products""))

  at vendor\laravel\framework\src\Illuminate\Database\Connection.php:420
    416▕             // For select statements, we'll simply execute the query and return an array
    417▕             // of the database result set. Each element in the array will be a single
    418▕             // row from the database table, and will either be an array or objects.
    419▕             $statement = $this->prepared(
  ➜ 420▕                 $this->getPdoForSelect($useReadPdo)->prepare($query)
    421▕             );
    422▕ 
    423▕             $this->bindValues($statement, $this->prepareBindings($bindings));
    424▕

  1   vendor\laravel\framework\src\Illuminate\Database\Connection.php:420
  2   vendor\laravel\framework\src\Illuminate\Database\Connection.php:827

  ────────────────────────────────────────────────────────────────────────────────────────────────────────────────────  
   FAILED  Tests\Feature\Api\Admin\V1\ProductImageGalleryTest > the product list stays light and doe…  QueryException   
  SQLSTATE[HY000]: General error: 1 unrecognized token: ""products"")" (Connection: sqlite, Database: :memory:, SQL: pragma index_list("products""))

  at vendor\laravel\framework\src\Illuminate\Database\Connection.php:420
    416▕             // For select statements, we'll simply execute the query and return an array
    417▕             // of the database result set. Each element in the array will be a single
    418▕             // row from the database table, and will either be an array or objects.
    419▕             $statement = $this->prepared(
  ➜ 420▕                 $this->getPdoForSelect($useReadPdo)->prepare($query)
    421▕             );
    422▕ 
    423▕             $this->bindValues($statement, $this->prepareBindings($bindings));
    424▕

  1   vendor\laravel\framework\src\Illuminate\Database\Connection.php:420
  2   vendor\laravel\framework\src\Illuminate\Database\Connection.php:827

  ────────────────────────────────────────────────────────────────────────────────────────────────────────────────────  
   FAILED  Tests\Feature\Api\Admin\V1\ProductPromotionsTest > store attaches the submitted promotion…  QueryException   
  SQLSTATE[HY000]: General error: 1 unrecognized token: ""products"")" (Connection: sqlite, Database: :memory:, SQL: pragma index_list("products""))

  at vendor\laravel\framework\src\Illuminate\Database\Connection.php:420
    416▕             // For select statements, we'll simply execute the query and return an array
    417▕             // of the database result set. Each element in the array will be a single
    418▕             // row from the database table, and will either be an array or objects.
    419▕             $statement = $this->prepared(
  ➜ 420▕                 $this->getPdoForSelect($useReadPdo)->prepare($query)
    421▕             );
    422▕ 
    423▕             $this->bindValues($statement, $this->prepareBindings($bindings));
    424▕

  1   vendor\laravel\framework\src\Illuminate\Database\Connection.php:420
  2   vendor\laravel\framework\src\Illuminate\Database\Connection.php:827

  ────────────────────────────────────────────────────────────────────────────────────────────────────────────────────  
   FAILED  Tests\Feature\Api\Admin\V1\ProductPromotionsTest > update replaces the applied promotions   QueryException   
  SQLSTATE[HY000]: General error: 1 unrecognized token: ""products"")" (Connection: sqlite, Database: :memory:, SQL: pragma index_list("products""))

  at vendor\laravel\framework\src\Illuminate\Database\Connection.php:420
    416▕             // For select statements, we'll simply execute the query and return an array
    417▕             // of the database result set. Each element in the array will be a single
    418▕             // row from the database table, and will either be an array or objects.
    419▕             $statement = $this->prepared(
  ➜ 420▕                 $this->getPdoForSelect($useReadPdo)->prepare($query)
    421▕             );
    422▕ 
    423▕             $this->bindValues($statement, $this->prepareBindings($bindings));
    424▕

  1   vendor\laravel\framework\src\Illuminate\Database\Connection.php:420
  2   vendor\laravel\framework\src\Illuminate\Database\Connection.php:827

  ────────────────────────────────────────────────────────────────────────────────────────────────────────────────────  
   FAILED  Tests\Feature\Api\Admin\V1\ProductPromotionsTest > an empty promotion_ids array detaches…   QueryException   
  SQLSTATE[HY000]: General error: 1 unrecognized token: ""products"")" (Connection: sqlite, Database: :memory:, SQL: pragma index_list("products""))

  at vendor\laravel\framework\src\Illuminate\Database\Connection.php:420
    416▕             // For select statements, we'll simply execute the query and return an array
    417▕             // of the database result set. Each element in the array will be a single
    418▕             // row from the database table, and will either be an array or objects.
    419▕             $statement = $this->prepared(
  ➜ 420▕                 $this->getPdoForSelect($useReadPdo)->prepare($query)
    421▕             );
    422▕ 
    423▕             $this->bindValues($statement, $this->prepareBindings($bindings));
    424▕

  1   vendor\laravel\framework\src\Illuminate\Database\Connection.php:420
  2   vendor\laravel\framework\src\Illuminate\Database\Connection.php:827

  ────────────────────────────────────────────────────────────────────────────────────────────────────────────────────  
   FAILED  Tests\Feature\Api\Admin\V1\ProductPromotionsTest > omitting promotion_ids leaves the appl…  QueryException   
  SQLSTATE[HY000]: General error: 1 unrecognized token: ""products"")" (Connection: sqlite, Database: :memory:, SQL: pragma index_list("products""))

  at vendor\laravel\framework\src\Illuminate\Database\Connection.php:420
    416▕             // For select statements, we'll simply execute the query and return an array
    417▕             // of the database result set. Each element in the array will be a single
    418▕             // row from the database table, and will either be an array or objects.
    419▕             $statement = $this->prepared(
  ➜ 420▕                 $this->getPdoForSelect($useReadPdo)->prepare($query)
    421▕             );
    422▕ 
    423▕             $this->bindValues($statement, $this->prepareBindings($bindings));
    424▕

  1   vendor\laravel\framework\src\Illuminate\Database\Connection.php:420
  2   vendor\laravel\framework\src\Illuminate\Database\Connection.php:827

  ────────────────────────────────────────────────────────────────────────────────────────────────────────────────────  
   FAILED  Tests\Feature\Api\Admin\V1\ProductPromotionsTest > show returns the applied promotions wi…  QueryException   
  SQLSTATE[HY000]: General error: 1 unrecognized token: ""products"")" (Connection: sqlite, Database: :memory:, SQL: pragma index_list("products""))

  at vendor\laravel\framework\src\Illuminate\Database\Connection.php:420
    416▕             // For select statements, we'll simply execute the query and return an array
    417▕             // of the database result set. Each element in the array will be a single
    418▕             // row from the database table, and will either be an array or objects.
    419▕             $statement = $this->prepared(
  ➜ 420▕                 $this->getPdoForSelect($useReadPdo)->prepare($query)
    421▕             );
    422▕ 
    423▕             $this->bindValues($statement, $this->prepareBindings($bindings));
    424▕

  1   vendor\laravel\framework\src\Illuminate\Database\Connection.php:420
  2   vendor\laravel\framework\src\Illuminate\Database\Connection.php:827

  ────────────────────────────────────────────────────────────────────────────────────────────────────────────────────  
   FAILED  Tests\Feature\Api\Admin\V1\ProductPromotionsTest > a duplicate id in the payload attaches…  QueryException   
  SQLSTATE[HY000]: General error: 1 unrecognized token: ""products"")" (Connection: sqlite, Database: :memory:, SQL: pragma index_list("products""))

  at vendor\laravel\framework\src\Illuminate\Database\Connection.php:420
    416▕             // For select statements, we'll simply execute the query and return an array
    417▕             // of the database result set. Each element in the array will be a single
    418▕             // row from the database table, and will either be an array or objects.
    419▕             $statement = $this->prepared(
  ➜ 420▕                 $this->getPdoForSelect($useReadPdo)->prepare($query)
    421▕             );
    422▕ 
    423▕             $this->bindValues($statement, $this->prepareBindings($bindings));
    424▕

  1   vendor\laravel\framework\src\Illuminate\Database\Connection.php:420
  2   vendor\laravel\framework\src\Illuminate\Database\Connection.php:827

  ────────────────────────────────────────────────────────────────────────────────────────────────────────────────────  
   FAILED  Tests\Feature\Api\Admin\V1\ProductPromotionsTest > an unknown promotion id is rejected      QueryException   
  SQLSTATE[HY000]: General error: 1 unrecognized token: ""products"")" (Connection: sqlite, Database: :memory:, SQL: pragma index_list("products""))

  at vendor\laravel\framework\src\Illuminate\Database\Connection.php:420
    416▕             // For select statements, we'll simply execute the query and return an array
    417▕             // of the database result set. Each element in the array will be a single
    418▕             // row from the database table, and will either be an array or objects.
    419▕             $statement = $this->prepared(
  ➜ 420▕                 $this->getPdoForSelect($useReadPdo)->prepare($query)
    421▕             );
    422▕ 
    423▕             $this->bindValues($statement, $this->prepareBindings($bindings));
    424▕

  1   vendor\laravel\framework\src\Illuminate\Database\Connection.php:420
  2   vendor\laravel\framework\src\Illuminate\Database\Connection.php:827

  ────────────────────────────────────────────────────────────────────────────────────────────────────────────────────  
   FAILED  Tests\Feature\Api\Admin\V1\ProductPromotionsTest > a soft-deleted promotion is rejected a…  QueryException   
  SQLSTATE[HY000]: General error: 1 unrecognized token: ""products"")" (Connection: sqlite, Database: :memory:, SQL: pragma index_list("products""))

  at vendor\laravel\framework\src\Illuminate\Database\Connection.php:420
    416▕             // For select statements, we'll simply execute the query and return an array
    417▕             // of the database result set. Each element in the array will be a single
    418▕             // row from the database table, and will either be an array or objects.
    419▕             $statement = $this->prepared(
  ➜ 420▕                 $this->getPdoForSelect($useReadPdo)->prepare($query)
    421▕             );
    422▕ 
    423▕             $this->bindValues($statement, $this->prepareBindings($bindings));
    424▕

  1   vendor\laravel\framework\src\Illuminate\Database\Connection.php:420
  2   vendor\laravel\framework\src\Illuminate\Database\Connection.php:827

  ────────────────────────────────────────────────────────────────────────────────────────────────────────────────────  
   FAILED  Tests\Feature\Api\Admin\V1\ProductPromotionsTest > deleting a product removes its pivot r…  QueryException   
  SQLSTATE[HY000]: General error: 1 unrecognized token: ""products"")" (Connection: sqlite, Database: :memory:, SQL: pragma index_list("products""))

  at vendor\laravel\framework\src\Illuminate\Database\Connection.php:420
    416▕             // For select statements, we'll simply execute the query and return an array
    417▕             // of the database result set. Each element in the array will be a single
    418▕             // row from the database table, and will either be an array or objects.
    419▕             $statement = $this->prepared(
  ➜ 420▕                 $this->getPdoForSelect($useReadPdo)->prepare($query)
    421▕             );
    422▕ 
    423▕             $this->bindValues($statement, $this->prepareBindings($bindings));
    424▕

  1   vendor\laravel\framework\src\Illuminate\Database\Connection.php:420
  2   vendor\laravel\framework\src\Illuminate\Database\Connection.php:827

  ────────────────────────────────────────────────────────────────────────────────────────────────────────────────────  
   FAILED  Tests\Feature\Api\Admin\V1\RoleManagementTest > admin with roles.view can list roles        QueryException   
  SQLSTATE[HY000]: General error: 1 unrecognized token: ""products"")" (Connection: sqlite, Database: :memory:, SQL: pragma index_list("products""))

  at vendor\laravel\framework\src\Illuminate\Database\Connection.php:420
    416▕             // For select statements, we'll simply execute the query and return an array
    417▕             // of the database result set. Each element in the array will be a single
    418▕             // row from the database table, and will either be an array or objects.
    419▕             $statement = $this->prepared(
  ➜ 420▕                 $this->getPdoForSelect($useReadPdo)->prepare($query)
    421▕             );
    422▕ 
    423▕             $this->bindValues($statement, $this->prepareBindings($bindings));
    424▕

  1   vendor\laravel\framework\src\Illuminate\Database\Connection.php:420
  2   vendor\laravel\framework\src\Illuminate\Database\Connection.php:827

  ────────────────────────────────────────────────────────────────────────────────────────────────────────────────────  
   FAILED  Tests\Feature\Api\Admin\V1\RoleManagementTest > admin can create a role with permissions    QueryException   
  SQLSTATE[HY000]: General error: 1 unrecognized token: ""products"")" (Connection: sqlite, Database: :memory:, SQL: pragma index_list("products""))

  at vendor\laravel\framework\src\Illuminate\Database\Connection.php:420
    416▕             // For select statements, we'll simply execute the query and return an array
    417▕             // of the database result set. Each element in the array will be a single
    418▕             // row from the database table, and will either be an array or objects.
    419▕             $statement = $this->prepared(
  ➜ 420▕                 $this->getPdoForSelect($useReadPdo)->prepare($query)
    421▕             );
    422▕ 
    423▕             $this->bindValues($statement, $this->prepareBindings($bindings));
    424▕

  1   vendor\laravel\framework\src\Illuminate\Database\Connection.php:420
  2   vendor\laravel\framework\src\Illuminate\Database\Connection.php:827

  ────────────────────────────────────────────────────────────────────────────────────────────────────────────────────  
   FAILED  Tests\Feature\Api\Admin\V1\RoleManagementTest > role name uniqueness is enforced within a…  QueryException   
  SQLSTATE[HY000]: General error: 1 unrecognized token: ""products"")" (Connection: sqlite, Database: :memory:, SQL: pragma index_list("products""))

  at vendor\laravel\framework\src\Illuminate\Database\Connection.php:420
    416▕             // For select statements, we'll simply execute the query and return an array
    417▕             // of the database result set. Each element in the array will be a single
    418▕             // row from the database table, and will either be an array or objects.
    419▕             $statement = $this->prepared(
  ➜ 420▕                 $this->getPdoForSelect($useReadPdo)->prepare($query)
    421▕             );
    422▕ 
    423▕             $this->bindValues($statement, $this->prepareBindings($bindings));
    424▕

  1   vendor\laravel\framework\src\Illuminate\Database\Connection.php:420
  2   vendor\laravel\framework\src\Illuminate\Database\Connection.php:827

  ────────────────────────────────────────────────────────────────────────────────────────────────────────────────────  
   FAILED  Tests\Feature\Api\Admin\V1\RoleManagementTest > platform roles cannot be deleted            QueryException   
  SQLSTATE[HY000]: General error: 1 unrecognized token: ""products"")" (Connection: sqlite, Database: :memory:, SQL: pragma index_list("products""))

  at vendor\laravel\framework\src\Illuminate\Database\Connection.php:420
    416▕             // For select statements, we'll simply execute the query and return an array
    417▕             // of the database result set. Each element in the array will be a single
    418▕             // row from the database table, and will either be an array or objects.
    419▕             $statement = $this->prepared(
  ➜ 420▕                 $this->getPdoForSelect($useReadPdo)->prepare($query)
    421▕             );
    422▕ 
    423▕             $this->bindValues($statement, $this->prepareBindings($bindings));
    424▕

  1   vendor\laravel\framework\src\Illuminate\Database\Connection.php:420
  2   vendor\laravel\framework\src\Illuminate\Database\Connection.php:827

  ────────────────────────────────────────────────────────────────────────────────────────────────────────────────────  
   FAILED  Tests\Feature\Api\Admin\V1\RoleManagementTest > admin can sync role permissions             QueryException   
  SQLSTATE[HY000]: General error: 1 unrecognized token: ""products"")" (Connection: sqlite, Database: :memory:, SQL: pragma index_list("products""))

  at vendor\laravel\framework\src\Illuminate\Database\Connection.php:420
    416▕             // For select statements, we'll simply execute the query and return an array
    417▕             // of the database result set. Each element in the array will be a single
    418▕             // row from the database table, and will either be an array or objects.
    419▕             $statement = $this->prepared(
  ➜ 420▕                 $this->getPdoForSelect($useReadPdo)->prepare($query)
    421▕             );
    422▕ 
    423▕             $this->bindValues($statement, $this->prepareBindings($bindings));
    424▕

  1   vendor\laravel\framework\src\Illuminate\Database\Connection.php:420
  2   vendor\laravel\framework\src\Illuminate\Database\Connection.php:827

  ────────────────────────────────────────────────────────────────────────────────────────────────────────────────────  
   FAILED  Tests\Feature\Api\Admin\V1\RoleManagementTest > invalid role name format is rejected        QueryException   
  SQLSTATE[HY000]: General error: 1 unrecognized token: ""products"")" (Connection: sqlite, Database: :memory:, SQL: pragma index_list("products""))

  at vendor\laravel\framework\src\Illuminate\Database\Connection.php:420
    416▕             // For select statements, we'll simply execute the query and return an array
    417▕             // of the database result set. Each element in the array will be a single
    418▕             // row from the database table, and will either be an array or objects.
    419▕             $statement = $this->prepared(
  ➜ 420▕                 $this->getPdoForSelect($useReadPdo)->prepare($query)
    421▕             );
    422▕ 
    423▕             $this->bindValues($statement, $this->prepareBindings($bindings));
    424▕

  1   vendor\laravel\framework\src\Illuminate\Database\Connection.php:420
  2   vendor\laravel\framework\src\Illuminate\Database\Connection.php:827

  ────────────────────────────────────────────────────────────────────────────────────────────────────────────────────  
   FAILED  Tests\Feature\Api\Admin\V1\RoleManagementTest > permission seeder is idempotent and retai…  QueryException   
  SQLSTATE[HY000]: General error: 1 unrecognized token: ""products"")" (Connection: sqlite, Database: :memory:, SQL: pragma index_list("products""))

  at vendor\laravel\framework\src\Illuminate\Database\Connection.php:420
    416▕             // For select statements, we'll simply execute the query and return an array
    417▕             // of the database result set. Each element in the array will be a single
    418▕             // row from the database table, and will either be an array or objects.
    419▕             $statement = $this->prepared(
  ➜ 420▕                 $this->getPdoForSelect($useReadPdo)->prepare($query)
    421▕             );
    422▕ 
    423▕             $this->bindValues($statement, $this->prepareBindings($bindings));
    424▕

  1   vendor\laravel\framework\src\Illuminate\Database\Connection.php:420
  2   vendor\laravel\framework\src\Illuminate\Database\Connection.php:827

  ────────────────────────────────────────────────────────────────────────────────────────────────────────────────────  
   FAILED  Tests\Feature\Api\Admin\V1\UserManagementTest > admin with users.view can list users        QueryException   
  SQLSTATE[HY000]: General error: 1 unrecognized token: ""products"")" (Connection: sqlite, Database: :memory:, SQL: pragma index_list("products""))

  at vendor\laravel\framework\src\Illuminate\Database\Connection.php:420
    416▕             // For select statements, we'll simply execute the query and return an array
    417▕             // of the database result set. Each element in the array will be a single
    418▕             // row from the database table, and will either be an array or objects.
    419▕             $statement = $this->prepared(
  ➜ 420▕                 $this->getPdoForSelect($useReadPdo)->prepare($query)
    421▕             );
    422▕ 
    423▕             $this->bindValues($statement, $this->prepareBindings($bindings));
    424▕

  1   vendor\laravel\framework\src\Illuminate\Database\Connection.php:420
  2   vendor\laravel\framework\src\Illuminate\Database\Connection.php:827

  ────────────────────────────────────────────────────────────────────────────────────────────────────────────────────  
   FAILED  Tests\Feature\Api\Admin\V1\UserManagementTest > admin without users.view cannot list user…  QueryException   
  SQLSTATE[HY000]: General error: 1 unrecognized token: ""products"")" (Connection: sqlite, Database: :memory:, SQL: pragma index_list("products""))

  at vendor\laravel\framework\src\Illuminate\Database\Connection.php:420
    416▕             // For select statements, we'll simply execute the query and return an array
    417▕             // of the database result set. Each element in the array will be a single
    418▕             // row from the database table, and will either be an array or objects.
    419▕             $statement = $this->prepared(
  ➜ 420▕                 $this->getPdoForSelect($useReadPdo)->prepare($query)
    421▕             );
    422▕ 
    423▕             $this->bindValues($statement, $this->prepareBindings($bindings));
    424▕

  1   vendor\laravel\framework\src\Illuminate\Database\Connection.php:420
  2   vendor\laravel\framework\src\Illuminate\Database\Connection.php:827

  ────────────────────────────────────────────────────────────────────────────────────────────────────────────────────  
   FAILED  Tests\Feature\Api\Admin\V1\UserManagementTest > admin can create a user with a role         QueryException   
  SQLSTATE[HY000]: General error: 1 unrecognized token: ""products"")" (Connection: sqlite, Database: :memory:, SQL: pragma index_list("products""))

  at vendor\laravel\framework\src\Illuminate\Database\Connection.php:420
    416▕             // For select statements, we'll simply execute the query and return an array
    417▕             // of the database result set. Each element in the array will be a single
    418▕             // row from the database table, and will either be an array or objects.
    419▕             $statement = $this->prepared(
  ➜ 420▕                 $this->getPdoForSelect($useReadPdo)->prepare($query)
    421▕             );
    422▕ 
    423▕             $this->bindValues($statement, $this->prepareBindings($bindings));
    424▕

  1   vendor\laravel\framework\src\Illuminate\Database\Connection.php:420
  2   vendor\laravel\framework\src\Illuminate\Database\Connection.php:827

  ────────────────────────────────────────────────────────────────────────────────────────────────────────────────────  
   FAILED  Tests\Feature\Api\Admin\V1\UserManagementTest > email uniqueness is enforced                QueryException   
  SQLSTATE[HY000]: General error: 1 unrecognized token: ""products"")" (Connection: sqlite, Database: :memory:, SQL: pragma index_list("products""))

  at vendor\laravel\framework\src\Illuminate\Database\Connection.php:420
    416▕             // For select statements, we'll simply execute the query and return an array
    417▕             // of the database result set. Each element in the array will be a single
    418▕             // row from the database table, and will either be an array or objects.
    419▕             $statement = $this->prepared(
  ➜ 420▕                 $this->getPdoForSelect($useReadPdo)->prepare($query)
    421▕             );
    422▕ 
    423▕             $this->bindValues($statement, $this->prepareBindings($bindings));
    424▕

  1   vendor\laravel\framework\src\Illuminate\Database\Connection.php:420
  2   vendor\laravel\framework\src\Illuminate\Database\Connection.php:827

  ────────────────────────────────────────────────────────────────────────────────────────────────────────────────────  
   FAILED  Tests\Feature\Api\Admin\V1\UserManagementTest > admin cannot delete themselves              QueryException   
  SQLSTATE[HY000]: General error: 1 unrecognized token: ""products"")" (Connection: sqlite, Database: :memory:, SQL: pragma index_list("products""))

  at vendor\laravel\framework\src\Illuminate\Database\Connection.php:420
    416▕             // For select statements, we'll simply execute the query and return an array
    417▕             // of the database result set. Each element in the array will be a single
    418▕             // row from the database table, and will either be an array or objects.
    419▕             $statement = $this->prepared(
  ➜ 420▕                 $this->getPdoForSelect($useReadPdo)->prepare($query)
    421▕             );
    422▕ 
    423▕             $this->bindValues($statement, $this->prepareBindings($bindings));
    424▕

  1   vendor\laravel\framework\src\Illuminate\Database\Connection.php:420
  2   vendor\laravel\framework\src\Illuminate\Database\Connection.php:827

  ────────────────────────────────────────────────────────────────────────────────────────────────────────────────────  
   FAILED  Tests\Feature\Api\Admin\V1\UserManagementTest > User::countActiveSuperAdminsExcept return…  QueryException   
  SQLSTATE[HY000]: General error: 1 unrecognized token: ""products"")" (Connection: sqlite, Database: :memory:, SQL: pragma index_list("products""))

  at vendor\laravel\framework\src\Illuminate\Database\Connection.php:420
    416▕             // For select statements, we'll simply execute the query and return an array
    417▕             // of the database result set. Each element in the array will be a single
    418▕             // row from the database table, and will either be an array or objects.
    419▕             $statement = $this->prepared(
  ➜ 420▕                 $this->getPdoForSelect($useReadPdo)->prepare($query)
    421▕             );
    422▕ 
    423▕             $this->bindValues($statement, $this->prepareBindings($bindings));
    424▕

  1   vendor\laravel\framework\src\Illuminate\Database\Connection.php:420
  2   vendor\laravel\framework\src\Illuminate\Database\Connection.php:827

  ────────────────────────────────────────────────────────────────────────────────────────────────────────────────────  
   FAILED  Tests\Feature\Api\Admin\V1\UserManagementTest > user-management controller blocks delete…   QueryException   
  SQLSTATE[HY000]: General error: 1 unrecognized token: ""products"")" (Connection: sqlite, Database: :memory:, SQL: pragma index_list("products""))

  at vendor\laravel\framework\src\Illuminate\Database\Connection.php:420
    416▕             // For select statements, we'll simply execute the query and return an array
    417▕             // of the database result set. Each element in the array will be a single
    418▕             // row from the database table, and will either be an array or objects.
    419▕             $statement = $this->prepared(
  ➜ 420▕                 $this->getPdoForSelect($useReadPdo)->prepare($query)
    421▕             );
    422▕ 
    423▕             $this->bindValues($statement, $this->prepareBindings($bindings));
    424▕

  1   vendor\laravel\framework\src\Illuminate\Database\Connection.php:420
  2   vendor\laravel\framework\src\Illuminate\Database\Connection.php:827

  ────────────────────────────────────────────────────────────────────────────────────────────────────────────────────  
   FAILED  Tests\Feature\Api\Admin\V1\UserManagementTest > admin can assign and revoke roles           QueryException   
  SQLSTATE[HY000]: General error: 1 unrecognized token: ""products"")" (Connection: sqlite, Database: :memory:, SQL: pragma index_list("products""))

  at vendor\laravel\framework\src\Illuminate\Database\Connection.php:420
    416▕             // For select statements, we'll simply execute the query and return an array
    417▕             // of the database result set. Each element in the array will be a single
    418▕             // row from the database table, and will either be an array or objects.
    419▕             $statement = $this->prepared(
  ➜ 420▕                 $this->getPdoForSelect($useReadPdo)->prepare($query)
    421▕             );
    422▕ 
    423▕             $this->bindValues($statement, $this->prepareBindings($bindings));
    424▕

  1   vendor\laravel\framework\src\Illuminate\Database\Connection.php:420
  2   vendor\laravel\framework\src\Illuminate\Database\Connection.php:827

  ────────────────────────────────────────────────────────────────────────────────────────────────────────────────────  
   FAILED  Tests\Feature\Api\Admin\V1\UserManagementTest > soft-deleted user has their admin tokens…   QueryException   
  SQLSTATE[HY000]: General error: 1 unrecognized token: ""products"")" (Connection: sqlite, Database: :memory:, SQL: pragma index_list("products""))

  at vendor\laravel\framework\src\Illuminate\Database\Connection.php:420
    416▕             // For select statements, we'll simply execute the query and return an array
    417▕             // of the database result set. Each element in the array will be a single
    418▕             // row from the database table, and will either be an array or objects.
    419▕             $statement = $this->prepared(
  ➜ 420▕                 $this->getPdoForSelect($useReadPdo)->prepare($query)
    421▕             );
    422▕ 
    423▕             $this->bindValues($statement, $this->prepareBindings($bindings));
    424▕

  1   vendor\laravel\framework\src\Illuminate\Database\Connection.php:420
  2   vendor\laravel\framework\src\Illuminate\Database\Connection.php:827

  ────────────────────────────────────────────────────────────────────────────────────────────────────────────────────  
   FAILED  Tests\Feature\Api\Admin\V1\UserManagementTest > admin cannot disable their own is_admin f…  QueryException   
  SQLSTATE[HY000]: General error: 1 unrecognized token: ""products"")" (Connection: sqlite, Database: :memory:, SQL: pragma index_list("products""))

  at vendor\laravel\framework\src\Illuminate\Database\Connection.php:420
    416▕             // For select statements, we'll simply execute the query and return an array
    417▕             // of the database result set. Each element in the array will be a single
    418▕             // row from the database table, and will either be an array or objects.
    419▕             $statement = $this->prepared(
  ➜ 420▕                 $this->getPdoForSelect($useReadPdo)->prepare($query)
    421▕             );
    422▕ 
    423▕             $this->bindValues($statement, $this->prepareBindings($bindings));
    424▕

  1   vendor\laravel\framework\src\Illuminate\Database\Connection.php:420
  2   vendor\laravel\framework\src\Illuminate\Database\Connection.php:827

  ────────────────────────────────────────────────────────────────────────────────────────────────────────────────────  
   FAILED  Tests\Feature\Api\Admin\V1\UserManagementTest > super-admin can reset an administrator pa…  QueryException   
  SQLSTATE[HY000]: General error: 1 unrecognized token: ""products"")" (Connection: sqlite, Database: :memory:, SQL: pragma index_list("products""))

  at vendor\laravel\framework\src\Illuminate\Database\Connection.php:420
    416▕             // For select statements, we'll simply execute the query and return an array
    417▕             // of the database result set. Each element in the array will be a single
    418▕             // row from the database table, and will either be an array or objects.
    419▕             $statement = $this->prepared(
  ➜ 420▕                 $this->getPdoForSelect($useReadPdo)->prepare($query)
    421▕             );
    422▕ 
    423▕             $this->bindValues($statement, $this->prepareBindings($bindings));
    424▕

  1   vendor\laravel\framework\src\Illuminate\Database\Connection.php:420
  2   vendor\laravel\framework\src\Illuminate\Database\Connection.php:827

  ────────────────────────────────────────────────────────────────────────────────────────────────────────────────────  
   FAILED  Tests\Feature\Api\Admin\V1\UserManagementTest > non-super-admin cannot reset an administr…  QueryException   
  SQLSTATE[HY000]: General error: 1 unrecognized token: ""products"")" (Connection: sqlite, Database: :memory:, SQL: pragma index_list("products""))

  at vendor\laravel\framework\src\Illuminate\Database\Connection.php:420
    416▕             // For select statements, we'll simply execute the query and return an array
    417▕             // of the database result set. Each element in the array will be a single
    418▕             // row from the database table, and will either be an array or objects.
    419▕             $statement = $this->prepared(
  ➜ 420▕                 $this->getPdoForSelect($useReadPdo)->prepare($query)
    421▕             );
    422▕ 
    423▕             $this->bindValues($statement, $this->prepareBindings($bindings));
    424▕

  1   vendor\laravel\framework\src\Illuminate\Database\Connection.php:420
  2   vendor\laravel\framework\src\Illuminate\Database\Connection.php:827

  ────────────────────────────────────────────────────────────────────────────────────────────────────────────────────  
   FAILED  Tests\Feature\Api\Client\V1\AbaPayWayTest > purchase creates payment record                 QueryException   
  SQLSTATE[HY000]: General error: 1 unrecognized token: ""products"")" (Connection: sqlite, Database: :memory:, SQL: pragma index_list("products""))

  at vendor\laravel\framework\src\Illuminate\Database\Connection.php:420
    416▕             // For select statements, we'll simply execute the query and return an array
    417▕             // of the database result set. Each element in the array will be a single
    418▕             // row from the database table, and will either be an array or objects.
    419▕             $statement = $this->prepared(
  ➜ 420▕                 $this->getPdoForSelect($useReadPdo)->prepare($query)
    421▕             );
    422▕ 
    423▕             $this->bindValues($statement, $this->prepareBindings($bindings));
    424▕

  1   vendor\laravel\framework\src\Illuminate\Database\Connection.php:420
  2   vendor\laravel\framework\src\Illuminate\Database\Connection.php:827

  ────────────────────────────────────────────────────────────────────────────────────────────────────────────────────  
   FAILED  Tests\Feature\Api\Client\V1\AbaPayWayTest > purchase is idempotent                          QueryException   
  SQLSTATE[HY000]: General error: 1 unrecognized token: ""products"")" (Connection: sqlite, Database: :memory:, SQL: pragma index_list("products""))

  at vendor\laravel\framework\src\Illuminate\Database\Connection.php:420
    416▕             // For select statements, we'll simply execute the query and return an array
    417▕             // of the database result set. Each element in the array will be a single
    418▕             // row from the database table, and will either be an array or objects.
    419▕             $statement = $this->prepared(
  ➜ 420▕                 $this->getPdoForSelect($useReadPdo)->prepare($query)
    421▕             );
    422▕ 
    423▕             $this->bindValues($statement, $this->prepareBindings($bindings));
    424▕

  1   vendor\laravel\framework\src\Illuminate\Database\Connection.php:420
  2   vendor\laravel\framework\src\Illuminate\Database\Connection.php:827

  ────────────────────────────────────────────────────────────────────────────────────────────────────────────────────  
   FAILED  Tests\Feature\Api\Client\V1\AbaPayWayTest > callback marks payment as paid                  QueryException   
  SQLSTATE[HY000]: General error: 1 unrecognized token: ""products"")" (Connection: sqlite, Database: :memory:, SQL: pragma index_list("products""))

  at vendor\laravel\framework\src\Illuminate\Database\Connection.php:420
    416▕             // For select statements, we'll simply execute the query and return an array
    417▕             // of the database result set. Each element in the array will be a single
    418▕             // row from the database table, and will either be an array or objects.
    419▕             $statement = $this->prepared(
  ➜ 420▕                 $this->getPdoForSelect($useReadPdo)->prepare($query)
    421▕             );
    422▕ 
    423▕             $this->bindValues($statement, $this->prepareBindings($bindings));
    424▕

  1   vendor\laravel\framework\src\Illuminate\Database\Connection.php:420
  2   vendor\laravel\framework\src\Illuminate\Database\Connection.php:827

  ────────────────────────────────────────────────────────────────────────────────────────────────────────────────────  
   FAILED  Tests\Feature\Api\Client\V1\AbaPayWayTest > callback marks payment as failed                QueryException   
  SQLSTATE[HY000]: General error: 1 unrecognized token: ""products"")" (Connection: sqlite, Database: :memory:, SQL: pragma index_list("products""))

  at vendor\laravel\framework\src\Illuminate\Database\Connection.php:420
    416▕             // For select statements, we'll simply execute the query and return an array
    417▕             // of the database result set. Each element in the array will be a single
    418▕             // row from the database table, and will either be an array or objects.
    419▕             $statement = $this->prepared(
  ➜ 420▕                 $this->getPdoForSelect($useReadPdo)->prepare($query)
    421▕             );
    422▕ 
    423▕             $this->bindValues($statement, $this->prepareBindings($bindings));
    424▕

  1   vendor\laravel\framework\src\Illuminate\Database\Connection.php:420
  2   vendor\laravel\framework\src\Illuminate\Database\Connection.php:827

  ────────────────────────────────────────────────────────────────────────────────────────────────────────────────────  
   FAILED  Tests\Feature\Api\Client\V1\AbaPayWayTest > callback rejects invalid signature              QueryException   
  SQLSTATE[HY000]: General error: 1 unrecognized token: ""products"")" (Connection: sqlite, Database: :memory:, SQL: pragma index_list("products""))

  at vendor\laravel\framework\src\Illuminate\Database\Connection.php:420
    416▕             // For select statements, we'll simply execute the query and return an array
    417▕             // of the database result set. Each element in the array will be a single
    418▕             // row from the database table, and will either be an array or objects.
    419▕             $statement = $this->prepared(
  ➜ 420▕                 $this->getPdoForSelect($useReadPdo)->prepare($query)
    421▕             );
    422▕ 
    423▕             $this->bindValues($statement, $this->prepareBindings($bindings));
    424▕

  1   vendor\laravel\framework\src\Illuminate\Database\Connection.php:420
  2   vendor\laravel\framework\src\Illuminate\Database\Connection.php:827

  ────────────────────────────────────────────────────────────────────────────────────────────────────────────────────  
   FAILED  Tests\Feature\Api\Client\V1\AbaPayWayTest > callback is idempotent                          QueryException   
  SQLSTATE[HY000]: General error: 1 unrecognized token: ""products"")" (Connection: sqlite, Database: :memory:, SQL: pragma index_list("products""))

  at vendor\laravel\framework\src\Illuminate\Database\Connection.php:420
    416▕             // For select statements, we'll simply execute the query and return an array
    417▕             // of the database result set. Each element in the array will be a single
    418▕             // row from the database table, and will either be an array or objects.
    419▕             $statement = $this->prepared(
  ➜ 420▕                 $this->getPdoForSelect($useReadPdo)->prepare($query)
    421▕             );
    422▕ 
    423▕             $this->bindValues($statement, $this->prepareBindings($bindings));
    424▕

  1   vendor\laravel\framework\src\Illuminate\Database\Connection.php:420
  2   vendor\laravel\framework\src\Illuminate\Database\Connection.php:827

  ────────────────────────────────────────────────────────────────────────────────────────────────────────────────────  
   FAILED  Tests\Feature\Api\Client\V1\AbaPayWayTest > check requires authorization                    QueryException   
  SQLSTATE[HY000]: General error: 1 unrecognized token: ""products"")" (Connection: sqlite, Database: :memory:, SQL: pragma index_list("products""))

  at vendor\laravel\framework\src\Illuminate\Database\Connection.php:420
    416▕             // For select statements, we'll simply execute the query and return an array
    417▕             // of the database result set. Each element in the array will be a single
    418▕             // row from the database table, and will either be an array or objects.
    419▕             $statement = $this->prepared(
  ➜ 420▕                 $this->getPdoForSelect($useReadPdo)->prepare($query)
    421▕             );
    422▕ 
    423▕             $this->bindValues($statement, $this->prepareBindings($bindings));
    424▕

  1   vendor\laravel\framework\src\Illuminate\Database\Connection.php:420
  2   vendor\laravel\framework\src\Illuminate\Database\Connection.php:827

  ────────────────────────────────────────────────────────────────────────────────────────────────────────────────────  
   FAILED  Tests\Feature\Api\Client\V1\AuthTest > register with email                                  QueryException   
  SQLSTATE[HY000]: General error: 1 unrecognized token: ""products"")" (Connection: sqlite, Database: :memory:, SQL: pragma index_list("products""))

  at vendor\laravel\framework\src\Illuminate\Database\Connection.php:420
    416▕             // For select statements, we'll simply execute the query and return an array
    417▕             // of the database result set. Each element in the array will be a single
    418▕             // row from the database table, and will either be an array or objects.
    419▕             $statement = $this->prepared(
  ➜ 420▕                 $this->getPdoForSelect($useReadPdo)->prepare($query)
    421▕             );
    422▕ 
    423▕             $this->bindValues($statement, $this->prepareBindings($bindings));
    424▕

  1   vendor\laravel\framework\src\Illuminate\Database\Connection.php:420
  2   vendor\laravel\framework\src\Illuminate\Database\Connection.php:827

  ────────────────────────────────────────────────────────────────────────────────────────────────────────────────────  
   FAILED  Tests\Feature\Api\Client\V1\AuthTest > register with phone                                  QueryException   
  SQLSTATE[HY000]: General error: 1 unrecognized token: ""products"")" (Connection: sqlite, Database: :memory:, SQL: pragma index_list("products""))

  at vendor\laravel\framework\src\Illuminate\Database\Connection.php:420
    416▕             // For select statements, we'll simply execute the query and return an array
    417▕             // of the database result set. Each element in the array will be a single
    418▕             // row from the database table, and will either be an array or objects.
    419▕             $statement = $this->prepared(
  ➜ 420▕                 $this->getPdoForSelect($useReadPdo)->prepare($query)
    421▕             );
    422▕ 
    423▕             $this->bindValues($statement, $this->prepareBindings($bindings));
    424▕

  1   vendor\laravel\framework\src\Illuminate\Database\Connection.php:420
  2   vendor\laravel\framework\src\Illuminate\Database\Connection.php:827

  ────────────────────────────────────────────────────────────────────────────────────────────────────────────────────  
   FAILED  Tests\Feature\Api\Client\V1\AuthTest > register requires email or phone                     QueryException   
  SQLSTATE[HY000]: General error: 1 unrecognized token: ""products"")" (Connection: sqlite, Database: :memory:, SQL: pragma index_list("products""))

  at vendor\laravel\framework\src\Illuminate\Database\Connection.php:420
    416▕             // For select statements, we'll simply execute the query and return an array
    417▕             // of the database result set. Each element in the array will be a single
    418▕             // row from the database table, and will either be an array or objects.
    419▕             $statement = $this->prepared(
  ➜ 420▕                 $this->getPdoForSelect($useReadPdo)->prepare($query)
    421▕             );
    422▕ 
    423▕             $this->bindValues($statement, $this->prepareBindings($bindings));
    424▕

  1   vendor\laravel\framework\src\Illuminate\Database\Connection.php:420
  2   vendor\laravel\framework\src\Illuminate\Database\Connection.php:827

  ────────────────────────────────────────────────────────────────────────────────────────────────────────────────────  
   FAILED  Tests\Feature\Api\Client\V1\AuthTest > register rejects duplicate email                     QueryException   
  SQLSTATE[HY000]: General error: 1 unrecognized token: ""products"")" (Connection: sqlite, Database: :memory:, SQL: pragma index_list("products""))

  at vendor\laravel\framework\src\Illuminate\Database\Connection.php:420
    416▕             // For select statements, we'll simply execute the query and return an array
    417▕             // of the database result set. Each element in the array will be a single
    418▕             // row from the database table, and will either be an array or objects.
    419▕             $statement = $this->prepared(
  ➜ 420▕                 $this->getPdoForSelect($useReadPdo)->prepare($query)
    421▕             );
    422▕ 
    423▕             $this->bindValues($statement, $this->prepareBindings($bindings));
    424▕

  1   vendor\laravel\framework\src\Illuminate\Database\Connection.php:420
  2   vendor\laravel\framework\src\Illuminate\Database\Connection.php:827

  ────────────────────────────────────────────────────────────────────────────────────────────────────────────────────  
   FAILED  Tests\Feature\Api\Client\V1\AuthTest > register rejects duplicate phone                     QueryException   
  SQLSTATE[HY000]: General error: 1 unrecognized token: ""products"")" (Connection: sqlite, Database: :memory:, SQL: pragma index_list("products""))

  at vendor\laravel\framework\src\Illuminate\Database\Connection.php:420
    416▕             // For select statements, we'll simply execute the query and return an array
    417▕             // of the database result set. Each element in the array will be a single
    418▕             // row from the database table, and will either be an array or objects.
    419▕             $statement = $this->prepared(
  ➜ 420▕                 $this->getPdoForSelect($useReadPdo)->prepare($query)
    421▕             );
    422▕ 
    423▕             $this->bindValues($statement, $this->prepareBindings($bindings));
    424▕

  1   vendor\laravel\framework\src\Illuminate\Database\Connection.php:420
  2   vendor\laravel\framework\src\Illuminate\Database\Connection.php:827

  ────────────────────────────────────────────────────────────────────────────────────────────────────────────────────  
   FAILED  Tests\Feature\Api\Client\V1\AuthTest > register password must be confirmed                  QueryException   
  SQLSTATE[HY000]: General error: 1 unrecognized token: ""products"")" (Connection: sqlite, Database: :memory:, SQL: pragma index_list("products""))

  at vendor\laravel\framework\src\Illuminate\Database\Connection.php:420
    416▕             // For select statements, we'll simply execute the query and return an array
    417▕             // of the database result set. Each element in the array will be a single
    418▕             // row from the database table, and will either be an array or objects.
    419▕             $statement = $this->prepared(
  ➜ 420▕                 $this->getPdoForSelect($useReadPdo)->prepare($query)
    421▕             );
    422▕ 
    423▕             $this->bindValues($statement, $this->prepareBindings($bindings));
    424▕

  1   vendor\laravel\framework\src\Illuminate\Database\Connection.php:420
  2   vendor\laravel\framework\src\Illuminate\Database\Connection.php:827

  ────────────────────────────────────────────────────────────────────────────────────────────────────────────────────  
   FAILED  Tests\Feature\Api\Client\V1\AuthTest > login with valid credentials                         QueryException   
  SQLSTATE[HY000]: General error: 1 unrecognized token: ""products"")" (Connection: sqlite, Database: :memory:, SQL: pragma index_list("products""))

  at vendor\laravel\framework\src\Illuminate\Database\Connection.php:420
    416▕             // For select statements, we'll simply execute the query and return an array
    417▕             // of the database result set. Each element in the array will be a single
    418▕             // row from the database table, and will either be an array or objects.
    419▕             $statement = $this->prepared(
  ➜ 420▕                 $this->getPdoForSelect($useReadPdo)->prepare($query)
    421▕             );
    422▕ 
    423▕             $this->bindValues($statement, $this->prepareBindings($bindings));
    424▕

  1   vendor\laravel\framework\src\Illuminate\Database\Connection.php:420
  2   vendor\laravel\framework\src\Illuminate\Database\Connection.php:827

  ────────────────────────────────────────────────────────────────────────────────────────────────────────────────────  
   FAILED  Tests\Feature\Api\Client\V1\AuthTest > login rejects invalid password                       QueryException   
  SQLSTATE[HY000]: General error: 1 unrecognized token: ""products"")" (Connection: sqlite, Database: :memory:, SQL: pragma index_list("products""))

  at vendor\laravel\framework\src\Illuminate\Database\Connection.php:420
    416▕             // For select statements, we'll simply execute the query and return an array
    417▕             // of the database result set. Each element in the array will be a single
    418▕             // row from the database table, and will either be an array or objects.
    419▕             $statement = $this->prepared(
  ➜ 420▕                 $this->getPdoForSelect($useReadPdo)->prepare($query)
    421▕             );
    422▕ 
    423▕             $this->bindValues($statement, $this->prepareBindings($bindings));
    424▕

  1   vendor\laravel\framework\src\Illuminate\Database\Connection.php:420
  2   vendor\laravel\framework\src\Illuminate\Database\Connection.php:827

  ────────────────────────────────────────────────────────────────────────────────────────────────────────────────────  
   FAILED  Tests\Feature\Api\Client\V1\AuthTest > login rejects nonexistent email                      QueryException   
  SQLSTATE[HY000]: General error: 1 unrecognized token: ""products"")" (Connection: sqlite, Database: :memory:, SQL: pragma index_list("products""))

  at vendor\laravel\framework\src\Illuminate\Database\Connection.php:420
    416▕             // For select statements, we'll simply execute the query and return an array
    417▕             // of the database result set. Each element in the array will be a single
    418▕             // row from the database table, and will either be an array or objects.
    419▕             $statement = $this->prepared(
  ➜ 420▕                 $this->getPdoForSelect($useReadPdo)->prepare($query)
    421▕             );
    422▕ 
    423▕             $this->bindValues($statement, $this->prepareBindings($bindings));
    424▕

  1   vendor\laravel\framework\src\Illuminate\Database\Connection.php:420
  2   vendor\laravel\framework\src\Illuminate\Database\Connection.php:827

  ────────────────────────────────────────────────────────────────────────────────────────────────────────────────────  
   FAILED  Tests\Feature\Api\Client\V1\AuthTest > logout revokes token                                 QueryException   
  SQLSTATE[HY000]: General error: 1 unrecognized token: ""products"")" (Connection: sqlite, Database: :memory:, SQL: pragma index_list("products""))

  at vendor\laravel\framework\src\Illuminate\Database\Connection.php:420
    416▕             // For select statements, we'll simply execute the query and return an array
    417▕             // of the database result set. Each element in the array will be a single
    418▕             // row from the database table, and will either be an array or objects.
    419▕             $statement = $this->prepared(
  ➜ 420▕                 $this->getPdoForSelect($useReadPdo)->prepare($query)
    421▕             );
    422▕ 
    423▕             $this->bindValues($statement, $this->prepareBindings($bindings));
    424▕

  1   vendor\laravel\framework\src\Illuminate\Database\Connection.php:420
  2   vendor\laravel\framework\src\Illuminate\Database\Connection.php:827

  ────────────────────────────────────────────────────────────────────────────────────────────────────────────────────  
   FAILED  Tests\Feature\Api\Client\V1\AuthTest > logout requires authentication                       QueryException   
  SQLSTATE[HY000]: General error: 1 unrecognized token: ""products"")" (Connection: sqlite, Database: :memory:, SQL: pragma index_list("products""))

  at vendor\laravel\framework\src\Illuminate\Database\Connection.php:420
    416▕             // For select statements, we'll simply execute the query and return an array
    417▕             // of the database result set. Each element in the array will be a single
    418▕             // row from the database table, and will either be an array or objects.
    419▕             $statement = $this->prepared(
  ➜ 420▕                 $this->getPdoForSelect($useReadPdo)->prepare($query)
    421▕             );
    422▕ 
    423▕             $this->bindValues($statement, $this->prepareBindings($bindings));
    424▕

  1   vendor\laravel\framework\src\Illuminate\Database\Connection.php:420
  2   vendor\laravel\framework\src\Illuminate\Database\Connection.php:827

  ────────────────────────────────────────────────────────────────────────────────────────────────────────────────────  
   FAILED  Tests\Feature\Api\Client\V1\AuthTest > refresh token                                        QueryException   
  SQLSTATE[HY000]: General error: 1 unrecognized token: ""products"")" (Connection: sqlite, Database: :memory:, SQL: pragma index_list("products""))

  at vendor\laravel\framework\src\Illuminate\Database\Connection.php:420
    416▕             // For select statements, we'll simply execute the query and return an array
    417▕             // of the database result set. Each element in the array will be a single
    418▕             // row from the database table, and will either be an array or objects.
    419▕             $statement = $this->prepared(
  ➜ 420▕                 $this->getPdoForSelect($useReadPdo)->prepare($query)
    421▕             );
    422▕ 
    423▕             $this->bindValues($statement, $this->prepareBindings($bindings));
    424▕

  1   vendor\laravel\framework\src\Illuminate\Database\Connection.php:420
  2   vendor\laravel\framework\src\Illuminate\Database\Connection.php:827

  ────────────────────────────────────────────────────────────────────────────────────────────────────────────────────  
   FAILED  Tests\Feature\Api\Client\V1\AuthTest > refresh rejects expired token                        QueryException   
  SQLSTATE[HY000]: General error: 1 unrecognized token: ""products"")" (Connection: sqlite, Database: :memory:, SQL: pragma index_list("products""))

  at vendor\laravel\framework\src\Illuminate\Database\Connection.php:420
    416▕             // For select statements, we'll simply execute the query and return an array
    417▕             // of the database result set. Each element in the array will be a single
    418▕             // row from the database table, and will either be an array or objects.
    419▕             $statement = $this->prepared(
  ➜ 420▕                 $this->getPdoForSelect($useReadPdo)->prepare($query)
    421▕             );
    422▕ 
    423▕             $this->bindValues($statement, $this->prepareBindings($bindings));
    424▕

  1   vendor\laravel\framework\src\Illuminate\Database\Connection.php:420
  2   vendor\laravel\framework\src\Illuminate\Database\Connection.php:827

  ────────────────────────────────────────────────────────────────────────────────────────────────────────────────────  
   FAILED  Tests\Feature\Api\Client\V1\AuthTest > change password success                              QueryException   
  SQLSTATE[HY000]: General error: 1 unrecognized token: ""products"")" (Connection: sqlite, Database: :memory:, SQL: pragma index_list("products""))

  at vendor\laravel\framework\src\Illuminate\Database\Connection.php:420
    416▕             // For select statements, we'll simply execute the query and return an array
    417▕             // of the database result set. Each element in the array will be a single
    418▕             // row from the database table, and will either be an array or objects.
    419▕             $statement = $this->prepared(
  ➜ 420▕                 $this->getPdoForSelect($useReadPdo)->prepare($query)
    421▕             );
    422▕ 
    423▕             $this->bindValues($statement, $this->prepareBindings($bindings));
    424▕

  1   vendor\laravel\framework\src\Illuminate\Database\Connection.php:420
  2   vendor\laravel\framework\src\Illuminate\Database\Connection.php:827

  ────────────────────────────────────────────────────────────────────────────────────────────────────────────────────  
   FAILED  Tests\Feature\Api\Client\V1\AuthTest > change password requires correct current password    QueryException   
  SQLSTATE[HY000]: General error: 1 unrecognized token: ""products"")" (Connection: sqlite, Database: :memory:, SQL: pragma index_list("products""))

  at vendor\laravel\framework\src\Illuminate\Database\Connection.php:420
    416▕             // For select statements, we'll simply execute the query and return an array
    417▕             // of the database result set. Each element in the array will be a single
    418▕             // row from the database table, and will either be an array or objects.
    419▕             $statement = $this->prepared(
  ➜ 420▕                 $this->getPdoForSelect($useReadPdo)->prepare($query)
    421▕             );
    422▕ 
    423▕             $this->bindValues($statement, $this->prepareBindings($bindings));
    424▕

  1   vendor\laravel\framework\src\Illuminate\Database\Connection.php:420
  2   vendor\laravel\framework\src\Illuminate\Database\Connection.php:827

  ────────────────────────────────────────────────────────────────────────────────────────────────────────────────────  
   FAILED  Tests\Feature\Api\Client\V1\AuthTest > change password must be confirmed                    QueryException   
  SQLSTATE[HY000]: General error: 1 unrecognized token: ""products"")" (Connection: sqlite, Database: :memory:, SQL: pragma index_list("products""))

  at vendor\laravel\framework\src\Illuminate\Database\Connection.php:420
    416▕             // For select statements, we'll simply execute the query and return an array
    417▕             // of the database result set. Each element in the array will be a single
    418▕             // row from the database table, and will either be an array or objects.
    419▕             $statement = $this->prepared(
  ➜ 420▕                 $this->getPdoForSelect($useReadPdo)->prepare($query)
    421▕             );
    422▕ 
    423▕             $this->bindValues($statement, $this->prepareBindings($bindings));
    424▕

  1   vendor\laravel\framework\src\Illuminate\Database\Connection.php:420
  2   vendor\laravel\framework\src\Illuminate\Database\Connection.php:827

  ────────────────────────────────────────────────────────────────────────────────────────────────────────────────────  
   FAILED  Tests\Feature\Api\Client\V1\AuthTest > change password must differ from current             QueryException   
  SQLSTATE[HY000]: General error: 1 unrecognized token: ""products"")" (Connection: sqlite, Database: :memory:, SQL: pragma index_list("products""))

  at vendor\laravel\framework\src\Illuminate\Database\Connection.php:420
    416▕             // For select statements, we'll simply execute the query and return an array
    417▕             // of the database result set. Each element in the array will be a single
    418▕             // row from the database table, and will either be an array or objects.
    419▕             $statement = $this->prepared(
  ➜ 420▕                 $this->getPdoForSelect($useReadPdo)->prepare($query)
    421▕             );
    422▕ 
    423▕             $this->bindValues($statement, $this->prepareBindings($bindings));
    424▕

  1   vendor\laravel\framework\src\Illuminate\Database\Connection.php:420
  2   vendor\laravel\framework\src\Illuminate\Database\Connection.php:827

  ────────────────────────────────────────────────────────────────────────────────────────────────────────────────────  
   FAILED  Tests\Feature\Api\Client\V1\AuthTest > change password requires authentication              QueryException   
  SQLSTATE[HY000]: General error: 1 unrecognized token: ""products"")" (Connection: sqlite, Database: :memory:, SQL: pragma index_list("products""))

  at vendor\laravel\framework\src\Illuminate\Database\Connection.php:420
    416▕             // For select statements, we'll simply execute the query and return an array
    417▕             // of the database result set. Each element in the array will be a single
    418▕             // row from the database table, and will either be an array or objects.
    419▕             $statement = $this->prepared(
  ➜ 420▕                 $this->getPdoForSelect($useReadPdo)->prepare($query)
    421▕             );
    422▕ 
    423▕             $this->bindValues($statement, $this->prepareBindings($bindings));
    424▕

  1   vendor\laravel\framework\src\Illuminate\Database\Connection.php:420
  2   vendor\laravel\framework\src\Illuminate\Database\Connection.php:827

  ────────────────────────────────────────────────────────────────────────────────────────────────────────────────────  
   FAILED  Tests\Feature\Api\Client\V1\BrandTest > list brands success                                 QueryException   
  SQLSTATE[HY000]: General error: 1 unrecognized token: ""products"")" (Connection: sqlite, Database: :memory:, SQL: pragma index_list("products""))

  at vendor\laravel\framework\src\Illuminate\Database\Connection.php:420
    416▕             // For select statements, we'll simply execute the query and return an array
    417▕             // of the database result set. Each element in the array will be a single
    418▕             // row from the database table, and will either be an array or objects.
    419▕             $statement = $this->prepared(
  ➜ 420▕                 $this->getPdoForSelect($useReadPdo)->prepare($query)
    421▕             );
    422▕ 
    423▕             $this->bindValues($statement, $this->prepareBindings($bindings));
    424▕

  1   vendor\laravel\framework\src\Illuminate\Database\Connection.php:420
  2   vendor\laravel\framework\src\Illuminate\Database\Connection.php:827

  ────────────────────────────────────────────────────────────────────────────────────────────────────────────────────  
   FAILED  Tests\Feature\Api\Client\V1\BrandTest > list brands excludes inactive                       QueryException   
  SQLSTATE[HY000]: General error: 1 unrecognized token: ""products"")" (Connection: sqlite, Database: :memory:, SQL: pragma index_list("products""))

  at vendor\laravel\framework\src\Illuminate\Database\Connection.php:420
    416▕             // For select statements, we'll simply execute the query and return an array
    417▕             // of the database result set. Each element in the array will be a single
    418▕             // row from the database table, and will either be an array or objects.
    419▕             $statement = $this->prepared(
  ➜ 420▕                 $this->getPdoForSelect($useReadPdo)->prepare($query)
    421▕             );
    422▕ 
    423▕             $this->bindValues($statement, $this->prepareBindings($bindings));
    424▕

  1   vendor\laravel\framework\src\Illuminate\Database\Connection.php:420
  2   vendor\laravel\framework\src\Illuminate\Database\Connection.php:827

  ────────────────────────────────────────────────────────────────────────────────────────────────────────────────────  
   FAILED  Tests\Feature\Api\Client\V1\BrandTest > get brand detail                                    QueryException   
  SQLSTATE[HY000]: General error: 1 unrecognized token: ""products"")" (Connection: sqlite, Database: :memory:, SQL: pragma index_list("products""))

  at vendor\laravel\framework\src\Illuminate\Database\Connection.php:420
    416▕             // For select statements, we'll simply execute the query and return an array
    417▕             // of the database result set. Each element in the array will be a single
    418▕             // row from the database table, and will either be an array or objects.
    419▕             $statement = $this->prepared(
  ➜ 420▕                 $this->getPdoForSelect($useReadPdo)->prepare($query)
    421▕             );
    422▕ 
    423▕             $this->bindValues($statement, $this->prepareBindings($bindings));
    424▕

  1   vendor\laravel\framework\src\Illuminate\Database\Connection.php:420
  2   vendor\laravel\framework\src\Illuminate\Database\Connection.php:827

  ────────────────────────────────────────────────────────────────────────────────────────────────────────────────────  
   FAILED  Tests\Feature\Api\Client\V1\BrandTest > get brand by slug                                   QueryException   
  SQLSTATE[HY000]: General error: 1 unrecognized token: ""products"")" (Connection: sqlite, Database: :memory:, SQL: pragma index_list("products""))

  at vendor\laravel\framework\src\Illuminate\Database\Connection.php:420
    416▕             // For select statements, we'll simply execute the query and return an array
    417▕             // of the database result set. Each element in the array will be a single
    418▕             // row from the database table, and will either be an array or objects.
    419▕             $statement = $this->prepared(
  ➜ 420▕                 $this->getPdoForSelect($useReadPdo)->prepare($query)
    421▕             );
    422▕ 
    423▕             $this->bindValues($statement, $this->prepareBindings($bindings));
    424▕

  1   vendor\laravel\framework\src\Illuminate\Database\Connection.php:420
  2   vendor\laravel\framework\src\Illuminate\Database\Connection.php:827

  ────────────────────────────────────────────────────────────────────────────────────────────────────────────────────  
   FAILED  Tests\Feature\Api\Client\V1\BrandTest > get inactive brand returns not found                QueryException   
  SQLSTATE[HY000]: General error: 1 unrecognized token: ""products"")" (Connection: sqlite, Database: :memory:, SQL: pragma index_list("products""))

  at vendor\laravel\framework\src\Illuminate\Database\Connection.php:420
    416▕             // For select statements, we'll simply execute the query and return an array
    417▕             // of the database result set. Each element in the array will be a single
    418▕             // row from the database table, and will either be an array or objects.
    419▕             $statement = $this->prepared(
  ➜ 420▕                 $this->getPdoForSelect($useReadPdo)->prepare($query)
    421▕             );
    422▕ 
    423▕             $this->bindValues($statement, $this->prepareBindings($bindings));
    424▕

  1   vendor\laravel\framework\src\Illuminate\Database\Connection.php:420
  2   vendor\laravel\framework\src\Illuminate\Database\Connection.php:827

  ────────────────────────────────────────────────────────────────────────────────────────────────────────────────────  
   FAILED  Tests\Feature\Api\Client\V1\BrandTest > get nonexistent brand returns not found             QueryException   
  SQLSTATE[HY000]: General error: 1 unrecognized token: ""products"")" (Connection: sqlite, Database: :memory:, SQL: pragma index_list("products""))

  at vendor\laravel\framework\src\Illuminate\Database\Connection.php:420
    416▕             // For select statements, we'll simply execute the query and return an array
    417▕             // of the database result set. Each element in the array will be a single
    418▕             // row from the database table, and will either be an array or objects.
    419▕             $statement = $this->prepared(
  ➜ 420▕                 $this->getPdoForSelect($useReadPdo)->prepare($query)
    421▕             );
    422▕ 
    423▕             $this->bindValues($statement, $this->prepareBindings($bindings));
    424▕

  1   vendor\laravel\framework\src\Illuminate\Database\Connection.php:420
  2   vendor\laravel\framework\src\Illuminate\Database\Connection.php:827

  ────────────────────────────────────────────────────────────────────────────────────────────────────────────────────  
   FAILED  Tests\Feature\Api\Client\V1\CartTest > get cart success                                     QueryException   
  SQLSTATE[HY000]: General error: 1 unrecognized token: ""products"")" (Connection: sqlite, Database: :memory:, SQL: pragma index_list("products""))

  at vendor\laravel\framework\src\Illuminate\Database\Connection.php:420
    416▕             // For select statements, we'll simply execute the query and return an array
    417▕             // of the database result set. Each element in the array will be a single
    418▕             // row from the database table, and will either be an array or objects.
    419▕             $statement = $this->prepared(
  ➜ 420▕                 $this->getPdoForSelect($useReadPdo)->prepare($query)
    421▕             );
    422▕ 
    423▕             $this->bindValues($statement, $this->prepareBindings($bindings));
    424▕

  1   vendor\laravel\framework\src\Illuminate\Database\Connection.php:420
  2   vendor\laravel\framework\src\Illuminate\Database\Connection.php:827

  ────────────────────────────────────────────────────────────────────────────────────────────────────────────────────  
   FAILED  Tests\Feature\Api\Client\V1\CartTest > create or update cart                                QueryException   
  SQLSTATE[HY000]: General error: 1 unrecognized token: ""products"")" (Connection: sqlite, Database: :memory:, SQL: pragma index_list("products""))

  at vendor\laravel\framework\src\Illuminate\Database\Connection.php:420
    416▕             // For select statements, we'll simply execute the query and return an array
    417▕             // of the database result set. Each element in the array will be a single
    418▕             // row from the database table, and will either be an array or objects.
    419▕             $statement = $this->prepared(
  ➜ 420▕                 $this->getPdoForSelect($useReadPdo)->prepare($query)
    421▕             );
    422▕ 
    423▕             $this->bindValues($statement, $this->prepareBindings($bindings));
    424▕

  1   vendor\laravel\framework\src\Illuminate\Database\Connection.php:420
  2   vendor\laravel\framework\src\Illuminate\Database\Connection.php:827

  ────────────────────────────────────────────────────────────────────────────────────────────────────────────────────  
   FAILED  Tests\Feature\Api\Client\V1\CartTest > add item to cart                                     QueryException   
  SQLSTATE[HY000]: General error: 1 unrecognized token: ""products"")" (Connection: sqlite, Database: :memory:, SQL: pragma index_list("products""))

  at vendor\laravel\framework\src\Illuminate\Database\Connection.php:420
    416▕             // For select statements, we'll simply execute the query and return an array
    417▕             // of the database result set. Each element in the array will be a single
    418▕             // row from the database table, and will either be an array or objects.
    419▕             $statement = $this->prepared(
  ➜ 420▕                 $this->getPdoForSelect($useReadPdo)->prepare($query)
    421▕             );
    422▕ 
    423▕             $this->bindValues($statement, $this->prepareBindings($bindings));
    424▕

  1   vendor\laravel\framework\src\Illuminate\Database\Connection.php:420
  2   vendor\laravel\framework\src\Illuminate\Database\Connection.php:827

  ────────────────────────────────────────────────────────────────────────────────────────────────────────────────────  
   FAILED  Tests\Feature\Api\Client\V1\CartTest > add item requires valid product                      QueryException   
  SQLSTATE[HY000]: General error: 1 unrecognized token: ""products"")" (Connection: sqlite, Database: :memory:, SQL: pragma index_list("products""))

  at vendor\laravel\framework\src\Illuminate\Database\Connection.php:420
    416▕             // For select statements, we'll simply execute the query and return an array
    417▕             // of the database result set. Each element in the array will be a single
    418▕             // row from the database table, and will either be an array or objects.
    419▕             $statement = $this->prepared(
  ➜ 420▕                 $this->getPdoForSelect($useReadPdo)->prepare($query)
    421▕             );
    422▕ 
    423▕             $this->bindValues($statement, $this->prepareBindings($bindings));
    424▕

  1   vendor\laravel\framework\src\Illuminate\Database\Connection.php:420
  2   vendor\laravel\framework\src\Illuminate\Database\Connection.php:827

  ────────────────────────────────────────────────────────────────────────────────────────────────────────────────────  
   FAILED  Tests\Feature\Api\Client\V1\CartTest > add item requires quantity                           QueryException   
  SQLSTATE[HY000]: General error: 1 unrecognized token: ""products"")" (Connection: sqlite, Database: :memory:, SQL: pragma index_list("products""))

  at vendor\laravel\framework\src\Illuminate\Database\Connection.php:420
    416▕             // For select statements, we'll simply execute the query and return an array
    417▕             // of the database result set. Each element in the array will be a single
    418▕             // row from the database table, and will either be an array or objects.
    419▕             $statement = $this->prepared(
  ➜ 420▕                 $this->getPdoForSelect($useReadPdo)->prepare($query)
    421▕             );
    422▕ 
    423▕             $this->bindValues($statement, $this->prepareBindings($bindings));
    424▕

  1   vendor\laravel\framework\src\Illuminate\Database\Connection.php:420
  2   vendor\laravel\framework\src\Illuminate\Database\Connection.php:827

  ────────────────────────────────────────────────────────────────────────────────────────────────────────────────────  
   FAILED  Tests\Feature\Api\Client\V1\CartTest > update cart item                                     QueryException   
  SQLSTATE[HY000]: General error: 1 unrecognized token: ""products"")" (Connection: sqlite, Database: :memory:, SQL: pragma index_list("products""))

  at vendor\laravel\framework\src\Illuminate\Database\Connection.php:420
    416▕             // For select statements, we'll simply execute the query and return an array
    417▕             // of the database result set. Each element in the array will be a single
    418▕             // row from the database table, and will either be an array or objects.
    419▕             $statement = $this->prepared(
  ➜ 420▕                 $this->getPdoForSelect($useReadPdo)->prepare($query)
    421▕             );
    422▕ 
    423▕             $this->bindValues($statement, $this->prepareBindings($bindings));
    424▕

  1   vendor\laravel\framework\src\Illuminate\Database\Connection.php:420
  2   vendor\laravel\framework\src\Illuminate\Database\Connection.php:827

  ────────────────────────────────────────────────────────────────────────────────────────────────────────────────────  
   FAILED  Tests\Feature\Api\Client\V1\CartTest > update cart item invalid quantity                    QueryException   
  SQLSTATE[HY000]: General error: 1 unrecognized token: ""products"")" (Connection: sqlite, Database: :memory:, SQL: pragma index_list("products""))

  at vendor\laravel\framework\src\Illuminate\Database\Connection.php:420
    416▕             // For select statements, we'll simply execute the query and return an array
    417▕             // of the database result set. Each element in the array will be a single
    418▕             // row from the database table, and will either be an array or objects.
    419▕             $statement = $this->prepared(
  ➜ 420▕                 $this->getPdoForSelect($useReadPdo)->prepare($query)
    421▕             );
    422▕ 
    423▕             $this->bindValues($statement, $this->prepareBindings($bindings));
    424▕

  1   vendor\laravel\framework\src\Illuminate\Database\Connection.php:420
  2   vendor\laravel\framework\src\Illuminate\Database\Connection.php:827

  ────────────────────────────────────────────────────────────────────────────────────────────────────────────────────  
   FAILED  Tests\Feature\Api\Client\V1\CartTest > remove item from cart                                QueryException   
  SQLSTATE[HY000]: General error: 1 unrecognized token: ""products"")" (Connection: sqlite, Database: :memory:, SQL: pragma index_list("products""))

  at vendor\laravel\framework\src\Illuminate\Database\Connection.php:420
    416▕             // For select statements, we'll simply execute the query and return an array
    417▕             // of the database result set. Each element in the array will be a single
    418▕             // row from the database table, and will either be an array or objects.
    419▕             $statement = $this->prepared(
  ➜ 420▕                 $this->getPdoForSelect($useReadPdo)->prepare($query)
    421▕             );
    422▕ 
    423▕             $this->bindValues($statement, $this->prepareBindings($bindings));
    424▕

  1   vendor\laravel\framework\src\Illuminate\Database\Connection.php:420
  2   vendor\laravel\framework\src\Illuminate\Database\Connection.php:827

  ────────────────────────────────────────────────────────────────────────────────────────────────────────────────────  
   FAILED  Tests\Feature\Api\Client\V1\CartTest > cart endpoints require authentication                QueryException   
  SQLSTATE[HY000]: General error: 1 unrecognized token: ""products"")" (Connection: sqlite, Database: :memory:, SQL: pragma index_list("products""))

  at vendor\laravel\framework\src\Illuminate\Database\Connection.php:420
    416▕             // For select statements, we'll simply execute the query and return an array
    417▕             // of the database result set. Each element in the array will be a single
    418▕             // row from the database table, and will either be an array or objects.
    419▕             $statement = $this->prepared(
  ➜ 420▕                 $this->getPdoForSelect($useReadPdo)->prepare($query)
    421▕             );
    422▕ 
    423▕             $this->bindValues($statement, $this->prepareBindings($bindings));
    424▕

  1   vendor\laravel\framework\src\Illuminate\Database\Connection.php:420
  2   vendor\laravel\framework\src\Illuminate\Database\Connection.php:827

  ────────────────────────────────────────────────────────────────────────────────────────────────────────────────────  
   FAILED  Tests\Feature\Api\Client\V1\CartTest > remove nonexistent item                              QueryException   
  SQLSTATE[HY000]: General error: 1 unrecognized token: ""products"")" (Connection: sqlite, Database: :memory:, SQL: pragma index_list("products""))

  at vendor\laravel\framework\src\Illuminate\Database\Connection.php:420
    416▕             // For select statements, we'll simply execute the query and return an array
    417▕             // of the database result set. Each element in the array will be a single
    418▕             // row from the database table, and will either be an array or objects.
    419▕             $statement = $this->prepared(
  ➜ 420▕                 $this->getPdoForSelect($useReadPdo)->prepare($query)
    421▕             );
    422▕ 
    423▕             $this->bindValues($statement, $this->prepareBindings($bindings));
    424▕

  1   vendor\laravel\framework\src\Illuminate\Database\Connection.php:420
  2   vendor\laravel\framework\src\Illuminate\Database\Connection.php:827

  ────────────────────────────────────────────────────────────────────────────────────────────────────────────────────  
   FAILED  Tests\Feature\Api\Client\V1\CategoryTest > list categories success                          QueryException   
  SQLSTATE[HY000]: General error: 1 unrecognized token: ""products"")" (Connection: sqlite, Database: :memory:, SQL: pragma index_list("products""))

  at vendor\laravel\framework\src\Illuminate\Database\Connection.php:420
    416▕             // For select statements, we'll simply execute the query and return an array
    417▕             // of the database result set. Each element in the array will be a single
    418▕             // row from the database table, and will either be an array or objects.
    419▕             $statement = $this->prepared(
  ➜ 420▕                 $this->getPdoForSelect($useReadPdo)->prepare($query)
    421▕             );
    422▕ 
    423▕             $this->bindValues($statement, $this->prepareBindings($bindings));
    424▕

  1   vendor\laravel\framework\src\Illuminate\Database\Connection.php:420
  2   vendor\laravel\framework\src\Illuminate\Database\Connection.php:827

  ────────────────────────────────────────────────────────────────────────────────────────────────────────────────────  
   FAILED  Tests\Feature\Api\Client\V1\CategoryTest > list categories excludes inactive                QueryException   
  SQLSTATE[HY000]: General error: 1 unrecognized token: ""products"")" (Connection: sqlite, Database: :memory:, SQL: pragma index_list("products""))

  at vendor\laravel\framework\src\Illuminate\Database\Connection.php:420
    416▕             // For select statements, we'll simply execute the query and return an array
    417▕             // of the database result set. Each element in the array will be a single
    418▕             // row from the database table, and will either be an array or objects.
    419▕             $statement = $this->prepared(
  ➜ 420▕                 $this->getPdoForSelect($useReadPdo)->prepare($query)
    421▕             );
    422▕ 
    423▕             $this->bindValues($statement, $this->prepareBindings($bindings));
    424▕

  1   vendor\laravel\framework\src\Illuminate\Database\Connection.php:420
  2   vendor\laravel\framework\src\Illuminate\Database\Connection.php:827

  ────────────────────────────────────────────────────────────────────────────────────────────────────────────────────  
   FAILED  Tests\Feature\Api\Client\V1\CategoryTest > get category detail                              QueryException   
  SQLSTATE[HY000]: General error: 1 unrecognized token: ""products"")" (Connection: sqlite, Database: :memory:, SQL: pragma index_list("products""))

  at vendor\laravel\framework\src\Illuminate\Database\Connection.php:420
    416▕             // For select statements, we'll simply execute the query and return an array
    417▕             // of the database result set. Each element in the array will be a single
    418▕             // row from the database table, and will either be an array or objects.
    419▕             $statement = $this->prepared(
  ➜ 420▕                 $this->getPdoForSelect($useReadPdo)->prepare($query)
    421▕             );
    422▕ 
    423▕             $this->bindValues($statement, $this->prepareBindings($bindings));
    424▕

  1   vendor\laravel\framework\src\Illuminate\Database\Connection.php:420
  2   vendor\laravel\framework\src\Illuminate\Database\Connection.php:827

  ────────────────────────────────────────────────────────────────────────────────────────────────────────────────────  
   FAILED  Tests\Feature\Api\Client\V1\CategoryTest > get category by slug                             QueryException   
  SQLSTATE[HY000]: General error: 1 unrecognized token: ""products"")" (Connection: sqlite, Database: :memory:, SQL: pragma index_list("products""))

  at vendor\laravel\framework\src\Illuminate\Database\Connection.php:420
    416▕             // For select statements, we'll simply execute the query and return an array
    417▕             // of the database result set. Each element in the array will be a single
    418▕             // row from the database table, and will either be an array or objects.
    419▕             $statement = $this->prepared(
  ➜ 420▕                 $this->getPdoForSelect($useReadPdo)->prepare($query)
    421▕             );
    422▕ 
    423▕             $this->bindValues($statement, $this->prepareBindings($bindings));
    424▕

  1   vendor\laravel\framework\src\Illuminate\Database\Connection.php:420
  2   vendor\laravel\framework\src\Illuminate\Database\Connection.php:827

  ────────────────────────────────────────────────────────────────────────────────────────────────────────────────────  
   FAILED  Tests\Feature\Api\Client\V1\CategoryTest > get inactive category returns not found          QueryException   
  SQLSTATE[HY000]: General error: 1 unrecognized token: ""products"")" (Connection: sqlite, Database: :memory:, SQL: pragma index_list("products""))

  at vendor\laravel\framework\src\Illuminate\Database\Connection.php:420
    416▕             // For select statements, we'll simply execute the query and return an array
    417▕             // of the database result set. Each element in the array will be a single
    418▕             // row from the database table, and will either be an array or objects.
    419▕             $statement = $this->prepared(
  ➜ 420▕                 $this->getPdoForSelect($useReadPdo)->prepare($query)
    421▕             );
    422▕ 
    423▕             $this->bindValues($statement, $this->prepareBindings($bindings));
    424▕

  1   vendor\laravel\framework\src\Illuminate\Database\Connection.php:420
  2   vendor\laravel\framework\src\Illuminate\Database\Connection.php:827

  ────────────────────────────────────────────────────────────────────────────────────────────────────────────────────  
   FAILED  Tests\Feature\Api\Client\V1\CategoryTest > get nonexistent category returns not found       QueryException   
  SQLSTATE[HY000]: General error: 1 unrecognized token: ""products"")" (Connection: sqlite, Database: :memory:, SQL: pragma index_list("products""))

  at vendor\laravel\framework\src\Illuminate\Database\Connection.php:420
    416▕             // For select statements, we'll simply execute the query and return an array
    417▕             // of the database result set. Each element in the array will be a single
    418▕             // row from the database table, and will either be an array or objects.
    419▕             $statement = $this->prepared(
  ➜ 420▕                 $this->getPdoForSelect($useReadPdo)->prepare($query)
    421▕             );
    422▕ 
    423▕             $this->bindValues($statement, $this->prepareBindings($bindings));
    424▕

  1   vendor\laravel\framework\src\Illuminate\Database\Connection.php:420
  2   vendor\laravel\framework\src\Illuminate\Database\Connection.php:827

  ────────────────────────────────────────────────────────────────────────────────────────────────────────────────────  
   FAILED  Tests\Feature\Api\Client\V1\CouponTest > apply percentage coupon                            QueryException   
  SQLSTATE[HY000]: General error: 1 unrecognized token: ""products"")" (Connection: sqlite, Database: :memory:, SQL: pragma index_list("products""))

  at vendor\laravel\framework\src\Illuminate\Database\Connection.php:420
    416▕             // For select statements, we'll simply execute the query and return an array
    417▕             // of the database result set. Each element in the array will be a single
    418▕             // row from the database table, and will either be an array or objects.
    419▕             $statement = $this->prepared(
  ➜ 420▕                 $this->getPdoForSelect($useReadPdo)->prepare($query)
    421▕             );
    422▕ 
    423▕             $this->bindValues($statement, $this->prepareBindings($bindings));
    424▕

  1   vendor\laravel\framework\src\Illuminate\Database\Connection.php:420
  2   vendor\laravel\framework\src\Illuminate\Database\Connection.php:827

  ────────────────────────────────────────────────────────────────────────────────────────────────────────────────────  
   FAILED  Tests\Feature\Api\Client\V1\CouponTest > apply fixed discount coupon                        QueryException   
  SQLSTATE[HY000]: General error: 1 unrecognized token: ""products"")" (Connection: sqlite, Database: :memory:, SQL: pragma index_list("products""))

  at vendor\laravel\framework\src\Illuminate\Database\Connection.php:420
    416▕             // For select statements, we'll simply execute the query and return an array
    417▕             // of the database result set. Each element in the array will be a single
    418▕             // row from the database table, and will either be an array or objects.
    419▕             $statement = $this->prepared(
  ➜ 420▕                 $this->getPdoForSelect($useReadPdo)->prepare($query)
    421▕             );
    422▕ 
    423▕             $this->bindValues($statement, $this->prepareBindings($bindings));
    424▕

  1   vendor\laravel\framework\src\Illuminate\Database\Connection.php:420
  2   vendor\laravel\framework\src\Illuminate\Database\Connection.php:827

  ────────────────────────────────────────────────────────────────────────────────────────────────────────────────────  
   FAILED  Tests\Feature\Api\Client\V1\CouponTest > apply coupon requires minimum order                QueryException   
  SQLSTATE[HY000]: General error: 1 unrecognized token: ""products"")" (Connection: sqlite, Database: :memory:, SQL: pragma index_list("products""))

  at vendor\laravel\framework\src\Illuminate\Database\Connection.php:420
    416▕             // For select statements, we'll simply execute the query and return an array
    417▕             // of the database result set. Each element in the array will be a single
    418▕             // row from the database table, and will either be an array or objects.
    419▕             $statement = $this->prepared(
  ➜ 420▕                 $this->getPdoForSelect($useReadPdo)->prepare($query)
    421▕             );
    422▕ 
    423▕             $this->bindValues($statement, $this->prepareBindings($bindings));
    424▕

  1   vendor\laravel\framework\src\Illuminate\Database\Connection.php:420
  2   vendor\laravel\framework\src\Illuminate\Database\Connection.php:827

  ────────────────────────────────────────────────────────────────────────────────────────────────────────────────────  
   FAILED  Tests\Feature\Api\Client\V1\CouponTest > apply invalid coupon                               QueryException   
  SQLSTATE[HY000]: General error: 1 unrecognized token: ""products"")" (Connection: sqlite, Database: :memory:, SQL: pragma index_list("products""))

  at vendor\laravel\framework\src\Illuminate\Database\Connection.php:420
    416▕             // For select statements, we'll simply execute the query and return an array
    417▕             // of the database result set. Each element in the array will be a single
    418▕             // row from the database table, and will either be an array or objects.
    419▕             $statement = $this->prepared(
  ➜ 420▕                 $this->getPdoForSelect($useReadPdo)->prepare($query)
    421▕             );
    422▕ 
    423▕             $this->bindValues($statement, $this->prepareBindings($bindings));
    424▕

  1   vendor\laravel\framework\src\Illuminate\Database\Connection.php:420
  2   vendor\laravel\framework\src\Illuminate\Database\Connection.php:827

  ────────────────────────────────────────────────────────────────────────────────────────────────────────────────────  
   FAILED  Tests\Feature\Api\Client\V1\CouponTest > apply expired coupon                               QueryException   
  SQLSTATE[HY000]: General error: 1 unrecognized token: ""products"")" (Connection: sqlite, Database: :memory:, SQL: pragma index_list("products""))

  at vendor\laravel\framework\src\Illuminate\Database\Connection.php:420
    416▕             // For select statements, we'll simply execute the query and return an array
    417▕             // of the database result set. Each element in the array will be a single
    418▕             // row from the database table, and will either be an array or objects.
    419▕             $statement = $this->prepared(
  ➜ 420▕                 $this->getPdoForSelect($useReadPdo)->prepare($query)
    421▕             );
    422▕ 
    423▕             $this->bindValues($statement, $this->prepareBindings($bindings));
    424▕

  1   vendor\laravel\framework\src\Illuminate\Database\Connection.php:420
  2   vendor\laravel\framework\src\Illuminate\Database\Connection.php:827

  ────────────────────────────────────────────────────────────────────────────────────────────────────────────────────  
   FAILED  Tests\Feature\Api\Client\V1\CouponTest > apply inactive coupon                              QueryException   
  SQLSTATE[HY000]: General error: 1 unrecognized token: ""products"")" (Connection: sqlite, Database: :memory:, SQL: pragma index_list("products""))

  at vendor\laravel\framework\src\Illuminate\Database\Connection.php:420
    416▕             // For select statements, we'll simply execute the query and return an array
    417▕             // of the database result set. Each element in the array will be a single
    418▕             // row from the database table, and will either be an array or objects.
    419▕             $statement = $this->prepared(
  ➜ 420▕                 $this->getPdoForSelect($useReadPdo)->prepare($query)
    421▕             );
    422▕ 
    423▕             $this->bindValues($statement, $this->prepareBindings($bindings));
    424▕

  1   vendor\laravel\framework\src\Illuminate\Database\Connection.php:420
  2   vendor\laravel\framework\src\Illuminate\Database\Connection.php:827

  ────────────────────────────────────────────────────────────────────────────────────────────────────────────────────  
   FAILED  Tests\Feature\Api\Client\V1\CouponTest > apply exhausted coupon                             QueryException   
  SQLSTATE[HY000]: General error: 1 unrecognized token: ""products"")" (Connection: sqlite, Database: :memory:, SQL: pragma index_list("products""))

  at vendor\laravel\framework\src\Illuminate\Database\Connection.php:420
    416▕             // For select statements, we'll simply execute the query and return an array
    417▕             // of the database result set. Each element in the array will be a single
    418▕             // row from the database table, and will either be an array or objects.
    419▕             $statement = $this->prepared(
  ➜ 420▕                 $this->getPdoForSelect($useReadPdo)->prepare($query)
    421▕             );
    422▕ 
    423▕             $this->bindValues($statement, $this->prepareBindings($bindings));
    424▕

  1   vendor\laravel\framework\src\Illuminate\Database\Connection.php:420
  2   vendor\laravel\framework\src\Illuminate\Database\Connection.php:827

  ────────────────────────────────────────────────────────────────────────────────────────────────────────────────────  
   FAILED  Tests\Feature\Api\Client\V1\CouponTest > apply coupon requires authentication               QueryException   
  SQLSTATE[HY000]: General error: 1 unrecognized token: ""products"")" (Connection: sqlite, Database: :memory:, SQL: pragma index_list("products""))

  at vendor\laravel\framework\src\Illuminate\Database\Connection.php:420
    416▕             // For select statements, we'll simply execute the query and return an array
    417▕             // of the database result set. Each element in the array will be a single
    418▕             // row from the database table, and will either be an array or objects.
    419▕             $statement = $this->prepared(
  ➜ 420▕                 $this->getPdoForSelect($useReadPdo)->prepare($query)
    421▕             );
    422▕ 
    423▕             $this->bindValues($statement, $this->prepareBindings($bindings));
    424▕

  1   vendor\laravel\framework\src\Illuminate\Database\Connection.php:420
  2   vendor\laravel\framework\src\Illuminate\Database\Connection.php:827

  ────────────────────────────────────────────────────────────────────────────────────────────────────────────────────  
   FAILED  Tests\Feature\Api\Client\V1\CouponTest > apply coupon to invalid cart                       QueryException   
  SQLSTATE[HY000]: General error: 1 unrecognized token: ""products"")" (Connection: sqlite, Database: :memory:, SQL: pragma index_list("products""))

  at vendor\laravel\framework\src\Illuminate\Database\Connection.php:420
    416▕             // For select statements, we'll simply execute the query and return an array
    417▕             // of the database result set. Each element in the array will be a single
    418▕             // row from the database table, and will either be an array or objects.
    419▕             $statement = $this->prepared(
  ➜ 420▕                 $this->getPdoForSelect($useReadPdo)->prepare($query)
    421▕             );
    422▕ 
    423▕             $this->bindValues($statement, $this->prepareBindings($bindings));
    424▕

  1   vendor\laravel\framework\src\Illuminate\Database\Connection.php:420
  2   vendor\laravel\framework\src\Illuminate\Database\Connection.php:827

  ────────────────────────────────────────────────────────────────────────────────────────────────────────────────────  
   FAILED  Tests\Feature\Api\Client\V1\MasterDataTest > get master categories                          QueryException   
  SQLSTATE[HY000]: General error: 1 unrecognized token: ""products"")" (Connection: sqlite, Database: :memory:, SQL: pragma index_list("products""))

  at vendor\laravel\framework\src\Illuminate\Database\Connection.php:420
    416▕             // For select statements, we'll simply execute the query and return an array
    417▕             // of the database result set. Each element in the array will be a single
    418▕             // row from the database table, and will either be an array or objects.
    419▕             $statement = $this->prepared(
  ➜ 420▕                 $this->getPdoForSelect($useReadPdo)->prepare($query)
    421▕             );
    422▕ 
    423▕             $this->bindValues($statement, $this->prepareBindings($bindings));
    424▕

  1   vendor\laravel\framework\src\Illuminate\Database\Connection.php:420
  2   vendor\laravel\framework\src\Illuminate\Database\Connection.php:827

  ────────────────────────────────────────────────────────────────────────────────────────────────────────────────────  
   FAILED  Tests\Feature\Api\Client\V1\MasterDataTest > get master brands                              QueryException   
  SQLSTATE[HY000]: General error: 1 unrecognized token: ""products"")" (Connection: sqlite, Database: :memory:, SQL: pragma index_list("products""))

  at vendor\laravel\framework\src\Illuminate\Database\Connection.php:420
    416▕             // For select statements, we'll simply execute the query and return an array
    417▕             // of the database result set. Each element in the array will be a single
    418▕             // row from the database table, and will either be an array or objects.
    419▕             $statement = $this->prepared(
  ➜ 420▕                 $this->getPdoForSelect($useReadPdo)->prepare($query)
    421▕             );
    422▕ 
    423▕             $this->bindValues($statement, $this->prepareBindings($bindings));
    424▕

  1   vendor\laravel\framework\src\Illuminate\Database\Connection.php:420
  2   vendor\laravel\framework\src\Illuminate\Database\Connection.php:827

  ────────────────────────────────────────────────────────────────────────────────────────────────────────────────────  
   FAILED  Tests\Feature\Api\Client\V1\MasterDataTest > get master shipping methods                    QueryException   
  SQLSTATE[HY000]: General error: 1 unrecognized token: ""products"")" (Connection: sqlite, Database: :memory:, SQL: pragma index_list("products""))

  at vendor\laravel\framework\src\Illuminate\Database\Connection.php:420
    416▕             // For select statements, we'll simply execute the query and return an array
    417▕             // of the database result set. Each element in the array will be a single
    418▕             // row from the database table, and will either be an array or objects.
    419▕             $statement = $this->prepared(
  ➜ 420▕                 $this->getPdoForSelect($useReadPdo)->prepare($query)
    421▕             );
    422▕ 
    423▕             $this->bindValues($statement, $this->prepareBindings($bindings));
    424▕

  1   vendor\laravel\framework\src\Illuminate\Database\Connection.php:420
  2   vendor\laravel\framework\src\Illuminate\Database\Connection.php:827

  ────────────────────────────────────────────────────────────────────────────────────────────────────────────────────  
   FAILED  Tests\Feature\Api\Client\V1\MasterDataTest > master data excludes inactive                  QueryException   
  SQLSTATE[HY000]: General error: 1 unrecognized token: ""products"")" (Connection: sqlite, Database: :memory:, SQL: pragma index_list("products""))

  at vendor\laravel\framework\src\Illuminate\Database\Connection.php:420
    416▕             // For select statements, we'll simply execute the query and return an array
    417▕             // of the database result set. Each element in the array will be a single
    418▕             // row from the database table, and will either be an array or objects.
    419▕             $statement = $this->prepared(
  ➜ 420▕                 $this->getPdoForSelect($useReadPdo)->prepare($query)
    421▕             );
    422▕ 
    423▕             $this->bindValues($statement, $this->prepareBindings($bindings));
    424▕

  1   vendor\laravel\framework\src\Illuminate\Database\Connection.php:420
  2   vendor\laravel\framework\src\Illuminate\Database\Connection.php:827

  ────────────────────────────────────────────────────────────────────────────────────────────────────────────────────  
   FAILED  Tests\Feature\Api\Client\V1\OrderTest > get order history success                           QueryException   
  SQLSTATE[HY000]: General error: 1 unrecognized token: ""products"")" (Connection: sqlite, Database: :memory:, SQL: pragma index_list("products""))

  at vendor\laravel\framework\src\Illuminate\Database\Connection.php:420
    416▕             // For select statements, we'll simply execute the query and return an array
    417▕             // of the database result set. Each element in the array will be a single
    418▕             // row from the database table, and will either be an array or objects.
    419▕             $statement = $this->prepared(
  ➜ 420▕                 $this->getPdoForSelect($useReadPdo)->prepare($query)
    421▕             );
    422▕ 
    423▕             $this->bindValues($statement, $this->prepareBindings($bindings));
    424▕

  1   vendor\laravel\framework\src\Illuminate\Database\Connection.php:420
  2   vendor\laravel\framework\src\Illuminate\Database\Connection.php:827

  ────────────────────────────────────────────────────────────────────────────────────────────────────────────────────  
   FAILED  Tests\Feature\Api\Client\V1\OrderTest > get order history pagination                        QueryException   
  SQLSTATE[HY000]: General error: 1 unrecognized token: ""products"")" (Connection: sqlite, Database: :memory:, SQL: pragma index_list("products""))

  at vendor\laravel\framework\src\Illuminate\Database\Connection.php:420
    416▕             // For select statements, we'll simply execute the query and return an array
    417▕             // of the database result set. Each element in the array will be a single
    418▕             // row from the database table, and will either be an array or objects.
    419▕             $statement = $this->prepared(
  ➜ 420▕                 $this->getPdoForSelect($useReadPdo)->prepare($query)
    421▕             );
    422▕ 
    423▕             $this->bindValues($statement, $this->prepareBindings($bindings));
    424▕

  1   vendor\laravel\framework\src\Illuminate\Database\Connection.php:420
  2   vendor\laravel\framework\src\Illuminate\Database\Connection.php:827

  ────────────────────────────────────────────────────────────────────────────────────────────────────────────────────  
   FAILED  Tests\Feature\Api\Client\V1\OrderTest > get order history only shows user orders            QueryException   
  SQLSTATE[HY000]: General error: 1 unrecognized token: ""products"")" (Connection: sqlite, Database: :memory:, SQL: pragma index_list("products""))

  at vendor\laravel\framework\src\Illuminate\Database\Connection.php:420
    416▕             // For select statements, we'll simply execute the query and return an array
    417▕             // of the database result set. Each element in the array will be a single
    418▕             // row from the database table, and will either be an array or objects.
    419▕             $statement = $this->prepared(
  ➜ 420▕                 $this->getPdoForSelect($useReadPdo)->prepare($query)
    421▕             );
    422▕ 
    423▕             $this->bindValues($statement, $this->prepareBindings($bindings));
    424▕

  1   vendor\laravel\framework\src\Illuminate\Database\Connection.php:420
  2   vendor\laravel\framework\src\Illuminate\Database\Connection.php:827

  ────────────────────────────────────────────────────────────────────────────────────────────────────────────────────  
   FAILED  Tests\Feature\Api\Client\V1\OrderTest > get order history ordered by most recent            QueryException   
  SQLSTATE[HY000]: General error: 1 unrecognized token: ""products"")" (Connection: sqlite, Database: :memory:, SQL: pragma index_list("products""))

  at vendor\laravel\framework\src\Illuminate\Database\Connection.php:420
    416▕             // For select statements, we'll simply execute the query and return an array
    417▕             // of the database result set. Each element in the array will be a single
    418▕             // row from the database table, and will either be an array or objects.
    419▕             $statement = $this->prepared(
  ➜ 420▕                 $this->getPdoForSelect($useReadPdo)->prepare($query)
    421▕             );
    422▕ 
    423▕             $this->bindValues($statement, $this->prepareBindings($bindings));
    424▕

  1   vendor\laravel\framework\src\Illuminate\Database\Connection.php:420
  2   vendor\laravel\framework\src\Illuminate\Database\Connection.php:827

  ────────────────────────────────────────────────────────────────────────────────────────────────────────────────────  
   FAILED  Tests\Feature\Api\Client\V1\OrderTest > get order detail success                            QueryException   
  SQLSTATE[HY000]: General error: 1 unrecognized token: ""products"")" (Connection: sqlite, Database: :memory:, SQL: pragma index_list("products""))

  at vendor\laravel\framework\src\Illuminate\Database\Connection.php:420
    416▕             // For select statements, we'll simply execute the query and return an array
    417▕             // of the database result set. Each element in the array will be a single
    418▕             // row from the database table, and will either be an array or objects.
    419▕             $statement = $this->prepared(
  ➜ 420▕                 $this->getPdoForSelect($useReadPdo)->prepare($query)
    421▕             );
    422▕ 
    423▕             $this->bindValues($statement, $this->prepareBindings($bindings));
    424▕

  1   vendor\laravel\framework\src\Illuminate\Database\Connection.php:420
  2   vendor\laravel\framework\src\Illuminate\Database\Connection.php:827

  ────────────────────────────────────────────────────────────────────────────────────────────────────────────────────  
   FAILED  Tests\Feature\Api\Client\V1\OrderTest > get order detail forbidden for other user           QueryException   
  SQLSTATE[HY000]: General error: 1 unrecognized token: ""products"")" (Connection: sqlite, Database: :memory:, SQL: pragma index_list("products""))

  at vendor\laravel\framework\src\Illuminate\Database\Connection.php:420
    416▕             // For select statements, we'll simply execute the query and return an array
    417▕             // of the database result set. Each element in the array will be a single
    418▕             // row from the database table, and will either be an array or objects.
    419▕             $statement = $this->prepared(
  ➜ 420▕                 $this->getPdoForSelect($useReadPdo)->prepare($query)
    421▕             );
    422▕ 
    423▕             $this->bindValues($statement, $this->prepareBindings($bindings));
    424▕

  1   vendor\laravel\framework\src\Illuminate\Database\Connection.php:420
  2   vendor\laravel\framework\src\Illuminate\Database\Connection.php:827

  ────────────────────────────────────────────────────────────────────────────────────────────────────────────────────  
   FAILED  Tests\Feature\Api\Client\V1\OrderTest > get order history requires authentication           QueryException   
  SQLSTATE[HY000]: General error: 1 unrecognized token: ""products"")" (Connection: sqlite, Database: :memory:, SQL: pragma index_list("products""))

  at vendor\laravel\framework\src\Illuminate\Database\Connection.php:420
    416▕             // For select statements, we'll simply execute the query and return an array
    417▕             // of the database result set. Each element in the array will be a single
    418▕             // row from the database table, and will either be an array or objects.
    419▕             $statement = $this->prepared(
  ➜ 420▕                 $this->getPdoForSelect($useReadPdo)->prepare($query)
    421▕             );
    422▕ 
    423▕             $this->bindValues($statement, $this->prepareBindings($bindings));
    424▕

  1   vendor\laravel\framework\src\Illuminate\Database\Connection.php:420
  2   vendor\laravel\framework\src\Illuminate\Database\Connection.php:827

  ────────────────────────────────────────────────────────────────────────────────────────────────────────────────────  
   FAILED  Tests\Feature\Api\Client\V1\OrderTest > get order detail requires authentication            QueryException   
  SQLSTATE[HY000]: General error: 1 unrecognized token: ""products"")" (Connection: sqlite, Database: :memory:, SQL: pragma index_list("products""))

  at vendor\laravel\framework\src\Illuminate\Database\Connection.php:420
    416▕             // For select statements, we'll simply execute the query and return an array
    417▕             // of the database result set. Each element in the array will be a single
    418▕             // row from the database table, and will either be an array or objects.
    419▕             $statement = $this->prepared(
  ➜ 420▕                 $this->getPdoForSelect($useReadPdo)->prepare($query)
    421▕             );
    422▕ 
    423▕             $this->bindValues($statement, $this->prepareBindings($bindings));
    424▕

  1   vendor\laravel\framework\src\Illuminate\Database\Connection.php:420
  2   vendor\laravel\framework\src\Illuminate\Database\Connection.php:827

  ────────────────────────────────────────────────────────────────────────────────────────────────────────────────────  
   FAILED  Tests\Feature\Api\Client\V1\OrderTest > create order from cart                              QueryException   
  SQLSTATE[HY000]: General error: 1 unrecognized token: ""products"")" (Connection: sqlite, Database: :memory:, SQL: pragma index_list("products""))

  at vendor\laravel\framework\src\Illuminate\Database\Connection.php:420
    416▕             // For select statements, we'll simply execute the query and return an array
    417▕             // of the database result set. Each element in the array will be a single
    418▕             // row from the database table, and will either be an array or objects.
    419▕             $statement = $this->prepared(
  ➜ 420▕                 $this->getPdoForSelect($useReadPdo)->prepare($query)
    421▕             );
    422▕ 
    423▕             $this->bindValues($statement, $this->prepareBindings($bindings));
    424▕

  1   vendor\laravel\framework\src\Illuminate\Database\Connection.php:420
  2   vendor\laravel\framework\src\Illuminate\Database\Connection.php:827

  ────────────────────────────────────────────────────────────────────────────────────────────────────────────────────  
   FAILED  Tests\Feature\Api\Client\V1\OrderTest > create order requires cart items                    QueryException   
  SQLSTATE[HY000]: General error: 1 unrecognized token: ""products"")" (Connection: sqlite, Database: :memory:, SQL: pragma index_list("products""))

  at vendor\laravel\framework\src\Illuminate\Database\Connection.php:420
    416▕             // For select statements, we'll simply execute the query and return an array
    417▕             // of the database result set. Each element in the array will be a single
    418▕             // row from the database table, and will either be an array or objects.
    419▕             $statement = $this->prepared(
  ➜ 420▕                 $this->getPdoForSelect($useReadPdo)->prepare($query)
    421▕             );
    422▕ 
    423▕             $this->bindValues($statement, $this->prepareBindings($bindings));
    424▕

  1   vendor\laravel\framework\src\Illuminate\Database\Connection.php:420
  2   vendor\laravel\framework\src\Illuminate\Database\Connection.php:827

  ────────────────────────────────────────────────────────────────────────────────────────────────────────────────────  
   FAILED  Tests\Feature\Api\Client\V1\OrderTest > create order forbidden for other user cart          QueryException   
  SQLSTATE[HY000]: General error: 1 unrecognized token: ""products"")" (Connection: sqlite, Database: :memory:, SQL: pragma index_list("products""))

  at vendor\laravel\framework\src\Illuminate\Database\Connection.php:420
    416▕             // For select statements, we'll simply execute the query and return an array
    417▕             // of the database result set. Each element in the array will be a single
    418▕             // row from the database table, and will either be an array or objects.
    419▕             $statement = $this->prepared(
  ➜ 420▕                 $this->getPdoForSelect($useReadPdo)->prepare($query)
    421▕             );
    422▕ 
    423▕             $this->bindValues($statement, $this->prepareBindings($bindings));
    424▕

  1   vendor\laravel\framework\src\Illuminate\Database\Connection.php:420
  2   vendor\laravel\framework\src\Illuminate\Database\Connection.php:827

  ────────────────────────────────────────────────────────────────────────────────────────────────────────────────────  
   FAILED  Tests\Feature\Api\Client\V1\OrderTest > create order requires authentication                QueryException   
  SQLSTATE[HY000]: General error: 1 unrecognized token: ""products"")" (Connection: sqlite, Database: :memory:, SQL: pragma index_list("products""))

  at vendor\laravel\framework\src\Illuminate\Database\Connection.php:420
    416▕             // For select statements, we'll simply execute the query and return an array
    417▕             // of the database result set. Each element in the array will be a single
    418▕             // row from the database table, and will either be an array or objects.
    419▕             $statement = $this->prepared(
  ➜ 420▕                 $this->getPdoForSelect($useReadPdo)->prepare($query)
    421▕             );
    422▕ 
    423▕             $this->bindValues($statement, $this->prepareBindings($bindings));
    424▕

  1   vendor\laravel\framework\src\Illuminate\Database\Connection.php:420
  2   vendor\laravel\framework\src\Illuminate\Database\Connection.php:827

  ────────────────────────────────────────────────────────────────────────────────────────────────────────────────────  
   FAILED  Tests\Feature\Api\Client\V1\ProductDetailTest > the product detail resolves by product id…  QueryException   
  SQLSTATE[HY000]: General error: 1 unrecognized token: ""products"")" (Connection: sqlite, Database: :memory:, SQL: pragma index_list("products""))

  at vendor\laravel\framework\src\Illuminate\Database\Connection.php:420
    416▕             // For select statements, we'll simply execute the query and return an array
    417▕             // of the database result set. Each element in the array will be a single
    418▕             // row from the database table, and will either be an array or objects.
    419▕             $statement = $this->prepared(
  ➜ 420▕                 $this->getPdoForSelect($useReadPdo)->prepare($query)
    421▕             );
    422▕ 
    423▕             $this->bindValues($statement, $this->prepareBindings($bindings));
    424▕

  1   vendor\laravel\framework\src\Illuminate\Database\Connection.php:420
  2   vendor\laravel\framework\src\Illuminate\Database\Connection.php:827

  ────────────────────────────────────────────────────────────────────────────────────────────────────────────────────  
   FAILED  Tests\Feature\Api\Client\V1\ProductDetailTest > product detail exposes the active image g…  QueryException   
  SQLSTATE[HY000]: General error: 1 unrecognized token: ""products"")" (Connection: sqlite, Database: :memory:, SQL: pragma index_list("products""))

  at vendor\laravel\framework\src\Illuminate\Database\Connection.php:420
    416▕             // For select statements, we'll simply execute the query and return an array
    417▕             // of the database result set. Each element in the array will be a single
    418▕             // row from the database table, and will either be an array or objects.
    419▕             $statement = $this->prepared(
  ➜ 420▕                 $this->getPdoForSelect($useReadPdo)->prepare($query)
    421▕             );
    422▕ 
    423▕             $this->bindValues($statement, $this->prepareBindings($bindings));
    424▕

  1   vendor\laravel\framework\src\Illuminate\Database\Connection.php:420
  2   vendor\laravel\framework\src\Illuminate\Database\Connection.php:827

  ────────────────────────────────────────────────────────────────────────────────────────────────────────────────────  
   FAILED  Tests\Feature\Api\Client\V1\ProductDetailTest > product detail returns only the active va…  QueryException   
  SQLSTATE[HY000]: General error: 1 unrecognized token: ""products"")" (Connection: sqlite, Database: :memory:, SQL: pragma index_list("products""))

  at vendor\laravel\framework\src\Illuminate\Database\Connection.php:420
    416▕             // For select statements, we'll simply execute the query and return an array
    417▕             // of the database result set. Each element in the array will be a single
    418▕             // row from the database table, and will either be an array or objects.
    419▕             $statement = $this->prepared(
  ➜ 420▕                 $this->getPdoForSelect($useReadPdo)->prepare($query)
    421▕             );
    422▕ 
    423▕             $this->bindValues($statement, $this->prepareBindings($bindings));
    424▕

  1   vendor\laravel\framework\src\Illuminate\Database\Connection.php:420
  2   vendor\laravel\framework\src\Illuminate\Database\Connection.php:827

  ────────────────────────────────────────────────────────────────────────────────────────────────────────────────────  
   FAILED  Tests\Feature\Api\Client\V1\ProductDetailTest > product detail does not leak the internal…  QueryException   
  SQLSTATE[HY000]: General error: 1 unrecognized token: ""products"")" (Connection: sqlite, Database: :memory:, SQL: pragma index_list("products""))

  at vendor\laravel\framework\src\Illuminate\Database\Connection.php:420
    416▕             // For select statements, we'll simply execute the query and return an array
    417▕             // of the database result set. Each element in the array will be a single
    418▕             // row from the database table, and will either be an array or objects.
    419▕             $statement = $this->prepared(
  ➜ 420▕                 $this->getPdoForSelect($useReadPdo)->prepare($query)
    421▕             );
    422▕ 
    423▕             $this->bindValues($statement, $this->prepareBindings($bindings));
    424▕

  1   vendor\laravel\framework\src\Illuminate\Database\Connection.php:420
  2   vendor\laravel\framework\src\Illuminate\Database\Connection.php:827

  ────────────────────────────────────────────────────────────────────────────────────────────────────────────────────  
   FAILED  Tests\Feature\Api\Client\V1\ProductDetailTest > inactive products are not served by the c…  QueryException   
  SQLSTATE[HY000]: General error: 1 unrecognized token: ""products"")" (Connection: sqlite, Database: :memory:, SQL: pragma index_list("products""))

  at vendor\laravel\framework\src\Illuminate\Database\Connection.php:420
    416▕             // For select statements, we'll simply execute the query and return an array
    417▕             // of the database result set. Each element in the array will be a single
    418▕             // row from the database table, and will either be an array or objects.
    419▕             $statement = $this->prepared(
  ➜ 420▕                 $this->getPdoForSelect($useReadPdo)->prepare($query)
    421▕             );
    422▕ 
    423▕             $this->bindValues($statement, $this->prepareBindings($bindings));
    424▕

  1   vendor\laravel\framework\src\Illuminate\Database\Connection.php:420
  2   vendor\laravel\framework\src\Illuminate\Database\Connection.php:827

  ────────────────────────────────────────────────────────────────────────────────────────────────────────────────────  
   FAILED  Tests\Feature\Api\Client\V1\ProductDetailTest > viewing a product detail increments its v…  QueryException   
  SQLSTATE[HY000]: General error: 1 unrecognized token: ""products"")" (Connection: sqlite, Database: :memory:, SQL: pragma index_list("products""))

  at vendor\laravel\framework\src\Illuminate\Database\Connection.php:420
    416▕             // For select statements, we'll simply execute the query and return an array
    417▕             // of the database result set. Each element in the array will be a single
    418▕             // row from the database table, and will either be an array or objects.
    419▕             $statement = $this->prepared(
  ➜ 420▕                 $this->getPdoForSelect($useReadPdo)->prepare($query)
    421▕             );
    422▕ 
    423▕             $this->bindValues($statement, $this->prepareBindings($bindings));
    424▕

  1   vendor\laravel\framework\src\Illuminate\Database\Connection.php:420
  2   vendor\laravel\framework\src\Illuminate\Database\Connection.php:827

  ────────────────────────────────────────────────────────────────────────────────────────────────────────────────────  
   FAILED  Tests\Feature\Api\Client\V1\ProductDetailTest > the products list endpoint stays light an…  QueryException   
  SQLSTATE[HY000]: General error: 1 unrecognized token: ""products"")" (Connection: sqlite, Database: :memory:, SQL: pragma index_list("products""))

  at vendor\laravel\framework\src\Illuminate\Database\Connection.php:420
    416▕             // For select statements, we'll simply execute the query and return an array
    417▕             // of the database result set. Each element in the array will be a single
    418▕             // row from the database table, and will either be an array or objects.
    419▕             $statement = $this->prepared(
  ➜ 420▕                 $this->getPdoForSelect($useReadPdo)->prepare($query)
    421▕             );
    422▕ 
    423▕             $this->bindValues($statement, $this->prepareBindings($bindings));
    424▕

  1   vendor\laravel\framework\src\Illuminate\Database\Connection.php:420
  2   vendor\laravel\framework\src\Illuminate\Database\Connection.php:827

  ────────────────────────────────────────────────────────────────────────────────────────────────────────────────────  
   FAILED  Tests\Feature\Api\Client\V1\ProductVariantTest > get product variants success               QueryException   
  SQLSTATE[HY000]: General error: 1 unrecognized token: ""products"")" (Connection: sqlite, Database: :memory:, SQL: pragma index_list("products""))

  at vendor\laravel\framework\src\Illuminate\Database\Connection.php:420
    416▕             // For select statements, we'll simply execute the query and return an array
    417▕             // of the database result set. Each element in the array will be a single
    418▕             // row from the database table, and will either be an array or objects.
    419▕             $statement = $this->prepared(
  ➜ 420▕                 $this->getPdoForSelect($useReadPdo)->prepare($query)
    421▕             );
    422▕ 
    423▕             $this->bindValues($statement, $this->prepareBindings($bindings));
    424▕

  1   vendor\laravel\framework\src\Illuminate\Database\Connection.php:420
  2   vendor\laravel\framework\src\Illuminate\Database\Connection.php:827

  ────────────────────────────────────────────────────────────────────────────────────────────────────────────────────  
   FAILED  Tests\Feature\Api\Client\V1\ProductVariantTest > get product variants excludes inactive     QueryException   
  SQLSTATE[HY000]: General error: 1 unrecognized token: ""products"")" (Connection: sqlite, Database: :memory:, SQL: pragma index_list("products""))

  at vendor\laravel\framework\src\Illuminate\Database\Connection.php:420
    416▕             // For select statements, we'll simply execute the query and return an array
    417▕             // of the database result set. Each element in the array will be a single
    418▕             // row from the database table, and will either be an array or objects.
    419▕             $statement = $this->prepared(
  ➜ 420▕                 $this->getPdoForSelect($useReadPdo)->prepare($query)
    421▕             );
    422▕ 
    423▕             $this->bindValues($statement, $this->prepareBindings($bindings));
    424▕

  1   vendor\laravel\framework\src\Illuminate\Database\Connection.php:420
  2   vendor\laravel\framework\src\Illuminate\Database\Connection.php:827

  ────────────────────────────────────────────────────────────────────────────────────────────────────────────────────  
   FAILED  Tests\Feature\Api\Client\V1\ProductVariantTest > get variants returns not found for inact…  QueryException   
  SQLSTATE[HY000]: General error: 1 unrecognized token: ""products"")" (Connection: sqlite, Database: :memory:, SQL: pragma index_list("products""))

  at vendor\laravel\framework\src\Illuminate\Database\Connection.php:420
    416▕             // For select statements, we'll simply execute the query and return an array
    417▕             // of the database result set. Each element in the array will be a single
    418▕             // row from the database table, and will either be an array or objects.
    419▕             $statement = $this->prepared(
  ➜ 420▕                 $this->getPdoForSelect($useReadPdo)->prepare($query)
    421▕             );
    422▕ 
    423▕             $this->bindValues($statement, $this->prepareBindings($bindings));
    424▕

  1   vendor\laravel\framework\src\Illuminate\Database\Connection.php:420
  2   vendor\laravel\framework\src\Illuminate\Database\Connection.php:827

  ────────────────────────────────────────────────────────────────────────────────────────────────────────────────────  
   FAILED  Tests\Feature\Api\Client\V1\ProductVariantTest > get variants for nonexistent product       QueryException   
  SQLSTATE[HY000]: General error: 1 unrecognized token: ""products"")" (Connection: sqlite, Database: :memory:, SQL: pragma index_list("products""))

  at vendor\laravel\framework\src\Illuminate\Database\Connection.php:420
    416▕             // For select statements, we'll simply execute the query and return an array
    417▕             // of the database result set. Each element in the array will be a single
    418▕             // row from the database table, and will either be an array or objects.
    419▕             $statement = $this->prepared(
  ➜ 420▕                 $this->getPdoForSelect($useReadPdo)->prepare($query)
    421▕             );
    422▕ 
    423▕             $this->bindValues($statement, $this->prepareBindings($bindings));
    424▕

  1   vendor\laravel\framework\src\Illuminate\Database\Connection.php:420
  2   vendor\laravel\framework\src\Illuminate\Database\Connection.php:827

  ────────────────────────────────────────────────────────────────────────────────────────────────────────────────────  
   FAILED  Tests\Feature\Api\Client\V1\ProductsTest > list products success                            QueryException   
  SQLSTATE[HY000]: General error: 1 unrecognized token: ""products"")" (Connection: sqlite, Database: :memory:, SQL: pragma index_list("products""))

  at vendor\laravel\framework\src\Illuminate\Database\Connection.php:420
    416▕             // For select statements, we'll simply execute the query and return an array
    417▕             // of the database result set. Each element in the array will be a single
    418▕             // row from the database table, and will either be an array or objects.
    419▕             $statement = $this->prepared(
  ➜ 420▕                 $this->getPdoForSelect($useReadPdo)->prepare($query)
    421▕             );
    422▕ 
    423▕             $this->bindValues($statement, $this->prepareBindings($bindings));
    424▕

  1   vendor\laravel\framework\src\Illuminate\Database\Connection.php:420
  2   vendor\laravel\framework\src\Illuminate\Database\Connection.php:827

  ────────────────────────────────────────────────────────────────────────────────────────────────────────────────────  
   FAILED  Tests\Feature\Api\Client\V1\ProductsTest > list products excludes inactive                  QueryException   
  SQLSTATE[HY000]: General error: 1 unrecognized token: ""products"")" (Connection: sqlite, Database: :memory:, SQL: pragma index_list("products""))

  at vendor\laravel\framework\src\Illuminate\Database\Connection.php:420
    416▕             // For select statements, we'll simply execute the query and return an array
    417▕             // of the database result set. Each element in the array will be a single
    418▕             // row from the database table, and will either be an array or objects.
    419▕             $statement = $this->prepared(
  ➜ 420▕                 $this->getPdoForSelect($useReadPdo)->prepare($query)
    421▕             );
    422▕ 
    423▕             $this->bindValues($statement, $this->prepareBindings($bindings));
    424▕

  1   vendor\laravel\framework\src\Illuminate\Database\Connection.php:420
  2   vendor\laravel\framework\src\Illuminate\Database\Connection.php:827

  ────────────────────────────────────────────────────────────────────────────────────────────────────────────────────  
   FAILED  Tests\Feature\Api\Client\V1\ProductsTest > list products by category                        QueryException   
  SQLSTATE[HY000]: General error: 1 unrecognized token: ""products"")" (Connection: sqlite, Database: :memory:, SQL: pragma index_list("products""))

  at vendor\laravel\framework\src\Illuminate\Database\Connection.php:420
    416▕             // For select statements, we'll simply execute the query and return an array
    417▕             // of the database result set. Each element in the array will be a single
    418▕             // row from the database table, and will either be an array or objects.
    419▕             $statement = $this->prepared(
  ➜ 420▕                 $this->getPdoForSelect($useReadPdo)->prepare($query)
    421▕             );
    422▕ 
    423▕             $this->bindValues($statement, $this->prepareBindings($bindings));
    424▕

  1   vendor\laravel\framework\src\Illuminate\Database\Connection.php:420
  2   vendor\laravel\framework\src\Illuminate\Database\Connection.php:827

  ────────────────────────────────────────────────────────────────────────────────────────────────────────────────────  
   FAILED  Tests\Feature\Api\Client\V1\ProductsTest > list products by brand                           QueryException   
  SQLSTATE[HY000]: General error: 1 unrecognized token: ""products"")" (Connection: sqlite, Database: :memory:, SQL: pragma index_list("products""))

  at vendor\laravel\framework\src\Illuminate\Database\Connection.php:420
    416▕             // For select statements, we'll simply execute the query and return an array
    417▕             // of the database result set. Each element in the array will be a single
    418▕             // row from the database table, and will either be an array or objects.
    419▕             $statement = $this->prepared(
  ➜ 420▕                 $this->getPdoForSelect($useReadPdo)->prepare($query)
    421▕             );
    422▕ 
    423▕             $this->bindValues($statement, $this->prepareBindings($bindings));
    424▕

  1   vendor\laravel\framework\src\Illuminate\Database\Connection.php:420
  2   vendor\laravel\framework\src\Illuminate\Database\Connection.php:827

  ────────────────────────────────────────────────────────────────────────────────────────────────────────────────────  
   FAILED  Tests\Feature\Api\Client\V1\ProductsTest > list products pagination                         QueryException   
  SQLSTATE[HY000]: General error: 1 unrecognized token: ""products"")" (Connection: sqlite, Database: :memory:, SQL: pragma index_list("products""))

  at vendor\laravel\framework\src\Illuminate\Database\Connection.php:420
    416▕             // For select statements, we'll simply execute the query and return an array
    417▕             // of the database result set. Each element in the array will be a single
    418▕             // row from the database table, and will either be an array or objects.
    419▕             $statement = $this->prepared(
  ➜ 420▕                 $this->getPdoForSelect($useReadPdo)->prepare($query)
    421▕             );
    422▕ 
    423▕             $this->bindValues($statement, $this->prepareBindings($bindings));
    424▕

  1   vendor\laravel\framework\src\Illuminate\Database\Connection.php:420
  2   vendor\laravel\framework\src\Illuminate\Database\Connection.php:827

  ────────────────────────────────────────────────────────────────────────────────────────────────────────────────────  
   FAILED  Tests\Feature\Api\Client\V1\ProductsTest > get product detail                               QueryException   
  SQLSTATE[HY000]: General error: 1 unrecognized token: ""products"")" (Connection: sqlite, Database: :memory:, SQL: pragma index_list("products""))

  at vendor\laravel\framework\src\Illuminate\Database\Connection.php:420
    416▕             // For select statements, we'll simply execute the query and return an array
    417▕             // of the database result set. Each element in the array will be a single
    418▕             // row from the database table, and will either be an array or objects.
    419▕             $statement = $this->prepared(
  ➜ 420▕                 $this->getPdoForSelect($useReadPdo)->prepare($query)
    421▕             );
    422▕ 
    423▕             $this->bindValues($statement, $this->prepareBindings($bindings));
    424▕

  1   vendor\laravel\framework\src\Illuminate\Database\Connection.php:420
  2   vendor\laravel\framework\src\Illuminate\Database\Connection.php:827

  ────────────────────────────────────────────────────────────────────────────────────────────────────────────────────  
   FAILED  Tests\Feature\Api\Client\V1\ProductsTest > get product by uuid                              QueryException   
  SQLSTATE[HY000]: General error: 1 unrecognized token: ""products"")" (Connection: sqlite, Database: :memory:, SQL: pragma index_list("products""))

  at vendor\laravel\framework\src\Illuminate\Database\Connection.php:420
    416▕             // For select statements, we'll simply execute the query and return an array
    417▕             // of the database result set. Each element in the array will be a single
    418▕             // row from the database table, and will either be an array or objects.
    419▕             $statement = $this->prepared(
  ➜ 420▕                 $this->getPdoForSelect($useReadPdo)->prepare($query)
    421▕             );
    422▕ 
    423▕             $this->bindValues($statement, $this->prepareBindings($bindings));
    424▕

  1   vendor\laravel\framework\src\Illuminate\Database\Connection.php:420
  2   vendor\laravel\framework\src\Illuminate\Database\Connection.php:827

  ────────────────────────────────────────────────────────────────────────────────────────────────────────────────────  
   FAILED  Tests\Feature\Api\Client\V1\ProductsTest > get product includes images                      QueryException   
  SQLSTATE[HY000]: General error: 1 unrecognized token: ""products"")" (Connection: sqlite, Database: :memory:, SQL: pragma index_list("products""))

  at vendor\laravel\framework\src\Illuminate\Database\Connection.php:420
    416▕             // For select statements, we'll simply execute the query and return an array
    417▕             // of the database result set. Each element in the array will be a single
    418▕             // row from the database table, and will either be an array or objects.
    419▕             $statement = $this->prepared(
  ➜ 420▕                 $this->getPdoForSelect($useReadPdo)->prepare($query)
    421▕             );
    422▕ 
    423▕             $this->bindValues($statement, $this->prepareBindings($bindings));
    424▕

  1   vendor\laravel\framework\src\Illuminate\Database\Connection.php:420
  2   vendor\laravel\framework\src\Illuminate\Database\Connection.php:827

  ────────────────────────────────────────────────────────────────────────────────────────────────────────────────────  
   FAILED  Tests\Feature\Api\Client\V1\ProductsTest > get product excludes cost price                  QueryException   
  SQLSTATE[HY000]: General error: 1 unrecognized token: ""products"")" (Connection: sqlite, Database: :memory:, SQL: pragma index_list("products""))

  at vendor\laravel\framework\src\Illuminate\Database\Connection.php:420
    416▕             // For select statements, we'll simply execute the query and return an array
    417▕             // of the database result set. Each element in the array will be a single
    418▕             // row from the database table, and will either be an array or objects.
    419▕             $statement = $this->prepared(
  ➜ 420▕                 $this->getPdoForSelect($useReadPdo)->prepare($query)
    421▕             );
    422▕ 
    423▕             $this->bindValues($statement, $this->prepareBindings($bindings));
    424▕

  1   vendor\laravel\framework\src\Illuminate\Database\Connection.php:420
  2   vendor\laravel\framework\src\Illuminate\Database\Connection.php:827

  ────────────────────────────────────────────────────────────────────────────────────────────────────────────────────  
   FAILED  Tests\Feature\Api\Client\V1\ProductsTest > get inactive product returns not found           QueryException   
  SQLSTATE[HY000]: General error: 1 unrecognized token: ""products"")" (Connection: sqlite, Database: :memory:, SQL: pragma index_list("products""))

  at vendor\laravel\framework\src\Illuminate\Database\Connection.php:420
    416▕             // For select statements, we'll simply execute the query and return an array
    417▕             // of the database result set. Each element in the array will be a single
    418▕             // row from the database table, and will either be an array or objects.
    419▕             $statement = $this->prepared(
  ➜ 420▕                 $this->getPdoForSelect($useReadPdo)->prepare($query)
    421▕             );
    422▕ 
    423▕             $this->bindValues($statement, $this->prepareBindings($bindings));
    424▕

  1   vendor\laravel\framework\src\Illuminate\Database\Connection.php:420
  2   vendor\laravel\framework\src\Illuminate\Database\Connection.php:827

  ────────────────────────────────────────────────────────────────────────────────────────────────────────────────────  
   FAILED  Tests\Feature\Api\Client\V1\ProductsTest > get nonexistent product returns not found        QueryException   
  SQLSTATE[HY000]: General error: 1 unrecognized token: ""products"")" (Connection: sqlite, Database: :memory:, SQL: pragma index_list("products""))

  at vendor\laravel\framework\src\Illuminate\Database\Connection.php:420
    416▕             // For select statements, we'll simply execute the query and return an array
    417▕             // of the database result set. Each element in the array will be a single
    418▕             // row from the database table, and will either be an array or objects.
    419▕             $statement = $this->prepared(
  ➜ 420▕                 $this->getPdoForSelect($useReadPdo)->prepare($query)
    421▕             );
    422▕ 
    423▕             $this->bindValues($statement, $this->prepareBindings($bindings));
    424▕

  1   vendor\laravel\framework\src\Illuminate\Database\Connection.php:420
  2   vendor\laravel\framework\src\Illuminate\Database\Connection.php:827

  ────────────────────────────────────────────────────────────────────────────────────────────────────────────────────  
   FAILED  Tests\Feature\Api\Client\V1\ProductsTest > product detail increments view count             QueryException   
  SQLSTATE[HY000]: General error: 1 unrecognized token: ""products"")" (Connection: sqlite, Database: :memory:, SQL: pragma index_list("products""))

  at vendor\laravel\framework\src\Illuminate\Database\Connection.php:420
    416▕             // For select statements, we'll simply execute the query and return an array
    417▕             // of the database result set. Each element in the array will be a single
    418▕             // row from the database table, and will either be an array or objects.
    419▕             $statement = $this->prepared(
  ➜ 420▕                 $this->getPdoForSelect($useReadPdo)->prepare($query)
    421▕             );
    422▕ 
    423▕             $this->bindValues($statement, $this->prepareBindings($bindings));
    424▕

  1   vendor\laravel\framework\src\Illuminate\Database\Connection.php:420
  2   vendor\laravel\framework\src\Illuminate\Database\Connection.php:827

  ────────────────────────────────────────────────────────────────────────────────────────────────────────────────────  
   FAILED  Tests\Feature\Api\Client\V1\ProfileTest > get profile success                               QueryException   
  SQLSTATE[HY000]: General error: 1 unrecognized token: ""products"")" (Connection: sqlite, Database: :memory:, SQL: pragma index_list("products""))

  at vendor\laravel\framework\src\Illuminate\Database\Connection.php:420
    416▕             // For select statements, we'll simply execute the query and return an array
    417▕             // of the database result set. Each element in the array will be a single
    418▕             // row from the database table, and will either be an array or objects.
    419▕             $statement = $this->prepared(
  ➜ 420▕                 $this->getPdoForSelect($useReadPdo)->prepare($query)
    421▕             );
    422▕ 
    423▕             $this->bindValues($statement, $this->prepareBindings($bindings));
    424▕

  1   vendor\laravel\framework\src\Illuminate\Database\Connection.php:420
  2   vendor\laravel\framework\src\Illuminate\Database\Connection.php:827

  ────────────────────────────────────────────────────────────────────────────────────────────────────────────────────  
   FAILED  Tests\Feature\Api\Client\V1\ProfileTest > get profile with avatar                           QueryException   
  SQLSTATE[HY000]: General error: 1 unrecognized token: ""products"")" (Connection: sqlite, Database: :memory:, SQL: pragma index_list("products""))

  at vendor\laravel\framework\src\Illuminate\Database\Connection.php:420
    416▕             // For select statements, we'll simply execute the query and return an array
    417▕             // of the database result set. Each element in the array will be a single
    418▕             // row from the database table, and will either be an array or objects.
    419▕             $statement = $this->prepared(
  ➜ 420▕                 $this->getPdoForSelect($useReadPdo)->prepare($query)
    421▕             );
    422▕ 
    423▕             $this->bindValues($statement, $this->prepareBindings($bindings));
    424▕

  1   vendor\laravel\framework\src\Illuminate\Database\Connection.php:420
  2   vendor\laravel\framework\src\Illuminate\Database\Connection.php:827

  ────────────────────────────────────────────────────────────────────────────────────────────────────────────────────  
   FAILED  Tests\Feature\Api\Client\V1\ProfileTest > get profile requires authentication               QueryException   
  SQLSTATE[HY000]: General error: 1 unrecognized token: ""products"")" (Connection: sqlite, Database: :memory:, SQL: pragma index_list("products""))

  at vendor\laravel\framework\src\Illuminate\Database\Connection.php:420
    416▕             // For select statements, we'll simply execute the query and return an array
    417▕             // of the database result set. Each element in the array will be a single
    418▕             // row from the database table, and will either be an array or objects.
    419▕             $statement = $this->prepared(
  ➜ 420▕                 $this->getPdoForSelect($useReadPdo)->prepare($query)
    421▕             );
    422▕ 
    423▕             $this->bindValues($statement, $this->prepareBindings($bindings));
    424▕

  1   vendor\laravel\framework\src\Illuminate\Database\Connection.php:420
  2   vendor\laravel\framework\src\Illuminate\Database\Connection.php:827

  ────────────────────────────────────────────────────────────────────────────────────────────────────────────────────  
   FAILED  Tests\Feature\Api\Client\V1\ProfileTest > upload profile image success                      QueryException   
  SQLSTATE[HY000]: General error: 1 unrecognized token: ""products"")" (Connection: sqlite, Database: :memory:, SQL: pragma index_list("products""))

  at vendor\laravel\framework\src\Illuminate\Database\Connection.php:420
    416▕             // For select statements, we'll simply execute the query and return an array
    417▕             // of the database result set. Each element in the array will be a single
    418▕             // row from the database table, and will either be an array or objects.
    419▕             $statement = $this->prepared(
  ➜ 420▕                 $this->getPdoForSelect($useReadPdo)->prepare($query)
    421▕             );
    422▕ 
    423▕             $this->bindValues($statement, $this->prepareBindings($bindings));
    424▕

  1   vendor\laravel\framework\src\Illuminate\Database\Connection.php:420
  2   vendor\laravel\framework\src\Illuminate\Database\Connection.php:827

  ────────────────────────────────────────────────────────────────────────────────────────────────────────────────────  
   FAILED  Tests\Feature\Api\Client\V1\ProfileTest > upload profile image replaces old image           QueryException   
  SQLSTATE[HY000]: General error: 1 unrecognized token: ""products"")" (Connection: sqlite, Database: :memory:, SQL: pragma index_list("products""))

  at vendor\laravel\framework\src\Illuminate\Database\Connection.php:420
    416▕             // For select statements, we'll simply execute the query and return an array
    417▕             // of the database result set. Each element in the array will be a single
    418▕             // row from the database table, and will either be an array or objects.
    419▕             $statement = $this->prepared(
  ➜ 420▕                 $this->getPdoForSelect($useReadPdo)->prepare($query)
    421▕             );
    422▕ 
    423▕             $this->bindValues($statement, $this->prepareBindings($bindings));
    424▕

  1   vendor\laravel\framework\src\Illuminate\Database\Connection.php:420
  2   vendor\laravel\framework\src\Illuminate\Database\Connection.php:827

  ────────────────────────────────────────────────────────────────────────────────────────────────────────────────────  
   FAILED  Tests\Feature\Api\Client\V1\ProfileTest > upload profile image accepts png                  QueryException   
  SQLSTATE[HY000]: General error: 1 unrecognized token: ""products"")" (Connection: sqlite, Database: :memory:, SQL: pragma index_list("products""))

  at vendor\laravel\framework\src\Illuminate\Database\Connection.php:420
    416▕             // For select statements, we'll simply execute the query and return an array
    417▕             // of the database result set. Each element in the array will be a single
    418▕             // row from the database table, and will either be an array or objects.
    419▕             $statement = $this->prepared(
  ➜ 420▕                 $this->getPdoForSelect($useReadPdo)->prepare($query)
    421▕             );
    422▕ 
    423▕             $this->bindValues($statement, $this->prepareBindings($bindings));
    424▕

  1   vendor\laravel\framework\src\Illuminate\Database\Connection.php:420
  2   vendor\laravel\framework\src\Illuminate\Database\Connection.php:827

  ────────────────────────────────────────────────────────────────────────────────────────────────────────────────────  
   FAILED  Tests\Feature\Api\Client\V1\ProfileTest > upload profile image accepts gif                  QueryException   
  SQLSTATE[HY000]: General error: 1 unrecognized token: ""products"")" (Connection: sqlite, Database: :memory:, SQL: pragma index_list("products""))

  at vendor\laravel\framework\src\Illuminate\Database\Connection.php:420
    416▕             // For select statements, we'll simply execute the query and return an array
    417▕             // of the database result set. Each element in the array will be a single
    418▕             // row from the database table, and will either be an array or objects.
    419▕             $statement = $this->prepared(
  ➜ 420▕                 $this->getPdoForSelect($useReadPdo)->prepare($query)
    421▕             );
    422▕ 
    423▕             $this->bindValues($statement, $this->prepareBindings($bindings));
    424▕

  1   vendor\laravel\framework\src\Illuminate\Database\Connection.php:420
  2   vendor\laravel\framework\src\Illuminate\Database\Connection.php:827

  ────────────────────────────────────────────────────────────────────────────────────────────────────────────────────  
   FAILED  Tests\Feature\Api\Client\V1\ProfileTest > upload profile image rejects non image            QueryException   
  SQLSTATE[HY000]: General error: 1 unrecognized token: ""products"")" (Connection: sqlite, Database: :memory:, SQL: pragma index_list("products""))

  at vendor\laravel\framework\src\Illuminate\Database\Connection.php:420
    416▕             // For select statements, we'll simply execute the query and return an array
    417▕             // of the database result set. Each element in the array will be a single
    418▕             // row from the database table, and will either be an array or objects.
    419▕             $statement = $this->prepared(
  ➜ 420▕                 $this->getPdoForSelect($useReadPdo)->prepare($query)
    421▕             );
    422▕ 
    423▕             $this->bindValues($statement, $this->prepareBindings($bindings));
    424▕

  1   vendor\laravel\framework\src\Illuminate\Database\Connection.php:420
  2   vendor\laravel\framework\src\Illuminate\Database\Connection.php:827

  ────────────────────────────────────────────────────────────────────────────────────────────────────────────────────  
   FAILED  Tests\Feature\Api\Client\V1\ProfileTest > upload profile image rejects oversized file       QueryException   
  SQLSTATE[HY000]: General error: 1 unrecognized token: ""products"")" (Connection: sqlite, Database: :memory:, SQL: pragma index_list("products""))

  at vendor\laravel\framework\src\Illuminate\Database\Connection.php:420
    416▕             // For select statements, we'll simply execute the query and return an array
    417▕             // of the database result set. Each element in the array will be a single
    418▕             // row from the database table, and will either be an array or objects.
    419▕             $statement = $this->prepared(
  ➜ 420▕                 $this->getPdoForSelect($useReadPdo)->prepare($query)
    421▕             );
    422▕ 
    423▕             $this->bindValues($statement, $this->prepareBindings($bindings));
    424▕

  1   vendor\laravel\framework\src\Illuminate\Database\Connection.php:420
  2   vendor\laravel\framework\src\Illuminate\Database\Connection.php:827

  ────────────────────────────────────────────────────────────────────────────────────────────────────────────────────  
   FAILED  Tests\Feature\Api\Client\V1\ProfileTest > upload profile image requires image               QueryException   
  SQLSTATE[HY000]: General error: 1 unrecognized token: ""products"")" (Connection: sqlite, Database: :memory:, SQL: pragma index_list("products""))

  at vendor\laravel\framework\src\Illuminate\Database\Connection.php:420
    416▕             // For select statements, we'll simply execute the query and return an array
    417▕             // of the database result set. Each element in the array will be a single
    418▕             // row from the database table, and will either be an array or objects.
    419▕             $statement = $this->prepared(
  ➜ 420▕                 $this->getPdoForSelect($useReadPdo)->prepare($query)
    421▕             );
    422▕ 
    423▕             $this->bindValues($statement, $this->prepareBindings($bindings));
    424▕

  1   vendor\laravel\framework\src\Illuminate\Database\Connection.php:420
  2   vendor\laravel\framework\src\Illuminate\Database\Connection.php:827

  ────────────────────────────────────────────────────────────────────────────────────────────────────────────────────  
   FAILED  Tests\Feature\Api\Client\V1\ProfileTest > upload profile image requires authentication      QueryException   
  SQLSTATE[HY000]: General error: 1 unrecognized token: ""products"")" (Connection: sqlite, Database: :memory:, SQL: pragma index_list("products""))

  at vendor\laravel\framework\src\Illuminate\Database\Connection.php:420
    416▕             // For select statements, we'll simply execute the query and return an array
    417▕             // of the database result set. Each element in the array will be a single
    418▕             // row from the database table, and will either be an array or objects.
    419▕             $statement = $this->prepared(
  ➜ 420▕                 $this->getPdoForSelect($useReadPdo)->prepare($query)
    421▕             );
    422▕ 
    423▕             $this->bindValues($statement, $this->prepareBindings($bindings));
    424▕

  1   vendor\laravel\framework\src\Illuminate\Database\Connection.php:420
  2   vendor\laravel\framework\src\Illuminate\Database\Connection.php:827

  ────────────────────────────────────────────────────────────────────────────────────────────────────────────────────  
   FAILED  Tests\Feature\Api\Client\V1\PromotionsTest > client promotions only lists active, in-wind…  QueryException   
  SQLSTATE[HY000]: General error: 1 unrecognized token: ""products"")" (Connection: sqlite, Database: :memory:, SQL: pragma index_list("products""))

  at vendor\laravel\framework\src\Illuminate\Database\Connection.php:420
    416▕             // For select statements, we'll simply execute the query and return an array
    417▕             // of the database result set. Each element in the array will be a single
    418▕             // row from the database table, and will either be an array or objects.
    419▕             $statement = $this->prepared(
  ➜ 420▕                 $this->getPdoForSelect($useReadPdo)->prepare($query)
    421▕             );
    422▕ 
    423▕             $this->bindValues($statement, $this->prepareBindings($bindings));
    424▕

  1   vendor\laravel\framework\src\Illuminate\Database\Connection.php:420
  2   vendor\laravel\framework\src\Illuminate\Database\Connection.php:827

  ────────────────────────────────────────────────────────────────────────────────────────────────────────────────────  
   FAILED  Tests\Feature\Api\Client\V1\PromotionsTest > the promotion payload carries display fields…  QueryException   
  SQLSTATE[HY000]: General error: 1 unrecognized token: ""products"")" (Connection: sqlite, Database: :memory:, SQL: pragma index_list("products""))

  at vendor\laravel\framework\src\Illuminate\Database\Connection.php:420
    416▕             // For select statements, we'll simply execute the query and return an array
    417▕             // of the database result set. Each element in the array will be a single
    418▕             // row from the database table, and will either be an array or objects.
    419▕             $statement = $this->prepared(
  ➜ 420▕                 $this->getPdoForSelect($useReadPdo)->prepare($query)
    421▕             );
    422▕ 
    423▕             $this->bindValues($statement, $this->prepareBindings($bindings));
    424▕

  1   vendor\laravel\framework\src\Illuminate\Database\Connection.php:420
  2   vendor\laravel\framework\src\Illuminate\Database\Connection.php:827

  ────────────────────────────────────────────────────────────────────────────────────────────────────────────────────  
   FAILED  Tests\Feature\Api\Client\V1\PromotionsTest > promotions with no usage cap report a null u…  QueryException   
  SQLSTATE[HY000]: General error: 1 unrecognized token: ""products"")" (Connection: sqlite, Database: :memory:, SQL: pragma index_list("products""))

  at vendor\laravel\framework\src\Illuminate\Database\Connection.php:420
    416▕             // For select statements, we'll simply execute the query and return an array
    417▕             // of the database result set. Each element in the array will be a single
    418▕             // row from the database table, and will either be an array or objects.
    419▕             $statement = $this->prepared(
  ➜ 420▕                 $this->getPdoForSelect($useReadPdo)->prepare($query)
    421▕             );
    422▕ 
    423▕             $this->bindValues($statement, $this->prepareBindings($bindings));
    424▕

  1   vendor\laravel\framework\src\Illuminate\Database\Connection.php:420
  2   vendor\laravel\framework\src\Illuminate\Database\Connection.php:827

  ────────────────────────────────────────────────────────────────────────────────────────────────────────────────────  
   FAILED  Tests\Feature\Api\Client\V1\ShippingMethodTest > list shipping methods success              QueryException   
  SQLSTATE[HY000]: General error: 1 unrecognized token: ""products"")" (Connection: sqlite, Database: :memory:, SQL: pragma index_list("products""))

  at vendor\laravel\framework\src\Illuminate\Database\Connection.php:420
    416▕             // For select statements, we'll simply execute the query and return an array
    417▕             // of the database result set. Each element in the array will be a single
    418▕             // row from the database table, and will either be an array or objects.
    419▕             $statement = $this->prepared(
  ➜ 420▕                 $this->getPdoForSelect($useReadPdo)->prepare($query)
    421▕             );
    422▕ 
    423▕             $this->bindValues($statement, $this->prepareBindings($bindings));
    424▕

  1   vendor\laravel\framework\src\Illuminate\Database\Connection.php:420
  2   vendor\laravel\framework\src\Illuminate\Database\Connection.php:827

  ────────────────────────────────────────────────────────────────────────────────────────────────────────────────────  
   FAILED  Tests\Feature\Api\Client\V1\ShippingMethodTest > list shipping methods excludes inactive    QueryException   
  SQLSTATE[HY000]: General error: 1 unrecognized token: ""products"")" (Connection: sqlite, Database: :memory:, SQL: pragma index_list("products""))

  at vendor\laravel\framework\src\Illuminate\Database\Connection.php:420
    416▕             // For select statements, we'll simply execute the query and return an array
    417▕             // of the database result set. Each element in the array will be a single
    418▕             // row from the database table, and will either be an array or objects.
    419▕             $statement = $this->prepared(
  ➜ 420▕                 $this->getPdoForSelect($useReadPdo)->prepare($query)
    421▕             );
    422▕ 
    423▕             $this->bindValues($statement, $this->prepareBindings($bindings));
    424▕

  1   vendor\laravel\framework\src\Illuminate\Database\Connection.php:420
  2   vendor\laravel\framework\src\Illuminate\Database\Connection.php:827

  ────────────────────────────────────────────────────────────────────────────────────────────────────────────────────  
   FAILED  Tests\Feature\Api\Client\V1\ShippingMethodTest > list shipping methods ordered by sort or…  QueryException   
  SQLSTATE[HY000]: General error: 1 unrecognized token: ""products"")" (Connection: sqlite, Database: :memory:, SQL: pragma index_list("products""))

  at vendor\laravel\framework\src\Illuminate\Database\Connection.php:420
    416▕             // For select statements, we'll simply execute the query and return an array
    417▕             // of the database result set. Each element in the array will be a single
    418▕             // row from the database table, and will either be an array or objects.
    419▕             $statement = $this->prepared(
  ➜ 420▕                 $this->getPdoForSelect($useReadPdo)->prepare($query)
    421▕             );
    422▕ 
    423▕             $this->bindValues($statement, $this->prepareBindings($bindings));
    424▕

  1   vendor\laravel\framework\src\Illuminate\Database\Connection.php:420
  2   vendor\laravel\framework\src\Illuminate\Database\Connection.php:827

  ────────────────────────────────────────────────────────────────────────────────────────────────────────────────────  
   FAILED  Tests\Feature\Api\Client\V1\ShippingMethodTest > master data shipping methods               QueryException   
  SQLSTATE[HY000]: General error: 1 unrecognized token: ""products"")" (Connection: sqlite, Database: :memory:, SQL: pragma index_list("products""))

  at vendor\laravel\framework\src\Illuminate\Database\Connection.php:420
    416▕             // For select statements, we'll simply execute the query and return an array
    417▕             // of the database result set. Each element in the array will be a single
    418▕             // row from the database table, and will either be an array or objects.
    419▕             $statement = $this->prepared(
  ➜ 420▕                 $this->getPdoForSelect($useReadPdo)->prepare($query)
    421▕             );
    422▕ 
    423▕             $this->bindValues($statement, $this->prepareBindings($bindings));
    424▕

  1   vendor\laravel\framework\src\Illuminate\Database\Connection.php:420
  2   vendor\laravel\framework\src\Illuminate\Database\Connection.php:827

  ────────────────────────────────────────────────────────────────────────────────────────────────────────────────────  
   FAILED  Tests\Feature\Api\Client\V1\SlidesTest > client slides come back in carousel order, not i…  QueryException   
  SQLSTATE[HY000]: General error: 1 unrecognized token: ""products"")" (Connection: sqlite, Database: :memory:, SQL: pragma index_list("products""))

  at vendor\laravel\framework\src\Illuminate\Database\Connection.php:420
    416▕             // For select statements, we'll simply execute the query and return an array
    417▕             // of the database result set. Each element in the array will be a single
    418▕             // row from the database table, and will either be an array or objects.
    419▕             $statement = $this->prepared(
  ➜ 420▕                 $this->getPdoForSelect($useReadPdo)->prepare($query)
    421▕             );
    422▕ 
    423▕             $this->bindValues($statement, $this->prepareBindings($bindings));
    424▕

  1   vendor\laravel\framework\src\Illuminate\Database\Connection.php:420
  2   vendor\laravel\framework\src\Illuminate\Database\Connection.php:827

  ────────────────────────────────────────────────────────────────────────────────────────────────────────────────────  
   FAILED  Tests\Feature\Api\Client\V1\SlidesTest > inactive, not-yet-started and expired slides are…  QueryException   
  SQLSTATE[HY000]: General error: 1 unrecognized token: ""products"")" (Connection: sqlite, Database: :memory:, SQL: pragma index_list("products""))

  at vendor\laravel\framework\src\Illuminate\Database\Connection.php:420
    416▕             // For select statements, we'll simply execute the query and return an array
    417▕             // of the database result set. Each element in the array will be a single
    418▕             // row from the database table, and will either be an array or objects.
    419▕             $statement = $this->prepared(
  ➜ 420▕                 $this->getPdoForSelect($useReadPdo)->prepare($query)
    421▕             );
    422▕ 
    423▕             $this->bindValues($statement, $this->prepareBindings($bindings));
    424▕

  1   vendor\laravel\framework\src\Illuminate\Database\Connection.php:420
  2   vendor\laravel\framework\src\Illuminate\Database\Connection.php:827

  ────────────────────────────────────────────────────────────────────────────────────────────────────────────────────  
   FAILED  Tests\Feature\Api\Client\V1\SlidesTest > the position query narrows the slides returned     QueryException   
  SQLSTATE[HY000]: General error: 1 unrecognized token: ""products"")" (Connection: sqlite, Database: :memory:, SQL: pragma index_list("products""))

  at vendor\laravel\framework\src\Illuminate\Database\Connection.php:420
    416▕             // For select statements, we'll simply execute the query and return an array
    417▕             // of the database result set. Each element in the array will be a single
    418▕             // row from the database table, and will either be an array or objects.
    419▕             $statement = $this->prepared(
  ➜ 420▕                 $this->getPdoForSelect($useReadPdo)->prepare($query)
    421▕             );
    422▕ 
    423▕             $this->bindValues($statement, $this->prepareBindings($bindings));
    424▕

  1   vendor\laravel\framework\src\Illuminate\Database\Connection.php:420
  2   vendor\laravel\framework\src\Illuminate\Database\Connection.php:827

  ────────────────────────────────────────────────────────────────────────────────────────────────────────────────────  
   FAILED  Tests\Feature\Api\Client\V1\SlidesTest > a slide composes the cover image and meta frames…  QueryException   
  SQLSTATE[HY000]: General error: 1 unrecognized token: ""products"")" (Connection: sqlite, Database: :memory:, SQL: pragma index_list("products""))

  at vendor\laravel\framework\src\Illuminate\Database\Connection.php:420
    416▕             // For select statements, we'll simply execute the query and return an array
    417▕             // of the database result set. Each element in the array will be a single
    418▕             // row from the database table, and will either be an array or objects.
    419▕             $statement = $this->prepared(
  ➜ 420▕                 $this->getPdoForSelect($useReadPdo)->prepare($query)
    421▕             );
    422▕ 
    423▕             $this->bindValues($statement, $this->prepareBindings($bindings));
    424▕

  1   vendor\laravel\framework\src\Illuminate\Database\Connection.php:420
  2   vendor\laravel\framework\src\Illuminate\Database\Connection.php:827

  ────────────────────────────────────────────────────────────────────────────────────────────────────────────────────  
   FAILED  Tests\Feature\Api\Client\V1\WishlistTest > get wishlist success                             QueryException   
  SQLSTATE[HY000]: General error: 1 unrecognized token: ""products"")" (Connection: sqlite, Database: :memory:, SQL: pragma index_list("products""))

  at vendor\laravel\framework\src\Illuminate\Database\Connection.php:420
    416▕             // For select statements, we'll simply execute the query and return an array
    417▕             // of the database result set. Each element in the array will be a single
    418▕             // row from the database table, and will either be an array or objects.
    419▕             $statement = $this->prepared(
  ➜ 420▕                 $this->getPdoForSelect($useReadPdo)->prepare($query)
    421▕             );
    422▕ 
    423▕             $this->bindValues($statement, $this->prepareBindings($bindings));
    424▕

  1   vendor\laravel\framework\src\Illuminate\Database\Connection.php:420
  2   vendor\laravel\framework\src\Illuminate\Database\Connection.php:827

  ────────────────────────────────────────────────────────────────────────────────────────────────────────────────────  
   FAILED  Tests\Feature\Api\Client\V1\WishlistTest > create or update wishlist                        QueryException   
  SQLSTATE[HY000]: General error: 1 unrecognized token: ""products"")" (Connection: sqlite, Database: :memory:, SQL: pragma index_list("products""))

  at vendor\laravel\framework\src\Illuminate\Database\Connection.php:420
    416▕             // For select statements, we'll simply execute the query and return an array
    417▕             // of the database result set. Each element in the array will be a single
    418▕             // row from the database table, and will either be an array or objects.
    419▕             $statement = $this->prepared(
  ➜ 420▕                 $this->getPdoForSelect($useReadPdo)->prepare($query)
    421▕             );
    422▕ 
    423▕             $this->bindValues($statement, $this->prepareBindings($bindings));
    424▕

  1   vendor\laravel\framework\src\Illuminate\Database\Connection.php:420
  2   vendor\laravel\framework\src\Illuminate\Database\Connection.php:827

  ────────────────────────────────────────────────────────────────────────────────────────────────────────────────────  
   FAILED  Tests\Feature\Api\Client\V1\WishlistTest > add item to wishlist                             QueryException   
  SQLSTATE[HY000]: General error: 1 unrecognized token: ""products"")" (Connection: sqlite, Database: :memory:, SQL: pragma index_list("products""))

  at vendor\laravel\framework\src\Illuminate\Database\Connection.php:420
    416▕             // For select statements, we'll simply execute the query and return an array
    417▕             // of the database result set. Each element in the array will be a single
    418▕             // row from the database table, and will either be an array or objects.
    419▕             $statement = $this->prepared(
  ➜ 420▕                 $this->getPdoForSelect($useReadPdo)->prepare($query)
    421▕             );
    422▕ 
    423▕             $this->bindValues($statement, $this->prepareBindings($bindings));
    424▕

  1   vendor\laravel\framework\src\Illuminate\Database\Connection.php:420
  2   vendor\laravel\framework\src\Illuminate\Database\Connection.php:827

  ────────────────────────────────────────────────────────────────────────────────────────────────────────────────────  
   FAILED  Tests\Feature\Api\Client\V1\WishlistTest > add item requires valid product                  QueryException   
  SQLSTATE[HY000]: General error: 1 unrecognized token: ""products"")" (Connection: sqlite, Database: :memory:, SQL: pragma index_list("products""))

  at vendor\laravel\framework\src\Illuminate\Database\Connection.php:420
    416▕             // For select statements, we'll simply execute the query and return an array
    417▕             // of the database result set. Each element in the array will be a single
    418▕             // row from the database table, and will either be an array or objects.
    419▕             $statement = $this->prepared(
  ➜ 420▕                 $this->getPdoForSelect($useReadPdo)->prepare($query)
    421▕             );
    422▕ 
    423▕             $this->bindValues($statement, $this->prepareBindings($bindings));
    424▕

  1   vendor\laravel\framework\src\Illuminate\Database\Connection.php:420
  2   vendor\laravel\framework\src\Illuminate\Database\Connection.php:827

  ────────────────────────────────────────────────────────────────────────────────────────────────────────────────────  
   FAILED  Tests\Feature\Api\Client\V1\WishlistTest > remove item from wishlist                        QueryException   
  SQLSTATE[HY000]: General error: 1 unrecognized token: ""products"")" (Connection: sqlite, Database: :memory:, SQL: pragma index_list("products""))

  at vendor\laravel\framework\src\Illuminate\Database\Connection.php:420
    416▕             // For select statements, we'll simply execute the query and return an array
    417▕             // of the database result set. Each element in the array will be a single
    418▕             // row from the database table, and will either be an array or objects.
    419▕             $statement = $this->prepared(
  ➜ 420▕                 $this->getPdoForSelect($useReadPdo)->prepare($query)
    421▕             );
    422▕ 
    423▕             $this->bindValues($statement, $this->prepareBindings($bindings));
    424▕

  1   vendor\laravel\framework\src\Illuminate\Database\Connection.php:420
  2   vendor\laravel\framework\src\Illuminate\Database\Connection.php:827

  ────────────────────────────────────────────────────────────────────────────────────────────────────────────────────  
   FAILED  Tests\Feature\Api\Client\V1\WishlistTest > check product in wishlist                        QueryException   
  SQLSTATE[HY000]: General error: 1 unrecognized token: ""products"")" (Connection: sqlite, Database: :memory:, SQL: pragma index_list("products""))

  at vendor\laravel\framework\src\Illuminate\Database\Connection.php:420
    416▕             // For select statements, we'll simply execute the query and return an array
    417▕             // of the database result set. Each element in the array will be a single
    418▕             // row from the database table, and will either be an array or objects.
    419▕             $statement = $this->prepared(
  ➜ 420▕                 $this->getPdoForSelect($useReadPdo)->prepare($query)
    421▕             );
    422▕ 
    423▕             $this->bindValues($statement, $this->prepareBindings($bindings));
    424▕

  1   vendor\laravel\framework\src\Illuminate\Database\Connection.php:420
  2   vendor\laravel\framework\src\Illuminate\Database\Connection.php:827

  ────────────────────────────────────────────────────────────────────────────────────────────────────────────────────  
   FAILED  Tests\Feature\Api\Client\V1\WishlistTest > check product not in wishlist                    QueryException   
  SQLSTATE[HY000]: General error: 1 unrecognized token: ""products"")" (Connection: sqlite, Database: :memory:, SQL: pragma index_list("products""))

  at vendor\laravel\framework\src\Illuminate\Database\Connection.php:420
    416▕             // For select statements, we'll simply execute the query and return an array
    417▕             // of the database result set. Each element in the array will be a single
    418▕             // row from the database table, and will either be an array or objects.
    419▕             $statement = $this->prepared(
  ➜ 420▕                 $this->getPdoForSelect($useReadPdo)->prepare($query)
    421▕             );
    422▕ 
    423▕             $this->bindValues($statement, $this->prepareBindings($bindings));
    424▕

  1   vendor\laravel\framework\src\Illuminate\Database\Connection.php:420
  2   vendor\laravel\framework\src\Illuminate\Database\Connection.php:827

  ────────────────────────────────────────────────────────────────────────────────────────────────────────────────────  
   FAILED  Tests\Feature\Api\Client\V1\WishlistTest > delete wishlist                                  QueryException   
  SQLSTATE[HY000]: General error: 1 unrecognized token: ""products"")" (Connection: sqlite, Database: :memory:, SQL: pragma index_list("products""))

  at vendor\laravel\framework\src\Illuminate\Database\Connection.php:420
    416▕             // For select statements, we'll simply execute the query and return an array
    417▕             // of the database result set. Each element in the array will be a single
    418▕             // row from the database table, and will either be an array or objects.
    419▕             $statement = $this->prepared(
  ➜ 420▕                 $this->getPdoForSelect($useReadPdo)->prepare($query)
    421▕             );
    422▕ 
    423▕             $this->bindValues($statement, $this->prepareBindings($bindings));
    424▕

  1   vendor\laravel\framework\src\Illuminate\Database\Connection.php:420
  2   vendor\laravel\framework\src\Illuminate\Database\Connection.php:827

  ────────────────────────────────────────────────────────────────────────────────────────────────────────────────────  
   FAILED  Tests\Feature\Api\Client\V1\WishlistTest > wishlist endpoints require authentication        QueryException   
  SQLSTATE[HY000]: General error: 1 unrecognized token: ""products"")" (Connection: sqlite, Database: :memory:, SQL: pragma index_list("products""))

  at vendor\laravel\framework\src\Illuminate\Database\Connection.php:420
    416▕             // For select statements, we'll simply execute the query and return an array
    417▕             // of the database result set. Each element in the array will be a single
    418▕             // row from the database table, and will either be an array or objects.
    419▕             $statement = $this->prepared(
  ➜ 420▕                 $this->getPdoForSelect($useReadPdo)->prepare($query)
    421▕             );
    422▕ 
    423▕             $this->bindValues($statement, $this->prepareBindings($bindings));
    424▕

  1   vendor\laravel\framework\src\Illuminate\Database\Connection.php:420
  2   vendor\laravel\framework\src\Illuminate\Database\Connection.php:827

  ────────────────────────────────────────────────────────────────────────────────────────────────────────────────────  
   FAILED  Tests\Feature\Api\Client\V1\WishlistTest > remove nonexistent item                          QueryException   
  SQLSTATE[HY000]: General error: 1 unrecognized token: ""products"")" (Connection: sqlite, Database: :memory:, SQL: pragma index_list("products""))

  at vendor\laravel\framework\src\Illuminate\Database\Connection.php:420
    416▕             // For select statements, we'll simply execute the query and return an array
    417▕             // of the database result set. Each element in the array will be a single
    418▕             // row from the database table, and will either be an array or objects.
    419▕             $statement = $this->prepared(
  ➜ 420▕                 $this->getPdoForSelect($useReadPdo)->prepare($query)
    421▕             );
    422▕ 
    423▕             $this->bindValues($statement, $this->prepareBindings($bindings));
    424▕

  1   vendor\laravel\framework\src\Illuminate\Database\Connection.php:420
  2   vendor\laravel\framework\src\Illuminate\Database\Connection.php:827

  ────────────────────────────────────────────────────────────────────────────────────────────────────────────────────  
   FAILED  Tests\Feature\AuthenticationMiddlewareTest > a valid client JWT resolves its user through…  QueryException   
  SQLSTATE[HY000]: General error: 1 unrecognized token: ""products"")" (Connection: sqlite, Database: :memory:, SQL: pragma index_list("products""))

  at vendor\laravel\framework\src\Illuminate\Database\Connection.php:420
    416▕             // For select statements, we'll simply execute the query and return an array
    417▕             // of the database result set. Each element in the array will be a single
    418▕             // row from the database table, and will either be an array or objects.
    419▕             $statement = $this->prepared(
  ➜ 420▕                 $this->getPdoForSelect($useReadPdo)->prepare($query)
    421▕             );
    422▕ 
    423▕             $this->bindValues($statement, $this->prepareBindings($bindings));
    424▕

  1   vendor\laravel\framework\src\Illuminate\Database\Connection.php:420
  2   vendor\laravel\framework\src\Illuminate\Database\Connection.php:827

  ────────────────────────────────────────────────────────────────────────────────────────────────────────────────────  
   FAILED  Tests\Feature\AuthenticationMiddlewareTest > new client and admin tokens expire after six…  QueryException   
  SQLSTATE[HY000]: General error: 1 unrecognized token: ""products"")" (Connection: sqlite, Database: :memory:, SQL: pragma index_list("products""))

  at vendor\laravel\framework\src\Illuminate\Database\Connection.php:420
    416▕             // For select statements, we'll simply execute the query and return an array
    417▕             // of the database result set. Each element in the array will be a single
    418▕             // row from the database table, and will either be an array or objects.
    419▕             $statement = $this->prepared(
  ➜ 420▕                 $this->getPdoForSelect($useReadPdo)->prepare($query)
    421▕             );
    422▕ 
    423▕             $this->bindValues($statement, $this->prepareBindings($bindings));
    424▕

  1   vendor\laravel\framework\src\Illuminate\Database\Connection.php:420
  2   vendor\laravel\framework\src\Illuminate\Database\Connection.php:827

  ────────────────────────────────────────────────────────────────────────────────────────────────────────────────────  
   FAILED  Tests\Feature\AuthenticationMiddlewareTest > client JWT middleware rejects missing invali…  QueryException   
  SQLSTATE[HY000]: General error: 1 unrecognized token: ""products"")" (Connection: sqlite, Database: :memory:, SQL: pragma index_list("products""))

  at vendor\laravel\framework\src\Illuminate\Database\Connection.php:420
    416▕             // For select statements, we'll simply execute the query and return an array
    417▕             // of the database result set. Each element in the array will be a single
    418▕             // row from the database table, and will either be an array or objects.
    419▕             $statement = $this->prepared(
  ➜ 420▕                 $this->getPdoForSelect($useReadPdo)->prepare($query)
    421▕             );
    422▕ 
    423▕             $this->bindValues($statement, $this->prepareBindings($bindings));
    424▕

  1   vendor\laravel\framework\src\Illuminate\Database\Connection.php:420
  2   vendor\laravel\framework\src\Illuminate\Database\Connection.php:827

  ────────────────────────────────────────────────────────────────────────────────────────────────────────────────────  
   FAILED  Tests\Feature\AuthenticationMiddlewareTest > public health endpoint does not require a JW…  QueryException   
  SQLSTATE[HY000]: General error: 1 unrecognized token: ""products"")" (Connection: sqlite, Database: :memory:, SQL: pragma index_list("products""))

  at vendor\laravel\framework\src\Illuminate\Database\Connection.php:420
    416▕             // For select statements, we'll simply execute the query and return an array
    417▕             // of the database result set. Each element in the array will be a single
    418▕             // row from the database table, and will either be an array or objects.
    419▕             $statement = $this->prepared(
  ➜ 420▕                 $this->getPdoForSelect($useReadPdo)->prepare($query)
    421▕             );
    422▕ 
    423▕             $this->bindValues($statement, $this->prepareBindings($bindings));
    424▕

  1   vendor\laravel\framework\src\Illuminate\Database\Connection.php:420
  2   vendor\laravel\framework\src\Illuminate\Database\Connection.php:827

  ────────────────────────────────────────────────────────────────────────────────────────────────────────────────────  
   FAILED  Tests\Feature\AuthenticationMiddlewareTest > admin routes distinguish missing tokens from…  QueryException   
  SQLSTATE[HY000]: General error: 1 unrecognized token: ""products"")" (Connection: sqlite, Database: :memory:, SQL: pragma index_list("products""))

  at vendor\laravel\framework\src\Illuminate\Database\Connection.php:420
    416▕             // For select statements, we'll simply execute the query and return an array
    417▕             // of the database result set. Each element in the array will be a single
    418▕             // row from the database table, and will either be an array or objects.
    419▕             $statement = $this->prepared(
  ➜ 420▕                 $this->getPdoForSelect($useReadPdo)->prepare($query)
    421▕             );
    422▕ 
    423▕             $this->bindValues($statement, $this->prepareBindings($bindings));
    424▕

  1   vendor\laravel\framework\src\Illuminate\Database\Connection.php:420
  2   vendor\laravel\framework\src\Illuminate\Database\Connection.php:827

  ────────────────────────────────────────────────────────────────────────────────────────────────────────────────────  
   FAILED  Tests\Feature\MediaControllerTest > admin can upload media to Cloudinary                    QueryException   
  SQLSTATE[HY000]: General error: 1 unrecognized token: ""products"")" (Connection: sqlite, Database: :memory:, SQL: pragma index_list("products""))

  at vendor\laravel\framework\src\Illuminate\Database\Connection.php:420
    416▕             // For select statements, we'll simply execute the query and return an array
    417▕             // of the database result set. Each element in the array will be a single
    418▕             // row from the database table, and will either be an array or objects.
    419▕             $statement = $this->prepared(
  ➜ 420▕                 $this->getPdoForSelect($useReadPdo)->prepare($query)
    421▕             );
    422▕ 
    423▕             $this->bindValues($statement, $this->prepareBindings($bindings));
    424▕

  1   vendor\laravel\framework\src\Illuminate\Database\Connection.php:420
  2   vendor\laravel\framework\src\Illuminate\Database\Connection.php:827

  ────────────────────────────────────────────────────────────────────────────────────────────────────────────────────  
   FAILED  Tests\Feature\MediaControllerTest > upload signature matches the scheme Cloudinary verifi…  QueryException   
  SQLSTATE[HY000]: General error: 1 unrecognized token: ""products"")" (Connection: sqlite, Database: :memory:, SQL: pragma index_list("products""))

  at vendor\laravel\framework\src\Illuminate\Database\Connection.php:420
    416▕             // For select statements, we'll simply execute the query and return an array
    417▕             // of the database result set. Each element in the array will be a single
    418▕             // row from the database table, and will either be an array or objects.
    419▕             $statement = $this->prepared(
  ➜ 420▕                 $this->getPdoForSelect($useReadPdo)->prepare($query)
    421▕             );
    422▕ 
    423▕             $this->bindValues($statement, $this->prepareBindings($bindings));
    424▕

  1   vendor\laravel\framework\src\Illuminate\Database\Connection.php:420
  2   vendor\laravel\framework\src\Illuminate\Database\Connection.php:827

  ────────────────────────────────────────────────────────────────────────────────────────────────────────────────────  
   FAILED  Tests\Feature\MediaControllerTest > delete signature matches the scheme Cloudinary verifi…  QueryException   
  SQLSTATE[HY000]: General error: 1 unrecognized token: ""products"")" (Connection: sqlite, Database: :memory:, SQL: pragma index_list("products""))

  at vendor\laravel\framework\src\Illuminate\Database\Connection.php:420
    416▕             // For select statements, we'll simply execute the query and return an array
    417▕             // of the database result set. Each element in the array will be a single
    418▕             // row from the database table, and will either be an array or objects.
    419▕             $statement = $this->prepared(
  ➜ 420▕                 $this->getPdoForSelect($useReadPdo)->prepare($query)
    421▕             );
    422▕ 
    423▕             $this->bindValues($statement, $this->prepareBindings($bindings));
    424▕

  1   vendor\laravel\framework\src\Illuminate\Database\Connection.php:420
  2   vendor\laravel\framework\src\Illuminate\Database\Connection.php:827

  ────────────────────────────────────────────────────────────────────────────────────────────────────────────────────  
   FAILED  Tests\Feature\MediaControllerTest > media listing authenticates against the Cloudinary ad…  QueryException   
  SQLSTATE[HY000]: General error: 1 unrecognized token: ""products"")" (Connection: sqlite, Database: :memory:, SQL: pragma index_list("products""))

  at vendor\laravel\framework\src\Illuminate\Database\Connection.php:420
    416▕             // For select statements, we'll simply execute the query and return an array
    417▕             // of the database result set. Each element in the array will be a single
    418▕             // row from the database table, and will either be an array or objects.
    419▕             $statement = $this->prepared(
  ➜ 420▕                 $this->getPdoForSelect($useReadPdo)->prepare($query)
    421▕             );
    422▕ 
    423▕             $this->bindValues($statement, $this->prepareBindings($bindings));
    424▕

  1   vendor\laravel\framework\src\Illuminate\Database\Connection.php:420
  2   vendor\laravel\framework\src\Illuminate\Database\Connection.php:827

  ────────────────────────────────────────────────────────────────────────────────────────────────────────────────────  
   FAILED  Tests\Feature\OrderCouponCaptureTest > applying a coupon persists it on the cart and chec…  QueryException   
  SQLSTATE[HY000]: General error: 1 unrecognized token: ""products"")" (Connection: sqlite, Database: :memory:, SQL: pragma index_list("products""))

  at vendor\laravel\framework\src\Illuminate\Database\Connection.php:420
    416▕             // For select statements, we'll simply execute the query and return an array
    417▕             // of the database result set. Each element in the array will be a single
    418▕             // row from the database table, and will either be an array or objects.
    419▕             $statement = $this->prepared(
  ➜ 420▕                 $this->getPdoForSelect($useReadPdo)->prepare($query)
    421▕             );
    422▕ 
    423▕             $this->bindValues($statement, $this->prepareBindings($bindings));
    424▕

  1   vendor\laravel\framework\src\Illuminate\Database\Connection.php:420
  2   vendor\laravel\framework\src\Illuminate\Database\Connection.php:827

  ────────────────────────────────────────────────────────────────────────────────────────────────────────────────────  
   FAILED  Tests\Feature\OrderCouponCaptureTest > admin order detail returns the coupon block          QueryException   
  SQLSTATE[HY000]: General error: 1 unrecognized token: ""products"")" (Connection: sqlite, Database: :memory:, SQL: pragma index_list("products""))

  at vendor\laravel\framework\src\Illuminate\Database\Connection.php:420
    416▕             // For select statements, we'll simply execute the query and return an array
    417▕             // of the database result set. Each element in the array will be a single
    418▕             // row from the database table, and will either be an array or objects.
    419▕             $statement = $this->prepared(
  ➜ 420▕                 $this->getPdoForSelect($useReadPdo)->prepare($query)
    421▕             );
    422▕ 
    423▕             $this->bindValues($statement, $this->prepareBindings($bindings));
    424▕

  1   vendor\laravel\framework\src\Illuminate\Database\Connection.php:420
  2   vendor\laravel\framework\src\Illuminate\Database\Connection.php:827

  ────────────────────────────────────────────────────────────────────────────────────────────────────────────────────  
   FAILED  Tests\Feature\OrderCouponCaptureTest > orders without a coupon expose a null coupon block   QueryException   
  SQLSTATE[HY000]: General error: 1 unrecognized token: ""products"")" (Connection: sqlite, Database: :memory:, SQL: pragma index_list("products""))

  at vendor\laravel\framework\src\Illuminate\Database\Connection.php:420
    416▕             // For select statements, we'll simply execute the query and return an array
    417▕             // of the database result set. Each element in the array will be a single
    418▕             // row from the database table, and will either be an array or objects.
    419▕             $statement = $this->prepared(
  ➜ 420▕                 $this->getPdoForSelect($useReadPdo)->prepare($query)
    421▕             );
    422▕ 
    423▕             $this->bindValues($statement, $this->prepareBindings($bindings));
    424▕

  1   vendor\laravel\framework\src\Illuminate\Database\Connection.php:420
  2   vendor\laravel\framework\src\Illuminate\Database\Connection.php:827

  ────────────────────────────────────────────────────────────────────────────────────────────────────────────────────  
   FAILED  Tests\Feature\StockServiceTest > stock movements update inventory and create audit histor…  QueryException   
  SQLSTATE[HY000]: General error: 1 unrecognized token: ""products"")" (Connection: sqlite, Database: :memory:, SQL: pragma index_list("products""))

  at vendor\laravel\framework\src\Illuminate\Database\Connection.php:420
    416▕             // For select statements, we'll simply execute the query and return an array
    417▕             // of the database result set. Each element in the array will be a single
    418▕             // row from the database table, and will either be an array or objects.
    419▕             $statement = $this->prepared(
  ➜ 420▕                 $this->getPdoForSelect($useReadPdo)->prepare($query)
    421▕             );
    422▕ 
    423▕             $this->bindValues($statement, $this->prepareBindings($bindings));
    424▕

  1   vendor\laravel\framework\src\Illuminate\Database\Connection.php:420
  2   vendor\laravel\framework\src\Illuminate\Database\Connection.php:827


  Tests:    216 failed, 6 passed (9 assertions)
  Duration: 27.06s

composer : Script @php artisan test handling the test event returned with error code 2
At line:1 char:323
+ ... tch {} } }; cd D:\bekie-service; composer test --compact 2>&1 | tee t ...
+                                      ~~~~~~~~~~~~~~~~~~~~~~~~~~~~
    + CategoryInfo          : NotSpecified: (Script @php art...th error code 2:String) [], RemoteException
    + FullyQualifiedErrorId : NativeCommandError
 
